
> @tka/composer@0.23.0 test
> vitest --config tests/config/vitest.config.ts


[1m[46m RUN [49m[22m [36mv4.0.18 [39m[90mE:/tka-platform[39m

 [31m❯[39m tests/unit/ContinuationIdentifier.test.ts [2m([22m[2m0 test[22m[2m)[22m
 [31m❯[39m tests/unit/card-sizes.test.ts [2m([22m[2m0 test[22m[2m)[22m
 [31m❯[39m tests/unit/ArrowCollisionResolver.test.ts [2m([22m[2m0 test[22m[2m)[22m
 [31m❯[39m tests/unit/level-feature-detector.test.ts [2m([22m[2m0 test[22m[2m)[22m
 [31m❯[39m tests/unit/SoloPropFactory.test.ts [2m([22m[2m0 test[22m[2m)[22m
 [31m❯[39m tests/unit/HandPathDataBuilder.test.ts [2m([22m[2m0 test[22m[2m)[22m
 [31m❯[39m tests/unit/SequenceDecomposer.test.ts [2m([22m[2m0 test[22m[2m)[22m
 [31m❯[39m tests/unit/MandalaGeometryCalculator.test.ts [2m([22m[2m0 test[22m[2m)[22m
 [31m❯[39m tests/unit/avatar-plane-mode-derivation.test.ts [2m([22m[2m0 test[22m[2m)[22m
 [31m❯[39m tests/unit/getMandalaPlacements.test.ts [2m([22m[2m0 test[22m[2m)[22m
 [31m❯[39m tests/unit/PlatformDetector.test.ts [2m([22m[2m0 test[22m[2m)[22m
 [31m❯[39m tests/unit/CellCacheKeyDeriver.test.ts [2m([22m[2m0 test[22m[2m)[22m
 [31m❯[39m tests/unit/reversal-matcher.test.ts [2m([22m[2m0 test[22m[2m)[22m
 [31m❯[39m tests/unit/deck-membership.test.ts [2m([22m[2m0 test[22m[2m)[22m
 [31m❯[39m tests/unit/PendingActionQueue.test.ts [2m([22m[2m0 test[22m[2m)[22m
 [31m❯[39m tests/unit/StepDeriver.test.ts [2m([22m[2m0 test[22m[2m)[22m
 [31m❯[39m tests/unit/SequenceComposer.test.ts [2m([22m[2m0 test[22m[2m)[22m
 [31m❯[39m tests/unit/HandPathFactory.test.ts [2m([22m[2m0 test[22m[2m)[22m
 [31m❯[39m tests/unit/PropPositionCalculator.test.ts [2m([22m[2m0 test[22m[2m)[22m
 [31m❯[39m tests/unit/effect-primary-param.test.ts [2m([22m[2m0 test[22m[2m)[22m
 [31m❯[39m tests/unit/3d/GameBridge.test.ts [2m([22m[2m0 test[22m[2m)[22m
 [31m❯[39m tests/unit/VtgRatioDeriver.test.ts [2m([22m[2m0 test[22m[2m)[22m
 [31m❯[39m tests/unit/TurnManager.test.ts [2m([22m[2m0 test[22m[2m)[22m
 [31m❯[39m tests/unit/SequenceFuser.test.ts [2m([22m[2m0 test[22m[2m)[22m
 [31m❯[39m tests/unit/3d/plane-normals.test.ts [2m([22m[2m0 test[22m[2m)[22m
 [31m❯[39m tests/unit/PendingActionQueueIntegration.test.ts [2m([22m[2m0 test[22m[2m)[22m
 [31m❯[39m tests/unit/3d/plane-mode-offsets.test.ts [2m([22m[2m0 test[22m[2m)[22m
 [31m❯[39m tests/unit/WebviewDetector.test.ts [2m([22m[2m0 test[22m[2m)[22m
 [31m❯[39m tests/unit/effect-registry.test.ts [2m([22m[2m0 test[22m[2m)[22m
 [31m❯[39m tests/unit/StartPositionInfo.test.ts [2m([22m[2m0 test[22m[2m)[22m
 [31m❯[39m tests/unit/3d/sequence-converter-plane.test.ts [2m([22m[2m0 test[22m[2m)[22m
 [31m❯[39m tests/unit/3d/ResourceDisposal.test.ts [2m([22m[2m0 test[22m[2m)[22m
 [31m❯[39m tests/unit/3d-effects/dynamic-light-manager.test.ts [2m([22m[2m0 test[22m[2m)[22m
 [31m❯[39m tests/unit/3d-effects/charcoal-renderer.test.ts [2m([22m[2m0 test[22m[2m)[22m
 [31m❯[39m tests/unit/3d-effects/quality-tier-detector.test.ts [2m([22m[2m0 test[22m[2m)[22m
 [31m❯[39m tests/unit/3d/PropOrientation.test.ts [2m([22m[2m0 test[22m[2m)[22m
 [31m❯[39m tests/unit/3d-effects/trail-ring-buffer.test.ts [2m([22m[2m0 test[22m[2m)[22m
 [31m❯[39m tests/unit/3d-effects/led-renderer.test.ts [2m([22m[2m0 test[22m[2m)[22m
 [31m❯[39m tests/unit/3d-animation/ClipBasedTurnAnimator.test.ts [2m([22m[2m0 test[22m[2m)[22m
 [31m❯[39m tests/unit/3d-animation/HingeConstrainedLegIKSolver.test.ts [2m([22m[2m0 test[22m[2m)[22m
 [31m❯[39m tests/unit/3d-animation/CrouchSystem.test.ts [2m([22m[2m0 test[22m[2m)[22m
 [31m❯[39m tests/unit/3d-animation/ContactCurveCache.test.ts [2m([22m[2m0 test[22m[2m)[22m
 [31m❯[39m tests/unit/3d-animation/FingerAnimator.test.ts [2m([22m[2m0 test[22m[2m)[22m
 [31m❯[39m tests/unit/3d-effects/tip-position-bridge.test.ts [2m([22m[2m0 test[22m[2m)[22m
 [31m❯[39m tests/unit/3d-animation/ElbowPoleComputer.test.ts [2m([22m[2m0 test[22m[2m)[22m
 [31m❯[39m tests/unit/3d-animation/KneeHingeAxisCalibrator.test.ts [2m([22m[2m0 test[22m[2m)[22m
 [31m❯[39m tests/unit/3d-animation/RootMotionExtractor-yaw.test.ts [2m([22m[2m0 test[22m[2m)[22m
 [31m❯[39m tests/unit/3d-animation/ClavicleRaiser.test.ts [2m([22m[2m0 test[22m[2m)[22m
 [31m❯[39m tests/unit/3d-animation/SpineTwister.test.ts [2m([22m[2m0 test[22m[2m)[22m
 [31m❯[39m tests/unit/3d-animation/GripPose.test.ts [2m([22m[2m0 test[22m[2m)[22m
 [31m❯[39m tests/unit/3d-animation/staff-grip-poses.test.ts [2m([22m[2m0 test[22m[2m)[22m
 [31m❯[39m tests/unit/3d-animation/spine-twist.test.ts [2m([22m[2m0 test[22m[2m)[22m
 [31m❯[39m tests/unit/animation-engine/noise.test.ts [2m([22m[2m0 test[22m[2m)[22m
 [31m❯[39m tests/unit/3d-animation/user-proportions.test.ts [2m([22m[2m0 test[22m[2m)[22m
 [31m❯[39m tests/unit/animation-engine/pattern-registry.test.ts [2m([22m[2m0 test[22m[2m)[22m
 [31m❯[39m tests/unit/animation-engine/color-presets.test.ts [2m([22m[2m0 test[22m[2m)[22m
 [31m❯[39m tests/unit/animation-engine/endless-playback-state.test.ts [2m([22m[2m0 test[22m[2m)[22m
 [31m❯[39m tests/unit/scene-3d-render-state.test.ts [2m([22m[2m5 tests[22m[2m | [22m[31m2 failed[39m[2m)[22m[32m 14[2mms[22m[39m
     [32m✓[39m defaults motion to disabled with intensity 0.5[32m 3[2mms[22m[39m
[31m     [31m×[31m toggles blur independently of speedLines[39m[32m 5[2mms[22m[39m
[31m     [31m×[31m clamps intensity to [0, 1][39m[32m 1[2mms[22m[39m
     [32m✓[39m round-trips through replace()[32m 3[2mms[22m[39m
     [32m✓[39m accepts an initial config in the factory[32m 0[2mms[22m[39m
 [31m❯[39m tests/unit/animation-engine/sequence-chaining-orchestrator.test.ts [2m([22m[2m0 test[22m[2m)[22m
 [31m❯[39m tests/unit/animation-engine/animation-engine-effort-resolver.test.ts [2m([22m[2m0 test[22m[2m)[22m
 [31m❯[39m tests/unit/animation-engine/tail-recession.test.ts [2m([22m[2m0 test[22m[2m)[22m
 [31m❯[39m tests/unit/auth/access-tier.test.ts [2m([22m[2m0 test[22m[2m)[22m
 [31m❯[39m tests/unit/3d-viewer/fish-species-config.test.ts [2m([22m[2m0 test[22m[2m)[22m
 [31m❯[39m tests/unit/3d-viewer/species-rotation.test.ts [2m([22m[2m0 test[22m[2m)[22m
 [31m❯[39m tests/unit/3d-viewer/viewer3d-scope.test.ts [2m([22m[2m0 test[22m[2m)[22m
 [31m❯[39m tests/unit/animation-engine/pattern-evaluators.test.ts [2m([22m[2m0 test[22m[2m)[22m
 [31m❯[39m tests/unit/3d-hierarchy/performer-rig-transforms.test.ts [2m([22m[2m0 test[22m[2m)[22m
 [31m❯[39m tests/unit/collision-lab/candidate-generator.test.ts [2m([22m[2m0 test[22m[2m)[22m
 [31m❯[39m tests/unit/collision-lab/stance-optimizer.test.ts [2m([22m[2m0 test[22m[2m)[22m
 [31m❯[39m tests/unit/collision-lab/stance-simulator.test.ts [2m([22m[2m0 test[22m[2m)[22m
 [31m❯[39m tests/unit/3d-viewer/fish-event-system.test.ts [2m([22m[2m0 test[22m[2m)[22m
 [31m❯[39m tests/unit/auth/guest-access-config.test.ts [2m([22m[2m0 test[22m[2m)[22m
 [31m❯[39m tests/unit/compose/transform-migration.test.ts [2m([22m[2m0 test[22m[2m)[22m
 [31m❯[39m tests/unit/collision-lab/collision-lab-state.test.ts [2m([22m[2m0 test[22m[2m)[22m
 [31m❯[39m tests/unit/3d-viewer/viewer3d-integration.test.ts [2m([22m[2m0 test[22m[2m)[22m
 [31m❯[39m tests/unit/collision-lab/DiamondPoseEnumerator.test.ts [2m([22m[2m0 test[22m[2m)[22m
 [31m❯[39m tests/unit/3d-viewer/fish-threat-matrix.test.ts [2m([22m[2m0 test[22m[2m)[22m
 [31m❯[39m tests/unit/library/fork-detection.test.ts [2m([22m[2m0 test[22m[2m)[22m
 [31m❯[39m tests/unit/indoor/RoomValidator.test.ts [2m([22m[2m0 test[22m[2m)[22m
 [31m❯[39m tests/unit/3d-viewer/viewer3d-undo-manager.test.ts [2m([22m[2m0 test[22m[2m)[22m
 [31m❯[39m tests/unit/3d-viewer/prop-size-link.test.ts [2m([22m[2m0 test[22m[2m)[22m
 [31m❯[39m tests/unit/3d-viewer/fish-locomotion-params.test.ts [2m([22m[2m0 test[22m[2m)[22m
 [31m❯[39m tests/unit/compose/cell-transform-stack.test.ts [2m([22m[2m0 test[22m[2m)[22m
 [31m❯[39m tests/unit/collision-lab/LocalPoseLabelRepository.test.ts [2m([22m[2m0 test[22m[2m)[22m
 [31m❯[39m tests/unit/library/content-hash-duplicate.test.ts [2m([22m[2m0 test[22m[2m)[22m
 [31m❯[39m tests/unit/library/library-events.test.ts [2m([22m[2m0 test[22m[2m)[22m
 [31m❯[39m tests/unit/deck-browse/deck-browse-filters.test.ts [2m([22m[2m0 test[22m[2m)[22m
 [31m❯[39m tests/unit/infinite-generator/orientation-cycle-chaining.test.ts [2m([22m[2m0 test[22m[2m)[22m
 [31m❯[39m tests/unit/indoor/RoomGeometryBuilder.test.ts [2m([22m[2m0 test[22m[2m)[22m
 [31m❯[39m tests/unit/loop-labeler/loop-modal-copy.test.ts [2m([22m[2m0 test[22m[2m)[22m
 [31m❯[39m tests/unit/museum/GraphLayoutEngine.test.ts [2m([22m[2m0 test[22m[2m)[22m
 [31m❯[39m tests/unit/comparison/MotionSignatureGenerator.test.ts [2m([22m[2m0 test[22m[2m)[22m
 [31m❯[39m tests/unit/loop/SwappedInvertedLOOPExecutor.test.ts [2m([22m[2m0 test[22m[2m)[22m
 [31m❯[39m tests/unit/museum/MuseumGeometryScaling.test.ts [2m([22m[2m0 test[22m[2m)[22m
 [31m❯[39m tests/unit/library/SequenceContentHasher.test.ts [2m([22m[2m0 test[22m[2m)[22m
 [31m❯[39m tests/unit/loop-labeler/LOOPDetector.test.ts [2m([22m[2m0 test[22m[2m)[22m
 [31m❯[39m tests/unit/museum/MuseumGridSerializer.test.ts [2m([22m[2m0 test[22m[2m)[22m
 [31m❯[39m tests/unit/loop-labeler/loop-display-resolver.test.ts [2m([22m[2m0 test[22m[2m)[22m
 [31m❯[39m tests/unit/museum/MuseumGridConnectivity.test.ts [2m([22m[2m0 test[22m[2m)[22m
 [31m❯[39m tests/unit/museum/layout-calculator.test.ts [2m([22m[2m0 test[22m[2m)[22m
 [31m❯[39m tests/unit/comparison/SpatialTransformDetector.test.ts [2m([22m[2m0 test[22m[2m)[22m
 [31m❯[39m tests/unit/museum/ProximityGrid.test.ts [2m([22m[2m0 test[22m[2m)[22m
 [31m❯[39m tests/unit/pill-nav/pill-summaries.test.ts [2m([22m[2m0 test[22m[2m)[22m
 [31m❯[39m tests/unit/museum/RoomGraphInvariants.test.ts [2m([22m[2m0 test[22m[2m)[22m
 [31m❯[39m tests/unit/museum/room-descriptor.test.ts [2m([22m[2m0 test[22m[2m)[22m
 [31m❯[39m tests/unit/prop-system/PresentationResolver.test.ts [2m([22m[2m0 test[22m[2m)[22m
 [31m❯[39m tests/unit/poi/pov-trail-ring.test.ts [2m([22m[2m0 test[22m[2m)[22m
 [31m❯[39m tests/unit/poi/image-pattern-loader.test.ts [2m([22m[2m0 test[22m[2m)[22m
 [31m❯[39m tests/unit/museum/MuseumPhysicsProvider.test.ts [2m([22m[2m0 test[22m[2m)[22m
 [31m❯[39m tests/unit/museum/room-lifecycle-manager.test.ts [2m([22m[2m0 test[22m[2m)[22m
 [31m❯[39m tests/unit/render-graph/trail-mesh.test.ts [2m([22m[2m0 test[22m[2m)[22m
 [31m❯[39m tests/unit/sequence-viewer/viewer-visibility-state.test.ts [2m([22m[2m0 test[22m[2m)[22m
 [31m❯[39m tests/unit/museum/TileGridAnalyzer.test.ts [2m([22m[2m0 test[22m[2m)[22m
 [31m❯[39m tests/unit/museum/WallSegmentTypes.test.ts [2m([22m[2m0 test[22m[2m)[22m
 [31m❯[39m tests/unit/services/CompositionalEncoding.test.ts [2m([22m[2m0 test[22m[2m)[22m
 [31m❯[39m tests/unit/poi/open-pixel-poi-adapter.test.ts [2m([22m[2m0 test[22m[2m)[22m
 [31m❯[39m tests/unit/render/TextRendererGlyphs.test.ts [2m([22m[2m0 test[22m[2m)[22m
 [31m❯[39m tests/unit/prop-system/CreatorPropFilter.test.ts [2m([22m[2m0 test[22m[2m)[22m
 [31m❯[39m tests/unit/prop-system/PropPreferencePersister.test.ts [2m([22m[2m0 test[22m[2m)[22m
 [31m❯[39m tests/unit/render-graph/TrailTranslator.test.ts [2m([22m[2m0 test[22m[2m)[22m
 [31m❯[39m tests/unit/services/sequence-codec.test.ts [2m([22m[2m0 test[22m[2m)[22m
 [31m❯[39m tests/unit/poi/strip-pattern-engine.test.ts [2m([22m[2m0 test[22m[2m)[22m
 [31m❯[39m tests/unit/render/WordTokenizer.test.ts [2m([22m[2m0 test[22m[2m)[22m
 [31m❯[39m tests/unit/scene-features/scene-feature-state.test.ts [2m([22m[2m0 test[22m[2m)[22m
 [31m❯[39m tests/unit/services/SequenceEncoder.verifyRoundTrip.test.ts [2m([22m[2m0 test[22m[2m)[22m
 [31m❯[39m tests/unit/stage/clip-registry.test.ts [2m([22m[2m0 test[22m[2m)[22m
 [31m❯[39m tests/unit/spatial-lab/body-rotation-solver.test.ts [2m([22m[2m0 test[22m[2m)[22m
 [31m❯[39m tests/unit/spatial-lab/plane-split-detector.test.ts [2m([22m[2m0 test[22m[2m)[22m
 [31m❯[39m tests/unit/services/SequenceEncoder.test.ts [2m([22m[2m0 test[22m[2m)[22m
 [31m❯[39m tests/unit/spatial-lab/projection.test.ts [2m([22m[2m0 test[22m[2m)[22m
 [31m❯[39m tests/unit/services/DeviceIdService.test.ts [2m([22m[2m0 test[22m[2m)[22m
 [31m❯[39m tests/unit/spatial-lab/grid-snap.test.ts [2m([22m[2m0 test[22m[2m)[22m
 [31m❯[39m tests/unit/services/SequenceHydrator.test.ts [2m([22m[2m0 test[22m[2m)[22m
 [31m❯[39m tests/unit/sync/HybridLogicalClock.test.ts [2m([22m[2m0 test[22m[2m)[22m
 [31m❯[39m tests/unit/spatial-lab/sequence-mode.test.ts [2m([22m[2m0 test[22m[2m)[22m
 [31m❯[39m tests/unit/sync/StateMerger.test.ts [2m([22m[2m0 test[22m[2m)[22m
 [31m❯[39m tests/unit/spatial-lab/reach-calculator.test.ts [2m([22m[2m0 test[22m[2m)[22m
 [31m❯[39m tests/unit/stage/formation-interpolator.test.ts [2m([22m[2m0 test[22m[2m)[22m
 [31m❯[39m tests/unit/themes-lab/themes-lab-state.test.ts [2m([22m[2m0 test[22m[2m)[22m
 [31m❯[39m tests/unit/spatial-lab/crossing-detector.test.ts [2m([22m[2m0 test[22m[2m)[22m
 [31m❯[39m tests/unit/sticker-lab/sticker-lab-state.test.ts [2m([22m[2m0 test[22m[2m)[22m
 [31m❯[39m tests/unit/sticker-lab/StickerSheetPdfExporter.test.ts [2m([22m[2m0 test[22m[2m)[22m
 [31m❯[39m tests/unit/sync/PlaybackPositionCalculator.test.ts [2m([22m[2m0 test[22m[2m)[22m
 [31m❯[39m tests/unit/tika/svg-sanitizer.test.ts [2m([22m[2m0 test[22m[2m)[22m
 [31m❯[39m tests/unit/state/ReversalDetectionService.test.ts [2m([22m[2m0 test[22m[2m)[22m
 [31m❯[39m tests/unit/themes-lab/theme-types.test.ts [2m([22m[2m0 test[22m[2m)[22m
 [31m❯[39m tests/unit/video-export/CameraKeyframeInterpolator.test.ts [2m([22m[2m0 test[22m[2m)[22m
 [31m❯[39m tests/unit/timeline/animator-playback-adapter.test.ts [2m([22m[2m0 test[22m[2m)[22m
 [31m❯[39m tests/unit/sticker-lab/sticker-types.test.ts [2m([22m[2m0 test[22m[2m)[22m
 [31m❯[39m tests/unit/sticker-lab/LocalStickerSheetRepository.test.ts [2m([22m[2m0 test[22m[2m)[22m
 [31m❯[39m tests/unit/video-trails/led-threshold-detector.test.ts [2m([22m[2m0 test[22m[2m)[22m
 [31m❯[39m tests/unit/sticker-lab/StickerUnitRenderer.test.ts [2m([22m[2m0 test[22m[2m)[22m
 [31m❯[39m tests/unit/video-trails/color-endpoint-detector.test.ts [2m([22m[2m0 test[22m[2m)[22m
 [31m❯[39m tests/unit/village/EgoIntegration.test.ts [2m([22m[2m0 test[22m[2m)[22m
 [31m❯[39m tests/unit/village/CircleSystem.test.ts [2m([22m[2m0 test[22m[2m)[22m
 [31m❯[39m tests/unit/timeline/avatar-playback-adapter.test.ts [2m([22m[2m0 test[22m[2m)[22m
 [31m❯[39m tests/unit/video-export/CameraKeyframeBuffer.test.ts [2m([22m[2m0 test[22m[2m)[22m
 [31m❯[39m tests/unit/village/GiftIntegration.test.ts [2m([22m[2m0 test[22m[2m)[22m
 [31m❯[39m tests/unit/village/MonumentSystem.test.ts [2m([22m[2m0 test[22m[2m)[22m
 [31m❯[39m tests/unit/video-export/CanvasFrameCapturer.test.ts [2m([22m[2m0 test[22m[2m)[22m
 [31m❯[39m tests/unit/village/FuneralSystem.test.ts [2m([22m[2m0 test[22m[2m)[22m
 [31m❯[39m tests/unit/village/PerformanceSystem.test.ts [2m([22m[2m0 test[22m[2m)[22m
 [31m❯[39m tests/unit/village/PopulationSystem.test.ts [2m([22m[2m0 test[22m[2m)[22m
 [31m❯[39m tests/unit/video-trails/video-tip-adapter.test.ts [2m([22m[2m0 test[22m[2m)[22m
 [31m❯[39m tests/unit/video-trails/detection-corrector.test.ts [2m([22m[2m0 test[22m[2m)[22m
 [31m❯[39m tests/unit/village/DecaySystem.test.ts [2m([22m[2m0 test[22m[2m)[22m
 [31m❯[39m tests/unit/village/StyleDriftSystem.test.ts [2m([22m[2m0 test[22m[2m)[22m
 [31m❯[39m tests/unit/village/TeachingSystem.test.ts [2m([22m[2m0 test[22m[2m)[22m
 [31m❯[39m tests/unit/village/LifecycleSystem.test.ts [2m([22m[2m0 test[22m[2m)[22m
 [31m❯[39m tests/unit/village/SeasonSystem.test.ts [2m([22m[2m0 test[22m[2m)[22m
 [31m❯[39m tests/unit/village/PropSystem.test.ts [2m([22m[2m0 test[22m[2m)[22m
 [31m❯[39m tests/unit/village/ProximityLearningSystem.test.ts [2m([22m[2m0 test[22m[2m)[22m
 [31m❯[39m tests/unit/village/PersonalityGenerator.test.ts [2m([22m[2m0 test[22m[2m)[22m
 [31m❯[39m tests/unit/village/VillageWorld.test.ts [2m([22m[2m0 test[22m[2m)[22m
 [31m❯[39m tests/unit/village/MovementSystem.test.ts [2m([22m[2m0 test[22m[2m)[22m
 [31m❯[39m tests/unit/3d/state/avatar-instance-state-per-performer-effort.test.ts [2m([22m[2m0 test[22m[2m)[22m
 [31m❯[39m tests/unit/3d/state/viewer-3d-state-effort-resolver-wiring.test.ts [2m([22m[2m0 test[22m[2m)[22m
 [31m❯[39m tests/unit/village/RecombinationSystem.test.ts [2m([22m[2m0 test[22m[2m)[22m
 [31m❯[39m tests/unit/village/SocialSystem.test.ts [2m([22m[2m0 test[22m[2m)[22m
 [31m❯[39m tests/unit/effects/compat/vm-shim.test.ts [2m([22m[2m0 test[22m[2m)[22m
 [31m❯[39m tests/unit/effects/domain/default-config.test.ts [2m([22m[2m0 test[22m[2m)[22m
 [31m❯[39m tests/unit/village/VillageOrchestrator.test.ts [2m([22m[2m0 test[22m[2m)[22m
 [31m❯[39m tests/unit/effects/translators/canvas2d-translator.test.ts [2m([22m[2m0 test[22m[2m)[22m
 [31m❯[39m tests/unit/village/StyleInheritance.test.ts [2m([22m[2m0 test[22m[2m)[22m
 [31m❯[39m tests/unit/effects/translators/zap-translator.test.ts [2m([22m[2m0 test[22m[2m)[22m
 [31m❯[39m tests/unit/3d/state/performer-prop-resolution.test.ts [2m([22m[2m0 test[22m[2m)[22m
 [31m❯[39m tests/unit/3d/state/viewer-3d-state-popover-stack.test.ts [2m([22m[2m0 test[22m[2m)[22m
 [31m❯[39m tests/unit/3d/state/avatar-instance-state-settings.test.ts [2m([22m[2m0 test[22m[2m)[22m
 [31m❯[39m tests/unit/3d/scene-features/scene-feature-registry.test.ts [2m([22m[2m0 test[22m[2m)[22m
 [31m❯[39m tests/unit/loop-labeler/detection/detect-uniform-pattern.test.ts [2m([22m[2m0 test[22m[2m)[22m
 [31m❯[39m tests/unit/effects/state/effects-config-state.test.ts [2m([22m[2m0 test[22m[2m)[22m
 [31m❯[39m tests/unit/pictograph/tka-glyph/turn-tuple-parser.test.ts [2m([22m[2m0 test[22m[2m)[22m
 [31m❯[39m tests/unit/effects/domain/preset-patches.test.ts [2m([22m[2m0 test[22m[2m)[22m
 [31m❯[39m tests/unit/loop-labeler/detection/merge-intervals.test.ts [2m([22m[2m0 test[22m[2m)[22m
 [31m❯[39m tests/unit/shared/firestore/firestore-helpers.test.ts [2m([22m[2m0 test[22m[2m)[22m
stderr | tests/unit/3d-viewer/formation-presets.test.ts
THREE.WARNING: Multiple instances of Three.js being imported.

 [31m❯[39m tests/unit/effects/translators/webgl3d-translator.test.ts [2m([22m[2m0 test[22m[2m)[22m
 [32m✓[39m tests/unit/effort-easing-unified.test.ts [2m([22m[2m31 tests[22m[2m)[22m[32m 41[2mms[22m[39m
 [32m✓[39m tests/unit/render/DimensionCalculationService.test.ts [2m([22m[2m64 tests[22m[2m)[22m[32m 14[2mms[22m[39m
 [32m✓[39m tests/unit/EffortHapticMapper.test.ts [2m([22m[2m34 tests[22m[2m)[22m[32m 13[2mms[22m[39m
 [31m❯[39m tests/unit/loop-labeler/detection/apply-strict-prefix.test.ts [2m([22m[2m0 test[22m[2m)[22m
 [31m❯[39m tests/unit/shared/firestore/firestore-crud.test.ts [2m([22m[2m0 test[22m[2m)[22m
 [31m❯[39m tests/unit/loop-labeler/detection/build-candidates.test.ts [2m([22m[2m0 test[22m[2m)[22m
 [31m❯[39m tests/unit/loop-labeler/detection/loop-type-definitions.test.ts [2m([22m[2m0 test[22m[2m)[22m
 [32m✓[39m tests/unit/utils/word-simplifier.test.ts [2m([22m[2m33 tests[22m[2m)[22m[32m 11[2mms[22m[39m
 [31m❯[39m tests/unit/loop-labeler/detection/run-unanimity-checks.test.ts [2m([22m[2m0 test[22m[2m)[22m
 [32m✓[39m tests/unit/CircularBuffer.test.ts [2m([22m[2m21 tests[22m[2m)[22m[32m 7[2mms[22m[39m
 [31m❯[39m tests/unit/features/create/generate/loop-viability-service.test.ts [2m([22m[2m0 test[22m[2m)[22m
 [32m✓[39m tests/unit/reversal-pattern-transform.test.ts [2m([22m[2m32 tests[22m[2m)[22m[32m 11[2mms[22m[39m
 [32m✓[39m tests/unit/pictograph/GridPositionDeriver.test.ts [2m([22m[2m68 tests[22m[2m)[22m[32m 17[2mms[22m[39m
 [32m✓[39m tests/unit/museum/WallSegmentStamper.test.ts [2m([22m[2m5 tests[22m[2m)[22m[32m 6[2mms[22m[39m
 [32m✓[39m tests/unit/arrow-adjustment/GlobalArrowAdjustment.test.ts [2m([22m[2m30 tests[22m[2m)[22m[32m 10[2mms[22m[39m
 [32m✓[39m tests/unit/RatingCalculator.test.ts [2m([22m[2m16 tests[22m[2m)[22m[32m 6[2mms[22m[39m
 [32m✓[39m tests/unit/effects/migrations.test.ts [2m([22m[2m3 tests[22m[2m)[22m[32m 4[2mms[22m[39m
 [32m✓[39m tests/unit/spatial-lab/reachability-taxonomy.test.ts [2m([22m[2m6 tests[22m[2m)[22m[32m 4[2mms[22m[39m
 [32m✓[39m tests/unit/animation-engine/tip-effect-resolver.test.ts [2m([22m[2m29 tests[22m[2m)[22m[32m 6[2mms[22m[39m
 [32m✓[39m tests/unit/loop-labeler/LOOPIconStrip.test.ts [2m([22m[2m8 tests[22m[2m)[22m[32m 13[2mms[22m[39m
 [32m✓[39m tests/unit/PropGeometryAdjustment.test.ts [2m([22m[2m14 tests[22m[2m)[22m[32m 5[2mms[22m[39m
 [32m✓[39m tests/unit/3d-animation/AvatarAnimator-blend.test.ts [2m([22m[2m7 tests[22m[2m)[22m[32m 3[2mms[22m[39m
 [32m✓[39m tests/unit/bento/columns-stepper.test.ts [2m([22m[2m5 tests[22m[2m)[22m[32m 3[2mms[22m[39m
 [32m✓[39m tests/unit/haptic-feedback.test.ts [2m([22m[2m7 tests[22m[2m)[22m[32m 6[2mms[22m[39m
 [32m✓[39m tests/unit/camera-choreography/auto-orbit-shot.test.ts [2m([22m[2m5 tests[22m[2m)[22m[32m 3[2mms[22m[39m
 [32m✓[39m tests/unit/LayoutCalculator.test.ts [2m([22m[2m6 tests[22m[2m)[22m[32m 3[2mms[22m[39m
 [32m✓[39m tests/unit/camera-choreography/preset-evaluation.test.ts [2m([22m[2m5 tests[22m[2m)[22m[32m 3[2mms[22m[39m
 [31m❯[39m tests/unit/3d-viewer/formation-presets.test.ts [2m([22m[2m0 test[22m[2m)[22m
stderr | tests/unit/3d-viewer/performer-positions.test.ts
THREE.WARNING: Multiple instances of Three.js being imported.

 [32m✓[39m tests/unit/3d-viewer/performer-positions.test.ts [2m([22m[2m9 tests[22m[2m)[22m[32m 4[2mms[22m[39m

⎯⎯⎯⎯⎯ Failed Suites 202 ⎯⎯⎯⎯⎯⎯

 FAIL  tests/unit/ArrowCollisionResolver.test.ts [ tests/unit/ArrowCollisionResolver.test.ts ]
Error: Failed to resolve import "$lib/features/choreo-card/services/arrow-collision-resolver" from "tests/unit/ArrowCollisionResolver.test.ts". Does the file exist?
  Plugin: vite:import-analysis
  File: E:/tka-platform/tests/unit/ArrowCollisionResolver.test.ts:12:34
  1  |  import { describe, it, expect } from "vitest";
  2  |  import { resolveCollisions } from "$lib/features/choreo-card/services/arrow-collision-resolver";
     |                                     ^
  3  |  import { buildFromTrace } from "$lib/features/choreo-card/services/hand-path-data-builder";
  4  |  import { GridLocation } from "$lib/shared/pictograph/grid/domain/enums/grid-enums";
 ❯ TransformPluginContext._formatLog node_modules/.pnpm/vite@7.3.1_@types+node@25.2_a52f0677b877553bd4d89f99f5dd7425/node_modules/vite/dist/node/chunks/config.js:28999:43
 ❯ TransformPluginContext.error node_modules/.pnpm/vite@7.3.1_@types+node@25.2_a52f0677b877553bd4d89f99f5dd7425/node_modules/vite/dist/node/chunks/config.js:28996:14
 ❯ normalizeUrl node_modules/.pnpm/vite@7.3.1_@types+node@25.2_a52f0677b877553bd4d89f99f5dd7425/node_modules/vite/dist/node/chunks/config.js:27119:18
 ❯ node_modules/.pnpm/vite@7.3.1_@types+node@25.2_a52f0677b877553bd4d89f99f5dd7425/node_modules/vite/dist/node/chunks/config.js:27177:32
 ❯ TransformPluginContext.transform node_modules/.pnpm/vite@7.3.1_@types+node@25.2_a52f0677b877553bd4d89f99f5dd7425/node_modules/vite/dist/node/chunks/config.js:27145:4
 ❯ EnvironmentPluginContainer.transform node_modules/.pnpm/vite@7.3.1_@types+node@25.2_a52f0677b877553bd4d89f99f5dd7425/node_modules/vite/dist/node/chunks/config.js:28797:14
 ❯ loadAndTransform node_modules/.pnpm/vite@7.3.1_@types+node@25.2_a52f0677b877553bd4d89f99f5dd7425/node_modules/vite/dist/node/chunks/config.js:22670:26

⎯⎯⎯⎯⎯⎯⎯⎯⎯⎯⎯⎯⎯⎯⎯⎯⎯⎯⎯⎯⎯⎯[1/204]⎯

 FAIL  tests/unit/avatar-plane-mode-derivation.test.ts [ tests/unit/avatar-plane-mode-derivation.test.ts ]
Error: Failed to resolve import "$lib/shared/3d/domain/enums/Plane" from "tests/unit/avatar-plane-mode-derivation.test.ts". Does the file exist?
  Plugin: vite:import-analysis
  File: E:/tka-platform/tests/unit/avatar-plane-mode-derivation.test.ts:2:22
  1  |  import { describe, it, expect } from "vitest";
  2  |  import { Plane } from "$lib/shared/3d/domain/enums/Plane";
     |                         ^
  3  |  import { PlaneMode } from "$lib/shared/3d/domain/enums/PlaneMode";
  4  |  import { derivePlaneModeFromHands } from "$lib/shared/3d/state/avatar-instance-state.svelte";
 ❯ TransformPluginContext._formatLog node_modules/.pnpm/vite@7.3.1_@types+node@25.2_a52f0677b877553bd4d89f99f5dd7425/node_modules/vite/dist/node/chunks/config.js:28999:43
 ❯ TransformPluginContext.error node_modules/.pnpm/vite@7.3.1_@types+node@25.2_a52f0677b877553bd4d89f99f5dd7425/node_modules/vite/dist/node/chunks/config.js:28996:14
 ❯ normalizeUrl node_modules/.pnpm/vite@7.3.1_@types+node@25.2_a52f0677b877553bd4d89f99f5dd7425/node_modules/vite/dist/node/chunks/config.js:27119:18
 ❯ node_modules/.pnpm/vite@7.3.1_@types+node@25.2_a52f0677b877553bd4d89f99f5dd7425/node_modules/vite/dist/node/chunks/config.js:27177:32
 ❯ TransformPluginContext.transform node_modules/.pnpm/vite@7.3.1_@types+node@25.2_a52f0677b877553bd4d89f99f5dd7425/node_modules/vite/dist/node/chunks/config.js:27145:4
 ❯ EnvironmentPluginContainer.transform node_modules/.pnpm/vite@7.3.1_@types+node@25.2_a52f0677b877553bd4d89f99f5dd7425/node_modules/vite/dist/node/chunks/config.js:28797:14
 ❯ loadAndTransform node_modules/.pnpm/vite@7.3.1_@types+node@25.2_a52f0677b877553bd4d89f99f5dd7425/node_modules/vite/dist/node/chunks/config.js:22670:26

⎯⎯⎯⎯⎯⎯⎯⎯⎯⎯⎯⎯⎯⎯⎯⎯⎯⎯⎯⎯⎯⎯[2/204]⎯

 FAIL  tests/unit/card-sizes.test.ts [ tests/unit/card-sizes.test.ts ]
Error: Failed to resolve import "$lib/features/choreo-card/domain/card-sizes" from "tests/unit/card-sizes.test.ts". Does the file exist?
  Plugin: vite:import-analysis
  File: E:/tka-platform/tests/unit/card-sizes.test.ts:2:42
  1  |  import { describe, it, expect } from "vitest";
  2  |  import { CARD_SIZES, getPageLayout } from "$lib/features/choreo-card/domain/card-sizes";
     |                                             ^
  3  |  describe("CARD_SIZES", () => {
  4  |    it("poker dimensions match existing MPC constants", () => {
 ❯ TransformPluginContext._formatLog node_modules/.pnpm/vite@7.3.1_@types+node@25.2_a52f0677b877553bd4d89f99f5dd7425/node_modules/vite/dist/node/chunks/config.js:28999:43
 ❯ TransformPluginContext.error node_modules/.pnpm/vite@7.3.1_@types+node@25.2_a52f0677b877553bd4d89f99f5dd7425/node_modules/vite/dist/node/chunks/config.js:28996:14
 ❯ normalizeUrl node_modules/.pnpm/vite@7.3.1_@types+node@25.2_a52f0677b877553bd4d89f99f5dd7425/node_modules/vite/dist/node/chunks/config.js:27119:18
 ❯ node_modules/.pnpm/vite@7.3.1_@types+node@25.2_a52f0677b877553bd4d89f99f5dd7425/node_modules/vite/dist/node/chunks/config.js:27177:32
 ❯ TransformPluginContext.transform node_modules/.pnpm/vite@7.3.1_@types+node@25.2_a52f0677b877553bd4d89f99f5dd7425/node_modules/vite/dist/node/chunks/config.js:27145:4
 ❯ EnvironmentPluginContainer.transform node_modules/.pnpm/vite@7.3.1_@types+node@25.2_a52f0677b877553bd4d89f99f5dd7425/node_modules/vite/dist/node/chunks/config.js:28797:14
 ❯ loadAndTransform node_modules/.pnpm/vite@7.3.1_@types+node@25.2_a52f0677b877553bd4d89f99f5dd7425/node_modules/vite/dist/node/chunks/config.js:22670:26

⎯⎯⎯⎯⎯⎯⎯⎯⎯⎯⎯⎯⎯⎯⎯⎯⎯⎯⎯⎯⎯⎯[3/204]⎯

 FAIL  tests/unit/CellCacheKeyDeriver.test.ts [ tests/unit/CellCacheKeyDeriver.test.ts ]
Error: Failed to resolve import "$lib/shared/sequence-viewer/services/implementations/CellCacheKeyDeriver" from "tests/unit/CellCacheKeyDeriver.test.ts". Does the file exist?
  Plugin: vite:import-analysis
  File: E:/tka-platform/tests/unit/CellCacheKeyDeriver.test.ts:14:0
  2  |    getSettings: () => ({ bluePropType: "staff", redPropType: "staff" })
  3  |  }));
  4  |  const __vi_import_0__ = await import("$lib/shared/sequence-viewer/services/implementations/CellCacheKeyDeriver");
     |                                       ^
  5  |  const __vi_import_1__ = await import("$lib/shared/render/services/implementations/PictographKeyHasher");
  6  |  const __vi_import_2__ = await import("$lib/shared/pictograph/prop/domain/enums/PropType");
 ❯ TransformPluginContext._formatLog node_modules/.pnpm/vite@7.3.1_@types+node@25.2_a52f0677b877553bd4d89f99f5dd7425/node_modules/vite/dist/node/chunks/config.js:28999:43
 ❯ TransformPluginContext.error node_modules/.pnpm/vite@7.3.1_@types+node@25.2_a52f0677b877553bd4d89f99f5dd7425/node_modules/vite/dist/node/chunks/config.js:28996:14
 ❯ normalizeUrl node_modules/.pnpm/vite@7.3.1_@types+node@25.2_a52f0677b877553bd4d89f99f5dd7425/node_modules/vite/dist/node/chunks/config.js:27119:18
 ❯ node_modules/.pnpm/vite@7.3.1_@types+node@25.2_a52f0677b877553bd4d89f99f5dd7425/node_modules/vite/dist/node/chunks/config.js:27177:32
 ❯ TransformPluginContext.transform node_modules/.pnpm/vite@7.3.1_@types+node@25.2_a52f0677b877553bd4d89f99f5dd7425/node_modules/vite/dist/node/chunks/config.js:27145:4
 ❯ EnvironmentPluginContainer.transform node_modules/.pnpm/vite@7.3.1_@types+node@25.2_a52f0677b877553bd4d89f99f5dd7425/node_modules/vite/dist/node/chunks/config.js:28797:14
 ❯ loadAndTransform node_modules/.pnpm/vite@7.3.1_@types+node@25.2_a52f0677b877553bd4d89f99f5dd7425/node_modules/vite/dist/node/chunks/config.js:22670:26

⎯⎯⎯⎯⎯⎯⎯⎯⎯⎯⎯⎯⎯⎯⎯⎯⎯⎯⎯⎯⎯⎯[4/204]⎯

 FAIL  tests/unit/ContinuationIdentifier.test.ts [ tests/unit/ContinuationIdentifier.test.ts ]
Error: Failed to resolve import "$lib/features/create/construct/option-picker/services/continuation-identifier" from "tests/unit/ContinuationIdentifier.test.ts". Does the file exist?
  Plugin: vite:import-analysis
  File: E:/tka-platform/tests/unit/ContinuationIdentifier.test.ts:10:37
  1  |  import { describe, it, expect } from "vitest";
  2  |  import { identifyContinuation } from "$lib/features/create/construct/option-picker/services/continuation-identifier";
     |                                        ^
  3  |  import { createMotionData } from "$lib/shared/pictograph/shared/domain/models/MotionData";
  4  |  import { GridLocation } from "$lib/shared/pictograph/grid/domain/enums/grid-enums";
 ❯ TransformPluginContext._formatLog node_modules/.pnpm/vite@7.3.1_@types+node@25.2_a52f0677b877553bd4d89f99f5dd7425/node_modules/vite/dist/node/chunks/config.js:28999:43
 ❯ TransformPluginContext.error node_modules/.pnpm/vite@7.3.1_@types+node@25.2_a52f0677b877553bd4d89f99f5dd7425/node_modules/vite/dist/node/chunks/config.js:28996:14
 ❯ normalizeUrl node_modules/.pnpm/vite@7.3.1_@types+node@25.2_a52f0677b877553bd4d89f99f5dd7425/node_modules/vite/dist/node/chunks/config.js:27119:18
 ❯ node_modules/.pnpm/vite@7.3.1_@types+node@25.2_a52f0677b877553bd4d89f99f5dd7425/node_modules/vite/dist/node/chunks/config.js:27177:32
 ❯ TransformPluginContext.transform node_modules/.pnpm/vite@7.3.1_@types+node@25.2_a52f0677b877553bd4d89f99f5dd7425/node_modules/vite/dist/node/chunks/config.js:27145:4
 ❯ EnvironmentPluginContainer.transform node_modules/.pnpm/vite@7.3.1_@types+node@25.2_a52f0677b877553bd4d89f99f5dd7425/node_modules/vite/dist/node/chunks/config.js:28797:14
 ❯ loadAndTransform node_modules/.pnpm/vite@7.3.1_@types+node@25.2_a52f0677b877553bd4d89f99f5dd7425/node_modules/vite/dist/node/chunks/config.js:22670:26

⎯⎯⎯⎯⎯⎯⎯⎯⎯⎯⎯⎯⎯⎯⎯⎯⎯⎯⎯⎯⎯⎯[5/204]⎯

 FAIL  tests/unit/deck-membership.test.ts [ tests/unit/deck-membership.test.ts ]
Error: Failed to resolve import "$lib/features/choreo-card/domain/deck-membership" from "tests/unit/deck-membership.test.ts". Does the file exist?
  Plugin: vite:import-analysis
  File: E:/tka-platform/tests/unit/deck-membership.test.ts:2:52
  1  |  import { describe, it, expect } from "vitest";
  2  |  import { buildSignals, resolveDeckMembership } from "$lib/features/choreo-card/domain/deck-membership";
     |                                                       ^
  3  |  function seq(partial) {
  4  |    return {
 ❯ TransformPluginContext._formatLog node_modules/.pnpm/vite@7.3.1_@types+node@25.2_a52f0677b877553bd4d89f99f5dd7425/node_modules/vite/dist/node/chunks/config.js:28999:43
 ❯ TransformPluginContext.error node_modules/.pnpm/vite@7.3.1_@types+node@25.2_a52f0677b877553bd4d89f99f5dd7425/node_modules/vite/dist/node/chunks/config.js:28996:14
 ❯ normalizeUrl node_modules/.pnpm/vite@7.3.1_@types+node@25.2_a52f0677b877553bd4d89f99f5dd7425/node_modules/vite/dist/node/chunks/config.js:27119:18
 ❯ node_modules/.pnpm/vite@7.3.1_@types+node@25.2_a52f0677b877553bd4d89f99f5dd7425/node_modules/vite/dist/node/chunks/config.js:27177:32
 ❯ TransformPluginContext.transform node_modules/.pnpm/vite@7.3.1_@types+node@25.2_a52f0677b877553bd4d89f99f5dd7425/node_modules/vite/dist/node/chunks/config.js:27145:4
 ❯ EnvironmentPluginContainer.transform node_modules/.pnpm/vite@7.3.1_@types+node@25.2_a52f0677b877553bd4d89f99f5dd7425/node_modules/vite/dist/node/chunks/config.js:28797:14
 ❯ loadAndTransform node_modules/.pnpm/vite@7.3.1_@types+node@25.2_a52f0677b877553bd4d89f99f5dd7425/node_modules/vite/dist/node/chunks/config.js:22670:26

⎯⎯⎯⎯⎯⎯⎯⎯⎯⎯⎯⎯⎯⎯⎯⎯⎯⎯⎯⎯⎯⎯[6/204]⎯

 FAIL  tests/unit/effect-primary-param.test.ts [ tests/unit/effect-primary-param.test.ts ]
Error: Failed to resolve import "$lib/shared/3d/undo/getSceneUndoManager" from "src/lib/shared/effects/state/effects-config-state.svelte.ts". Does the file exist?
  Plugin: vite:import-analysis
  File: E:/tka-platform/src/lib/shared/effects/state/effects-config-state.svelte.ts:34:36
  3  |  import { DEFAULT_EFFECTS_CONFIG } from "../domain/defaults";
  4  |  import { EFFECTS_CONFIG_VERSION } from "../domain/EffectsConfig";
  5  |  import { getSceneUndoManager } from "$lib/shared/3d/undo/getSceneUndoManager";
     |                                       ^
  6  |  import { charcoalParamsToSemantic } from "$lib/shared/animation-engine/domain/types/CharcoalSparkTypes";
  7  |  
 ❯ TransformPluginContext._formatLog node_modules/.pnpm/vite@7.3.1_@types+node@25.2_a52f0677b877553bd4d89f99f5dd7425/node_modules/vite/dist/node/chunks/config.js:28999:43
 ❯ TransformPluginContext.error node_modules/.pnpm/vite@7.3.1_@types+node@25.2_a52f0677b877553bd4d89f99f5dd7425/node_modules/vite/dist/node/chunks/config.js:28996:14
 ❯ normalizeUrl node_modules/.pnpm/vite@7.3.1_@types+node@25.2_a52f0677b877553bd4d89f99f5dd7425/node_modules/vite/dist/node/chunks/config.js:27119:18
 ❯ node_modules/.pnpm/vite@7.3.1_@types+node@25.2_a52f0677b877553bd4d89f99f5dd7425/node_modules/vite/dist/node/chunks/config.js:27177:32
 ❯ TransformPluginContext.transform node_modules/.pnpm/vite@7.3.1_@types+node@25.2_a52f0677b877553bd4d89f99f5dd7425/node_modules/vite/dist/node/chunks/config.js:27145:4
 ❯ EnvironmentPluginContainer.transform node_modules/.pnpm/vite@7.3.1_@types+node@25.2_a52f0677b877553bd4d89f99f5dd7425/node_modules/vite/dist/node/chunks/config.js:28797:14
 ❯ loadAndTransform node_modules/.pnpm/vite@7.3.1_@types+node@25.2_a52f0677b877553bd4d89f99f5dd7425/node_modules/vite/dist/node/chunks/config.js:22670:26

⎯⎯⎯⎯⎯⎯⎯⎯⎯⎯⎯⎯⎯⎯⎯⎯⎯⎯⎯⎯⎯⎯[7/204]⎯

 FAIL  tests/unit/effect-registry.test.ts [ tests/unit/effect-registry.test.ts ]
Error: Failed to resolve import "$lib/shared/utils/svg-color-utils" from "src/lib/shared/animation-engine/components/effects-panel/presets/trail-presets.ts". Does the file exist?
  Plugin: vite:import-analysis
  File: E:/tka-platform/src/lib/shared/animation-engine/components/effects-panel/presets/trail-presets.ts:12:31
  1  |  import { getMotionColor } from "$lib/shared/utils/svg-color-utils";
     |                                  ^
  2  |  import { MotionColor } from "$lib/shared/pictograph/shared/domain/enums/pictograph-enums";
  3  |  const DEFAULT_BLUE = getMotionColor(MotionColor.BLUE, "dark");
 ❯ TransformPluginContext._formatLog node_modules/.pnpm/vite@7.3.1_@types+node@25.2_a52f0677b877553bd4d89f99f5dd7425/node_modules/vite/dist/node/chunks/config.js:28999:43
 ❯ TransformPluginContext.error node_modules/.pnpm/vite@7.3.1_@types+node@25.2_a52f0677b877553bd4d89f99f5dd7425/node_modules/vite/dist/node/chunks/config.js:28996:14
 ❯ normalizeUrl node_modules/.pnpm/vite@7.3.1_@types+node@25.2_a52f0677b877553bd4d89f99f5dd7425/node_modules/vite/dist/node/chunks/config.js:27119:18
 ❯ node_modules/.pnpm/vite@7.3.1_@types+node@25.2_a52f0677b877553bd4d89f99f5dd7425/node_modules/vite/dist/node/chunks/config.js:27177:32
 ❯ TransformPluginContext.transform node_modules/.pnpm/vite@7.3.1_@types+node@25.2_a52f0677b877553bd4d89f99f5dd7425/node_modules/vite/dist/node/chunks/config.js:27145:4
 ❯ EnvironmentPluginContainer.transform node_modules/.pnpm/vite@7.3.1_@types+node@25.2_a52f0677b877553bd4d89f99f5dd7425/node_modules/vite/dist/node/chunks/config.js:28797:14
 ❯ loadAndTransform node_modules/.pnpm/vite@7.3.1_@types+node@25.2_a52f0677b877553bd4d89f99f5dd7425/node_modules/vite/dist/node/chunks/config.js:22670:26

⎯⎯⎯⎯⎯⎯⎯⎯⎯⎯⎯⎯⎯⎯⎯⎯⎯⎯⎯⎯⎯⎯[8/204]⎯

 FAIL  tests/unit/getMandalaPlacements.test.ts [ tests/unit/getMandalaPlacements.test.ts ]
Error: Failed to resolve import "$lib/shared/sequence-viewer/services/getMandalaPlacements" from "tests/unit/getMandalaPlacements.test.ts". Does the file exist?
  Plugin: vite:import-analysis
  File: E:/tka-platform/tests/unit/getMandalaPlacements.test.ts:5:7
  2  |  import {
  3  |    getMandalaPlacements
  4  |  } from "$lib/shared/sequence-viewer/services/getMandalaPlacements";
     |          ^
  5  |  function args(overrides = {}) {
  6  |    return {
 ❯ TransformPluginContext._formatLog node_modules/.pnpm/vite@7.3.1_@types+node@25.2_a52f0677b877553bd4d89f99f5dd7425/node_modules/vite/dist/node/chunks/config.js:28999:43
 ❯ TransformPluginContext.error node_modules/.pnpm/vite@7.3.1_@types+node@25.2_a52f0677b877553bd4d89f99f5dd7425/node_modules/vite/dist/node/chunks/config.js:28996:14
 ❯ normalizeUrl node_modules/.pnpm/vite@7.3.1_@types+node@25.2_a52f0677b877553bd4d89f99f5dd7425/node_modules/vite/dist/node/chunks/config.js:27119:18
 ❯ node_modules/.pnpm/vite@7.3.1_@types+node@25.2_a52f0677b877553bd4d89f99f5dd7425/node_modules/vite/dist/node/chunks/config.js:27177:32
 ❯ TransformPluginContext.transform node_modules/.pnpm/vite@7.3.1_@types+node@25.2_a52f0677b877553bd4d89f99f5dd7425/node_modules/vite/dist/node/chunks/config.js:27145:4
 ❯ EnvironmentPluginContainer.transform node_modules/.pnpm/vite@7.3.1_@types+node@25.2_a52f0677b877553bd4d89f99f5dd7425/node_modules/vite/dist/node/chunks/config.js:28797:14
 ❯ loadAndTransform node_modules/.pnpm/vite@7.3.1_@types+node@25.2_a52f0677b877553bd4d89f99f5dd7425/node_modules/vite/dist/node/chunks/config.js:22670:26

⎯⎯⎯⎯⎯⎯⎯⎯⎯⎯⎯⎯⎯⎯⎯⎯⎯⎯⎯⎯⎯⎯[9/204]⎯

 FAIL  tests/unit/HandPathDataBuilder.test.ts [ tests/unit/HandPathDataBuilder.test.ts ]
Error: Failed to resolve import "$lib/features/choreo-card/services/hand-path-data-builder" from "tests/unit/HandPathDataBuilder.test.ts". Does the file exist?
  Plugin: vite:import-analysis
  File: E:/tka-platform/tests/unit/HandPathDataBuilder.test.ts:2:69
  1  |  import { describe, it, expect } from "vitest";
  2  |  ...arseHandPathId, buildFromTrace, buildFromHandPathId } from "$lib/features/choreo-card/services/hand-path-data-builder
     |                                                                 ^
  3  |  import {
  4  |    GridLocation,
 ❯ TransformPluginContext._formatLog node_modules/.pnpm/vite@7.3.1_@types+node@25.2_a52f0677b877553bd4d89f99f5dd7425/node_modules/vite/dist/node/chunks/config.js:28999:43
 ❯ TransformPluginContext.error node_modules/.pnpm/vite@7.3.1_@types+node@25.2_a52f0677b877553bd4d89f99f5dd7425/node_modules/vite/dist/node/chunks/config.js:28996:14
 ❯ normalizeUrl node_modules/.pnpm/vite@7.3.1_@types+node@25.2_a52f0677b877553bd4d89f99f5dd7425/node_modules/vite/dist/node/chunks/config.js:27119:18
 ❯ node_modules/.pnpm/vite@7.3.1_@types+node@25.2_a52f0677b877553bd4d89f99f5dd7425/node_modules/vite/dist/node/chunks/config.js:27177:32
 ❯ TransformPluginContext.transform node_modules/.pnpm/vite@7.3.1_@types+node@25.2_a52f0677b877553bd4d89f99f5dd7425/node_modules/vite/dist/node/chunks/config.js:27145:4
 ❯ EnvironmentPluginContainer.transform node_modules/.pnpm/vite@7.3.1_@types+node@25.2_a52f0677b877553bd4d89f99f5dd7425/node_modules/vite/dist/node/chunks/config.js:28797:14
 ❯ loadAndTransform node_modules/.pnpm/vite@7.3.1_@types+node@25.2_a52f0677b877553bd4d89f99f5dd7425/node_modules/vite/dist/node/chunks/config.js:22670:26

⎯⎯⎯⎯⎯⎯⎯⎯⎯⎯⎯⎯⎯⎯⎯⎯⎯⎯⎯⎯⎯[10/204]⎯

 FAIL  tests/unit/HandPathFactory.test.ts [ tests/unit/HandPathFactory.test.ts ]
Error: Failed to resolve import "$lib/shared/foundation/services/hand-path-factory" from "tests/unit/HandPathFactory.test.ts". Does the file exist?
  Plugin: vite:import-analysis
  File: E:/tka-platform/tests/unit/HandPathFactory.test.ts:10:31
  1  |  import { describe, it, expect } from "vitest";
  2  |  import { createHandPath } from "$lib/shared/foundation/services/hand-path-factory";
     |                                  ^
  3  |  import {
  4  |    GridLocation,
 ❯ TransformPluginContext._formatLog node_modules/.pnpm/vite@7.3.1_@types+node@25.2_a52f0677b877553bd4d89f99f5dd7425/node_modules/vite/dist/node/chunks/config.js:28999:43
 ❯ TransformPluginContext.error node_modules/.pnpm/vite@7.3.1_@types+node@25.2_a52f0677b877553bd4d89f99f5dd7425/node_modules/vite/dist/node/chunks/config.js:28996:14
 ❯ normalizeUrl node_modules/.pnpm/vite@7.3.1_@types+node@25.2_a52f0677b877553bd4d89f99f5dd7425/node_modules/vite/dist/node/chunks/config.js:27119:18
 ❯ node_modules/.pnpm/vite@7.3.1_@types+node@25.2_a52f0677b877553bd4d89f99f5dd7425/node_modules/vite/dist/node/chunks/config.js:27177:32
 ❯ TransformPluginContext.transform node_modules/.pnpm/vite@7.3.1_@types+node@25.2_a52f0677b877553bd4d89f99f5dd7425/node_modules/vite/dist/node/chunks/config.js:27145:4
 ❯ EnvironmentPluginContainer.transform node_modules/.pnpm/vite@7.3.1_@types+node@25.2_a52f0677b877553bd4d89f99f5dd7425/node_modules/vite/dist/node/chunks/config.js:28797:14
 ❯ loadAndTransform node_modules/.pnpm/vite@7.3.1_@types+node@25.2_a52f0677b877553bd4d89f99f5dd7425/node_modules/vite/dist/node/chunks/config.js:22670:26

⎯⎯⎯⎯⎯⎯⎯⎯⎯⎯⎯⎯⎯⎯⎯⎯⎯⎯⎯⎯⎯[11/204]⎯

 FAIL  tests/unit/level-feature-detector.test.ts [ tests/unit/level-feature-detector.test.ts ]
Error: Failed to resolve import "$lib/shared/domain/curriculum/level-feature-detector" from "tests/unit/level-feature-detector.test.ts". Does the file exist?
  Plugin: vite:import-analysis
  File: E:/tka-platform/tests/unit/level-feature-detector.test.ts:2:36
  1  |  import { describe, it, expect } from "vitest";
  2  |  import { detectLevelFeatures } from "$lib/shared/domain/curriculum/level-feature-detector";
     |                                       ^
  3  |  function seq(partial) {
  4  |    return {
 ❯ TransformPluginContext._formatLog node_modules/.pnpm/vite@7.3.1_@types+node@25.2_a52f0677b877553bd4d89f99f5dd7425/node_modules/vite/dist/node/chunks/config.js:28999:43
 ❯ TransformPluginContext.error node_modules/.pnpm/vite@7.3.1_@types+node@25.2_a52f0677b877553bd4d89f99f5dd7425/node_modules/vite/dist/node/chunks/config.js:28996:14
 ❯ normalizeUrl node_modules/.pnpm/vite@7.3.1_@types+node@25.2_a52f0677b877553bd4d89f99f5dd7425/node_modules/vite/dist/node/chunks/config.js:27119:18
 ❯ node_modules/.pnpm/vite@7.3.1_@types+node@25.2_a52f0677b877553bd4d89f99f5dd7425/node_modules/vite/dist/node/chunks/config.js:27177:32
 ❯ TransformPluginContext.transform node_modules/.pnpm/vite@7.3.1_@types+node@25.2_a52f0677b877553bd4d89f99f5dd7425/node_modules/vite/dist/node/chunks/config.js:27145:4
 ❯ EnvironmentPluginContainer.transform node_modules/.pnpm/vite@7.3.1_@types+node@25.2_a52f0677b877553bd4d89f99f5dd7425/node_modules/vite/dist/node/chunks/config.js:28797:14
 ❯ loadAndTransform node_modules/.pnpm/vite@7.3.1_@types+node@25.2_a52f0677b877553bd4d89f99f5dd7425/node_modules/vite/dist/node/chunks/config.js:22670:26

⎯⎯⎯⎯⎯⎯⎯⎯⎯⎯⎯⎯⎯⎯⎯⎯⎯⎯⎯⎯⎯[12/204]⎯

 FAIL  tests/unit/MandalaGeometryCalculator.test.ts [ tests/unit/MandalaGeometryCalculator.test.ts ]
Error: Failed to resolve import "$lib/shared/mandala/services/implementations/MandalaGeometryCalculator" from "tests/unit/MandalaGeometryCalculator.test.ts". Does the file exist?
  Plugin: vite:import-analysis
  File: E:/tka-platform/tests/unit/MandalaGeometryCalculator.test.ts:5:42
  3  |  import { fileURLToPath } from "url";
  4  |  import { dirname, join } from "path";
  5  |  import { MandalaGeometryCalculator } from "$lib/shared/mandala/services/implementations/MandalaGeometryCalculator";
     |                                             ^
  6  |  import {
  7  |    DEFAULT_TIP_INSET_PX,
 ❯ TransformPluginContext._formatLog node_modules/.pnpm/vite@7.3.1_@types+node@25.2_a52f0677b877553bd4d89f99f5dd7425/node_modules/vite/dist/node/chunks/config.js:28999:43
 ❯ TransformPluginContext.error node_modules/.pnpm/vite@7.3.1_@types+node@25.2_a52f0677b877553bd4d89f99f5dd7425/node_modules/vite/dist/node/chunks/config.js:28996:14
 ❯ normalizeUrl node_modules/.pnpm/vite@7.3.1_@types+node@25.2_a52f0677b877553bd4d89f99f5dd7425/node_modules/vite/dist/node/chunks/config.js:27119:18
 ❯ node_modules/.pnpm/vite@7.3.1_@types+node@25.2_a52f0677b877553bd4d89f99f5dd7425/node_modules/vite/dist/node/chunks/config.js:27177:32
 ❯ TransformPluginContext.transform node_modules/.pnpm/vite@7.3.1_@types+node@25.2_a52f0677b877553bd4d89f99f5dd7425/node_modules/vite/dist/node/chunks/config.js:27145:4
 ❯ EnvironmentPluginContainer.transform node_modules/.pnpm/vite@7.3.1_@types+node@25.2_a52f0677b877553bd4d89f99f5dd7425/node_modules/vite/dist/node/chunks/config.js:28797:14
 ❯ loadAndTransform node_modules/.pnpm/vite@7.3.1_@types+node@25.2_a52f0677b877553bd4d89f99f5dd7425/node_modules/vite/dist/node/chunks/config.js:22670:26

⎯⎯⎯⎯⎯⎯⎯⎯⎯⎯⎯⎯⎯⎯⎯⎯⎯⎯⎯⎯⎯[13/204]⎯

 FAIL  tests/unit/PendingActionQueue.test.ts [ tests/unit/PendingActionQueue.test.ts ]
Error: Failed to resolve import "$lib/shared/sequence-viewer/services/implementations/PendingActionQueue" from "tests/unit/PendingActionQueue.test.ts". Does the file exist?
  Plugin: vite:import-analysis
  File: E:/tka-platform/tests/unit/PendingActionQueue.test.ts:2:58
  1  |  import { describe, it, expect, beforeEach, vi } from "vitest";
  2  |  import { PendingActionQueue, PENDING_ACTION_TTL_MS } from "$lib/shared/sequence-viewer/services/implementations/Pendi...
     |                                                             ^
  3  |  describe("PendingActionQueue", () => {
  4  |    let queue;
 ❯ TransformPluginContext._formatLog node_modules/.pnpm/vite@7.3.1_@types+node@25.2_a52f0677b877553bd4d89f99f5dd7425/node_modules/vite/dist/node/chunks/config.js:28999:43
 ❯ TransformPluginContext.error node_modules/.pnpm/vite@7.3.1_@types+node@25.2_a52f0677b877553bd4d89f99f5dd7425/node_modules/vite/dist/node/chunks/config.js:28996:14
 ❯ normalizeUrl node_modules/.pnpm/vite@7.3.1_@types+node@25.2_a52f0677b877553bd4d89f99f5dd7425/node_modules/vite/dist/node/chunks/config.js:27119:18
 ❯ node_modules/.pnpm/vite@7.3.1_@types+node@25.2_a52f0677b877553bd4d89f99f5dd7425/node_modules/vite/dist/node/chunks/config.js:27177:32
 ❯ TransformPluginContext.transform node_modules/.pnpm/vite@7.3.1_@types+node@25.2_a52f0677b877553bd4d89f99f5dd7425/node_modules/vite/dist/node/chunks/config.js:27145:4
 ❯ EnvironmentPluginContainer.transform node_modules/.pnpm/vite@7.3.1_@types+node@25.2_a52f0677b877553bd4d89f99f5dd7425/node_modules/vite/dist/node/chunks/config.js:28797:14
 ❯ loadAndTransform node_modules/.pnpm/vite@7.3.1_@types+node@25.2_a52f0677b877553bd4d89f99f5dd7425/node_modules/vite/dist/node/chunks/config.js:22670:26

⎯⎯⎯⎯⎯⎯⎯⎯⎯⎯⎯⎯⎯⎯⎯⎯⎯⎯⎯⎯⎯[14/204]⎯

 FAIL  tests/unit/PendingActionQueueIntegration.test.ts [ tests/unit/PendingActionQueueIntegration.test.ts ]
Error: Failed to resolve import "$lib/shared/sequence-viewer/services/implementations/PendingActionQueue" from "tests/unit/PendingActionQueueIntegration.test.ts". Does the file exist?
  Plugin: vite:import-analysis
  File: E:/tka-platform/tests/unit/PendingActionQueueIntegration.test.ts:2:35
  1  |  import { describe, it, expect, beforeEach, vi } from "vitest";
  2  |  import { PendingActionQueue } from "$lib/shared/sequence-viewer/services/implementations/PendingActionQueue";
     |                                      ^
  3  |  describe("PendingActionQueue — URL bootstrap and replay", () => {
  4  |    let queue;
 ❯ TransformPluginContext._formatLog node_modules/.pnpm/vite@7.3.1_@types+node@25.2_a52f0677b877553bd4d89f99f5dd7425/node_modules/vite/dist/node/chunks/config.js:28999:43
 ❯ TransformPluginContext.error node_modules/.pnpm/vite@7.3.1_@types+node@25.2_a52f0677b877553bd4d89f99f5dd7425/node_modules/vite/dist/node/chunks/config.js:28996:14
 ❯ normalizeUrl node_modules/.pnpm/vite@7.3.1_@types+node@25.2_a52f0677b877553bd4d89f99f5dd7425/node_modules/vite/dist/node/chunks/config.js:27119:18
 ❯ node_modules/.pnpm/vite@7.3.1_@types+node@25.2_a52f0677b877553bd4d89f99f5dd7425/node_modules/vite/dist/node/chunks/config.js:27177:32
 ❯ TransformPluginContext.transform node_modules/.pnpm/vite@7.3.1_@types+node@25.2_a52f0677b877553bd4d89f99f5dd7425/node_modules/vite/dist/node/chunks/config.js:27145:4
 ❯ EnvironmentPluginContainer.transform node_modules/.pnpm/vite@7.3.1_@types+node@25.2_a52f0677b877553bd4d89f99f5dd7425/node_modules/vite/dist/node/chunks/config.js:28797:14
 ❯ loadAndTransform node_modules/.pnpm/vite@7.3.1_@types+node@25.2_a52f0677b877553bd4d89f99f5dd7425/node_modules/vite/dist/node/chunks/config.js:22670:26

⎯⎯⎯⎯⎯⎯⎯⎯⎯⎯⎯⎯⎯⎯⎯⎯⎯⎯⎯⎯⎯[15/204]⎯

 FAIL  tests/unit/PlatformDetector.test.ts [ tests/unit/PlatformDetector.test.ts ]
Error: Failed to resolve import "$lib/shared/platform/services/platform-detector" from "tests/unit/PlatformDetector.test.ts". Does the file exist?
  Plugin: vite:import-analysis
  File: E:/tka-platform/tests/unit/PlatformDetector.test.ts:14:0
  8  |    browser: false
  9  |  }));
  10 |  const __vi_import_0__ = await import("$lib/shared/platform/services/platform-detector");
     |                                       ^
  11 |  const __vi_import_1__ = await import("@capacitor/core");
  12 |  import { describe, it, expect, vi, beforeEach } from "vitest";
 ❯ TransformPluginContext._formatLog node_modules/.pnpm/vite@7.3.1_@types+node@25.2_a52f0677b877553bd4d89f99f5dd7425/node_modules/vite/dist/node/chunks/config.js:28999:43
 ❯ TransformPluginContext.error node_modules/.pnpm/vite@7.3.1_@types+node@25.2_a52f0677b877553bd4d89f99f5dd7425/node_modules/vite/dist/node/chunks/config.js:28996:14
 ❯ normalizeUrl node_modules/.pnpm/vite@7.3.1_@types+node@25.2_a52f0677b877553bd4d89f99f5dd7425/node_modules/vite/dist/node/chunks/config.js:27119:18
 ❯ node_modules/.pnpm/vite@7.3.1_@types+node@25.2_a52f0677b877553bd4d89f99f5dd7425/node_modules/vite/dist/node/chunks/config.js:27177:32
 ❯ TransformPluginContext.transform node_modules/.pnpm/vite@7.3.1_@types+node@25.2_a52f0677b877553bd4d89f99f5dd7425/node_modules/vite/dist/node/chunks/config.js:27145:4
 ❯ EnvironmentPluginContainer.transform node_modules/.pnpm/vite@7.3.1_@types+node@25.2_a52f0677b877553bd4d89f99f5dd7425/node_modules/vite/dist/node/chunks/config.js:28797:14
 ❯ loadAndTransform node_modules/.pnpm/vite@7.3.1_@types+node@25.2_a52f0677b877553bd4d89f99f5dd7425/node_modules/vite/dist/node/chunks/config.js:22670:26

⎯⎯⎯⎯⎯⎯⎯⎯⎯⎯⎯⎯⎯⎯⎯⎯⎯⎯⎯⎯⎯[16/204]⎯

 FAIL  tests/unit/PropPositionCalculator.test.ts [ tests/unit/PropPositionCalculator.test.ts ]
Error: Failed to resolve import "$lib/shared/animation-engine/services/prop-position-calculator" from "tests/unit/PropPositionCalculator.test.ts". Does the file exist?
  Plugin: vite:import-analysis
  File: E:/tka-platform/tests/unit/PropPositionCalculator.test.ts:14:7
  4  |    calculatePropEndpoint,
  5  |    calculatePropEndpoints
  6  |  } from "$lib/shared/animation-engine/services/prop-position-calculator";
     |          ^
  7  |  const defaultConfig = {
  8  |    canvasSize: 500,
 ❯ TransformPluginContext._formatLog node_modules/.pnpm/vite@7.3.1_@types+node@25.2_a52f0677b877553bd4d89f99f5dd7425/node_modules/vite/dist/node/chunks/config.js:28999:43
 ❯ TransformPluginContext.error node_modules/.pnpm/vite@7.3.1_@types+node@25.2_a52f0677b877553bd4d89f99f5dd7425/node_modules/vite/dist/node/chunks/config.js:28996:14
 ❯ normalizeUrl node_modules/.pnpm/vite@7.3.1_@types+node@25.2_a52f0677b877553bd4d89f99f5dd7425/node_modules/vite/dist/node/chunks/config.js:27119:18
 ❯ node_modules/.pnpm/vite@7.3.1_@types+node@25.2_a52f0677b877553bd4d89f99f5dd7425/node_modules/vite/dist/node/chunks/config.js:27177:32
 ❯ TransformPluginContext.transform node_modules/.pnpm/vite@7.3.1_@types+node@25.2_a52f0677b877553bd4d89f99f5dd7425/node_modules/vite/dist/node/chunks/config.js:27145:4
 ❯ EnvironmentPluginContainer.transform node_modules/.pnpm/vite@7.3.1_@types+node@25.2_a52f0677b877553bd4d89f99f5dd7425/node_modules/vite/dist/node/chunks/config.js:28797:14
 ❯ loadAndTransform node_modules/.pnpm/vite@7.3.1_@types+node@25.2_a52f0677b877553bd4d89f99f5dd7425/node_modules/vite/dist/node/chunks/config.js:22670:26

⎯⎯⎯⎯⎯⎯⎯⎯⎯⎯⎯⎯⎯⎯⎯⎯⎯⎯⎯⎯⎯[17/204]⎯

 FAIL  tests/unit/reversal-matcher.test.ts [ tests/unit/reversal-matcher.test.ts ]
Error: Failed to resolve import "$lib/features/choreo-card/domain/reversal-matcher" from "tests/unit/reversal-matcher.test.ts". Does the file exist?
  Plugin: vite:import-analysis
  File: E:/tka-platform/tests/unit/reversal-matcher.test.ts:7:7
  5  |    matchReversalPatternId,
  6  |    stepToReversalSymbol
  7  |  } from "$lib/features/choreo-card/domain/reversal-matcher";
     |          ^
  8  |  function mk(symbols) {
  9  |    return [...symbols].map((s) => {
 ❯ TransformPluginContext._formatLog node_modules/.pnpm/vite@7.3.1_@types+node@25.2_a52f0677b877553bd4d89f99f5dd7425/node_modules/vite/dist/node/chunks/config.js:28999:43
 ❯ TransformPluginContext.error node_modules/.pnpm/vite@7.3.1_@types+node@25.2_a52f0677b877553bd4d89f99f5dd7425/node_modules/vite/dist/node/chunks/config.js:28996:14
 ❯ normalizeUrl node_modules/.pnpm/vite@7.3.1_@types+node@25.2_a52f0677b877553bd4d89f99f5dd7425/node_modules/vite/dist/node/chunks/config.js:27119:18
 ❯ node_modules/.pnpm/vite@7.3.1_@types+node@25.2_a52f0677b877553bd4d89f99f5dd7425/node_modules/vite/dist/node/chunks/config.js:27177:32
 ❯ TransformPluginContext.transform node_modules/.pnpm/vite@7.3.1_@types+node@25.2_a52f0677b877553bd4d89f99f5dd7425/node_modules/vite/dist/node/chunks/config.js:27145:4
 ❯ EnvironmentPluginContainer.transform node_modules/.pnpm/vite@7.3.1_@types+node@25.2_a52f0677b877553bd4d89f99f5dd7425/node_modules/vite/dist/node/chunks/config.js:28797:14
 ❯ loadAndTransform node_modules/.pnpm/vite@7.3.1_@types+node@25.2_a52f0677b877553bd4d89f99f5dd7425/node_modules/vite/dist/node/chunks/config.js:22670:26

⎯⎯⎯⎯⎯⎯⎯⎯⎯⎯⎯⎯⎯⎯⎯⎯⎯⎯⎯⎯⎯[18/204]⎯

 FAIL  tests/unit/SequenceComposer.test.ts [ tests/unit/SequenceComposer.test.ts ]
Error: Failed to resolve import "$lib/shared/foundation/services/implementations/SequenceComposer" from "tests/unit/SequenceComposer.test.ts". Does the file exist?
  Plugin: vite:import-analysis
  File: E:/tka-platform/tests/unit/SequenceComposer.test.ts:2:32
  1  |  import { describe, it, expect } from "vitest";
  2  |  import { combineSequence } from "$lib/shared/foundation/services/implementations/SequenceComposer";
     |                                   ^
  3  |  import { createSoloProp } from "$lib/shared/foundation/services/solo-prop-factory";
  4  |  import { GridLocation } from "$lib/shared/pictograph/grid/domain/enums/grid-enums";
 ❯ TransformPluginContext._formatLog node_modules/.pnpm/vite@7.3.1_@types+node@25.2_a52f0677b877553bd4d89f99f5dd7425/node_modules/vite/dist/node/chunks/config.js:28999:43
 ❯ TransformPluginContext.error node_modules/.pnpm/vite@7.3.1_@types+node@25.2_a52f0677b877553bd4d89f99f5dd7425/node_modules/vite/dist/node/chunks/config.js:28996:14
 ❯ normalizeUrl node_modules/.pnpm/vite@7.3.1_@types+node@25.2_a52f0677b877553bd4d89f99f5dd7425/node_modules/vite/dist/node/chunks/config.js:27119:18
 ❯ node_modules/.pnpm/vite@7.3.1_@types+node@25.2_a52f0677b877553bd4d89f99f5dd7425/node_modules/vite/dist/node/chunks/config.js:27177:32
 ❯ TransformPluginContext.transform node_modules/.pnpm/vite@7.3.1_@types+node@25.2_a52f0677b877553bd4d89f99f5dd7425/node_modules/vite/dist/node/chunks/config.js:27145:4
 ❯ EnvironmentPluginContainer.transform node_modules/.pnpm/vite@7.3.1_@types+node@25.2_a52f0677b877553bd4d89f99f5dd7425/node_modules/vite/dist/node/chunks/config.js:28797:14
 ❯ loadAndTransform node_modules/.pnpm/vite@7.3.1_@types+node@25.2_a52f0677b877553bd4d89f99f5dd7425/node_modules/vite/dist/node/chunks/config.js:22670:26

⎯⎯⎯⎯⎯⎯⎯⎯⎯⎯⎯⎯⎯⎯⎯⎯⎯⎯⎯⎯⎯[19/204]⎯

 FAIL  tests/unit/SequenceDecomposer.test.ts [ tests/unit/SequenceDecomposer.test.ts ]
Error: Failed to resolve import "$lib/shared/foundation/services/implementations/SequenceDecomposer" from "tests/unit/SequenceDecomposer.test.ts". Does the file exist?
  Plugin: vite:import-analysis
  File: E:/tka-platform/tests/unit/SequenceDecomposer.test.ts:2:35
  1  |  import { describe, it, expect } from "vitest";
  2  |  import { SequenceDecomposer } from "$lib/shared/foundation/services/implementations/SequenceDecomposer";
     |                                      ^
  3  |  import { deriveSteps } from "$lib/shared/foundation/services/step-deriver";
  4  |  import { createMotionData } from "$lib/shared/pictograph/shared/domain/models/MotionData";
 ❯ TransformPluginContext._formatLog node_modules/.pnpm/vite@7.3.1_@types+node@25.2_a52f0677b877553bd4d89f99f5dd7425/node_modules/vite/dist/node/chunks/config.js:28999:43
 ❯ TransformPluginContext.error node_modules/.pnpm/vite@7.3.1_@types+node@25.2_a52f0677b877553bd4d89f99f5dd7425/node_modules/vite/dist/node/chunks/config.js:28996:14
 ❯ normalizeUrl node_modules/.pnpm/vite@7.3.1_@types+node@25.2_a52f0677b877553bd4d89f99f5dd7425/node_modules/vite/dist/node/chunks/config.js:27119:18
 ❯ node_modules/.pnpm/vite@7.3.1_@types+node@25.2_a52f0677b877553bd4d89f99f5dd7425/node_modules/vite/dist/node/chunks/config.js:27177:32
 ❯ TransformPluginContext.transform node_modules/.pnpm/vite@7.3.1_@types+node@25.2_a52f0677b877553bd4d89f99f5dd7425/node_modules/vite/dist/node/chunks/config.js:27145:4
 ❯ EnvironmentPluginContainer.transform node_modules/.pnpm/vite@7.3.1_@types+node@25.2_a52f0677b877553bd4d89f99f5dd7425/node_modules/vite/dist/node/chunks/config.js:28797:14
 ❯ loadAndTransform node_modules/.pnpm/vite@7.3.1_@types+node@25.2_a52f0677b877553bd4d89f99f5dd7425/node_modules/vite/dist/node/chunks/config.js:22670:26

⎯⎯⎯⎯⎯⎯⎯⎯⎯⎯⎯⎯⎯⎯⎯⎯⎯⎯⎯⎯⎯[20/204]⎯

 FAIL  tests/unit/SequenceFuser.test.ts [ tests/unit/SequenceFuser.test.ts ]
Error: Failed to resolve import "$lib/features/fuse/services/sequence-fuser" from "tests/unit/SequenceFuser.test.ts". Does the file exist?
  Plugin: vite:import-analysis
  File: E:/tka-platform/tests/unit/SequenceFuser.test.ts:10:30
  1  |  import { describe, it, expect } from "vitest";
  2  |  import { fuseSequences } from "$lib/features/fuse/services/sequence-fuser";
     |                                 ^
  3  |  import {
  4  |    GridLocation,
 ❯ TransformPluginContext._formatLog node_modules/.pnpm/vite@7.3.1_@types+node@25.2_a52f0677b877553bd4d89f99f5dd7425/node_modules/vite/dist/node/chunks/config.js:28999:43
 ❯ TransformPluginContext.error node_modules/.pnpm/vite@7.3.1_@types+node@25.2_a52f0677b877553bd4d89f99f5dd7425/node_modules/vite/dist/node/chunks/config.js:28996:14
 ❯ normalizeUrl node_modules/.pnpm/vite@7.3.1_@types+node@25.2_a52f0677b877553bd4d89f99f5dd7425/node_modules/vite/dist/node/chunks/config.js:27119:18
 ❯ node_modules/.pnpm/vite@7.3.1_@types+node@25.2_a52f0677b877553bd4d89f99f5dd7425/node_modules/vite/dist/node/chunks/config.js:27177:32
 ❯ TransformPluginContext.transform node_modules/.pnpm/vite@7.3.1_@types+node@25.2_a52f0677b877553bd4d89f99f5dd7425/node_modules/vite/dist/node/chunks/config.js:27145:4
 ❯ EnvironmentPluginContainer.transform node_modules/.pnpm/vite@7.3.1_@types+node@25.2_a52f0677b877553bd4d89f99f5dd7425/node_modules/vite/dist/node/chunks/config.js:28797:14
 ❯ loadAndTransform node_modules/.pnpm/vite@7.3.1_@types+node@25.2_a52f0677b877553bd4d89f99f5dd7425/node_modules/vite/dist/node/chunks/config.js:22670:26

⎯⎯⎯⎯⎯⎯⎯⎯⎯⎯⎯⎯⎯⎯⎯⎯⎯⎯⎯⎯⎯[21/204]⎯

 FAIL  tests/unit/SoloPropFactory.test.ts [ tests/unit/SoloPropFactory.test.ts ]
Error: Failed to resolve import "$lib/shared/foundation/services/solo-prop-factory" from "tests/unit/SoloPropFactory.test.ts". Does the file exist?
  Plugin: vite:import-analysis
  File: E:/tka-platform/tests/unit/SoloPropFactory.test.ts:10:31
  1  |  import { describe, it, expect } from "vitest";
  2  |  import { createSoloProp } from "$lib/shared/foundation/services/solo-prop-factory";
     |                                  ^
  3  |  import { GridLocation } from "$lib/shared/pictograph/grid/domain/enums/grid-enums";
  4  |  import {
 ❯ TransformPluginContext._formatLog node_modules/.pnpm/vite@7.3.1_@types+node@25.2_a52f0677b877553bd4d89f99f5dd7425/node_modules/vite/dist/node/chunks/config.js:28999:43
 ❯ TransformPluginContext.error node_modules/.pnpm/vite@7.3.1_@types+node@25.2_a52f0677b877553bd4d89f99f5dd7425/node_modules/vite/dist/node/chunks/config.js:28996:14
 ❯ normalizeUrl node_modules/.pnpm/vite@7.3.1_@types+node@25.2_a52f0677b877553bd4d89f99f5dd7425/node_modules/vite/dist/node/chunks/config.js:27119:18
 ❯ node_modules/.pnpm/vite@7.3.1_@types+node@25.2_a52f0677b877553bd4d89f99f5dd7425/node_modules/vite/dist/node/chunks/config.js:27177:32
 ❯ TransformPluginContext.transform node_modules/.pnpm/vite@7.3.1_@types+node@25.2_a52f0677b877553bd4d89f99f5dd7425/node_modules/vite/dist/node/chunks/config.js:27145:4
 ❯ EnvironmentPluginContainer.transform node_modules/.pnpm/vite@7.3.1_@types+node@25.2_a52f0677b877553bd4d89f99f5dd7425/node_modules/vite/dist/node/chunks/config.js:28797:14
 ❯ loadAndTransform node_modules/.pnpm/vite@7.3.1_@types+node@25.2_a52f0677b877553bd4d89f99f5dd7425/node_modules/vite/dist/node/chunks/config.js:22670:26

⎯⎯⎯⎯⎯⎯⎯⎯⎯⎯⎯⎯⎯⎯⎯⎯⎯⎯⎯⎯⎯[22/204]⎯

 FAIL  tests/unit/StartPositionInfo.test.ts [ tests/unit/StartPositionInfo.test.ts ]
Error: Failed to resolve import "$lib/shared/config/difficulty-styles" from "src/lib/features/choreo-card/components/card-back/card-back-data.ts". Does the file exist?
  Plugin: vite:import-analysis
  File: E:/tka-platform/src/lib/features/choreo-card/components/card-back/card-back-data.ts:11:34
  1  |  import { explainLOOP } from "../../services/loop-explainer";
  2  |  import { DIFFICULTY_LEVELS } from "$lib/shared/config/difficulty-styles";
     |                                     ^
  3  |  import {
  4  |    LOOP_TYPE_LABELS,
 ❯ TransformPluginContext._formatLog node_modules/.pnpm/vite@7.3.1_@types+node@25.2_a52f0677b877553bd4d89f99f5dd7425/node_modules/vite/dist/node/chunks/config.js:28999:43
 ❯ TransformPluginContext.error node_modules/.pnpm/vite@7.3.1_@types+node@25.2_a52f0677b877553bd4d89f99f5dd7425/node_modules/vite/dist/node/chunks/config.js:28996:14
 ❯ normalizeUrl node_modules/.pnpm/vite@7.3.1_@types+node@25.2_a52f0677b877553bd4d89f99f5dd7425/node_modules/vite/dist/node/chunks/config.js:27119:18
 ❯ node_modules/.pnpm/vite@7.3.1_@types+node@25.2_a52f0677b877553bd4d89f99f5dd7425/node_modules/vite/dist/node/chunks/config.js:27177:32
 ❯ TransformPluginContext.transform node_modules/.pnpm/vite@7.3.1_@types+node@25.2_a52f0677b877553bd4d89f99f5dd7425/node_modules/vite/dist/node/chunks/config.js:27145:4
 ❯ EnvironmentPluginContainer.transform node_modules/.pnpm/vite@7.3.1_@types+node@25.2_a52f0677b877553bd4d89f99f5dd7425/node_modules/vite/dist/node/chunks/config.js:28797:14
 ❯ loadAndTransform node_modules/.pnpm/vite@7.3.1_@types+node@25.2_a52f0677b877553bd4d89f99f5dd7425/node_modules/vite/dist/node/chunks/config.js:22670:26

⎯⎯⎯⎯⎯⎯⎯⎯⎯⎯⎯⎯⎯⎯⎯⎯⎯⎯⎯⎯⎯[23/204]⎯

 FAIL  tests/unit/StepDeriver.test.ts [ tests/unit/StepDeriver.test.ts ]
Error: Failed to resolve import "$lib/shared/foundation/services/step-deriver" from "tests/unit/StepDeriver.test.ts". Does the file exist?
  Plugin: vite:import-analysis
  File: E:/tka-platform/tests/unit/StepDeriver.test.ts:2:49
  1  |  import { describe, it, expect } from "vitest";
  2  |  import { deriveSteps, deriveStartPosition } from "$lib/shared/foundation/services/step-deriver";
     |                                                    ^
  3  |  import { GridLocation, GridMode } from "$lib/shared/pictograph/grid/domain/enums/grid-enums";
  4  |  import {
 ❯ TransformPluginContext._formatLog node_modules/.pnpm/vite@7.3.1_@types+node@25.2_a52f0677b877553bd4d89f99f5dd7425/node_modules/vite/dist/node/chunks/config.js:28999:43
 ❯ TransformPluginContext.error node_modules/.pnpm/vite@7.3.1_@types+node@25.2_a52f0677b877553bd4d89f99f5dd7425/node_modules/vite/dist/node/chunks/config.js:28996:14
 ❯ normalizeUrl node_modules/.pnpm/vite@7.3.1_@types+node@25.2_a52f0677b877553bd4d89f99f5dd7425/node_modules/vite/dist/node/chunks/config.js:27119:18
 ❯ node_modules/.pnpm/vite@7.3.1_@types+node@25.2_a52f0677b877553bd4d89f99f5dd7425/node_modules/vite/dist/node/chunks/config.js:27177:32
 ❯ TransformPluginContext.transform node_modules/.pnpm/vite@7.3.1_@types+node@25.2_a52f0677b877553bd4d89f99f5dd7425/node_modules/vite/dist/node/chunks/config.js:27145:4
 ❯ EnvironmentPluginContainer.transform node_modules/.pnpm/vite@7.3.1_@types+node@25.2_a52f0677b877553bd4d89f99f5dd7425/node_modules/vite/dist/node/chunks/config.js:28797:14
 ❯ loadAndTransform node_modules/.pnpm/vite@7.3.1_@types+node@25.2_a52f0677b877553bd4d89f99f5dd7425/node_modules/vite/dist/node/chunks/config.js:22670:26

⎯⎯⎯⎯⎯⎯⎯⎯⎯⎯⎯⎯⎯⎯⎯⎯⎯⎯⎯⎯⎯[24/204]⎯

 FAIL  tests/unit/TurnManager.test.ts [ tests/unit/TurnManager.test.ts ]
Error: Failed to resolve import "$lib/features/create/generate/shared/services/turn-manager" from "tests/unit/TurnManager.test.ts". Does the file exist?
  Plugin: vite:import-analysis
  File: E:/tka-platform/tests/unit/TurnManager.test.ts:18:51
  1  |  import { describe, it, expect } from "vitest";
  2  |  import { updateDashStaticRotationDirections } from "$lib/features/create/generate/shared/services/turn-manager";
     |                                                      ^
  3  |  import { PropContinuity } from "$lib/shared/foundation/domain/models/generation/generate-models";
  4  |  import { createMotionData } from "$lib/shared/pictograph/shared/domain/models/MotionData";
 ❯ TransformPluginContext._formatLog node_modules/.pnpm/vite@7.3.1_@types+node@25.2_a52f0677b877553bd4d89f99f5dd7425/node_modules/vite/dist/node/chunks/config.js:28999:43
 ❯ TransformPluginContext.error node_modules/.pnpm/vite@7.3.1_@types+node@25.2_a52f0677b877553bd4d89f99f5dd7425/node_modules/vite/dist/node/chunks/config.js:28996:14
 ❯ normalizeUrl node_modules/.pnpm/vite@7.3.1_@types+node@25.2_a52f0677b877553bd4d89f99f5dd7425/node_modules/vite/dist/node/chunks/config.js:27119:18
 ❯ node_modules/.pnpm/vite@7.3.1_@types+node@25.2_a52f0677b877553bd4d89f99f5dd7425/node_modules/vite/dist/node/chunks/config.js:27177:32
 ❯ TransformPluginContext.transform node_modules/.pnpm/vite@7.3.1_@types+node@25.2_a52f0677b877553bd4d89f99f5dd7425/node_modules/vite/dist/node/chunks/config.js:27145:4
 ❯ EnvironmentPluginContainer.transform node_modules/.pnpm/vite@7.3.1_@types+node@25.2_a52f0677b877553bd4d89f99f5dd7425/node_modules/vite/dist/node/chunks/config.js:28797:14
 ❯ loadAndTransform node_modules/.pnpm/vite@7.3.1_@types+node@25.2_a52f0677b877553bd4d89f99f5dd7425/node_modules/vite/dist/node/chunks/config.js:22670:26

⎯⎯⎯⎯⎯⎯⎯⎯⎯⎯⎯⎯⎯⎯⎯⎯⎯⎯⎯⎯⎯[25/204]⎯

 FAIL  tests/unit/VtgRatioDeriver.test.ts [ tests/unit/VtgRatioDeriver.test.ts ]
Error: Failed to resolve import "$lib/features/choreo-card/components/card-back/card-back-data" from "tests/unit/VtgRatioDeriver.test.ts". Does the file exist?
  Plugin: vite:import-analysis
  File: E:/tka-platform/tests/unit/VtgRatioDeriver.test.ts:2:31
  1  |  import { describe, it, expect } from "vitest";
  2  |  import { deriveVtgRatio } from "$lib/features/choreo-card/components/card-back/card-back-data";
     |                                  ^
  3  |  function makeUniform(turnValue, stepCount = 3) {
  4  |    return {
 ❯ TransformPluginContext._formatLog node_modules/.pnpm/vite@7.3.1_@types+node@25.2_a52f0677b877553bd4d89f99f5dd7425/node_modules/vite/dist/node/chunks/config.js:28999:43
 ❯ TransformPluginContext.error node_modules/.pnpm/vite@7.3.1_@types+node@25.2_a52f0677b877553bd4d89f99f5dd7425/node_modules/vite/dist/node/chunks/config.js:28996:14
 ❯ normalizeUrl node_modules/.pnpm/vite@7.3.1_@types+node@25.2_a52f0677b877553bd4d89f99f5dd7425/node_modules/vite/dist/node/chunks/config.js:27119:18
 ❯ node_modules/.pnpm/vite@7.3.1_@types+node@25.2_a52f0677b877553bd4d89f99f5dd7425/node_modules/vite/dist/node/chunks/config.js:27177:32
 ❯ TransformPluginContext.transform node_modules/.pnpm/vite@7.3.1_@types+node@25.2_a52f0677b877553bd4d89f99f5dd7425/node_modules/vite/dist/node/chunks/config.js:27145:4
 ❯ EnvironmentPluginContainer.transform node_modules/.pnpm/vite@7.3.1_@types+node@25.2_a52f0677b877553bd4d89f99f5dd7425/node_modules/vite/dist/node/chunks/config.js:28797:14
 ❯ loadAndTransform node_modules/.pnpm/vite@7.3.1_@types+node@25.2_a52f0677b877553bd4d89f99f5dd7425/node_modules/vite/dist/node/chunks/config.js:22670:26

⎯⎯⎯⎯⎯⎯⎯⎯⎯⎯⎯⎯⎯⎯⎯⎯⎯⎯⎯⎯⎯[26/204]⎯

 FAIL  tests/unit/WebviewDetector.test.ts [ tests/unit/WebviewDetector.test.ts ]
Error: Failed to resolve import "$lib/shared/sequence-viewer/services/webview-detector" from "tests/unit/WebviewDetector.test.ts". Does the file exist?
  Plugin: vite:import-analysis
  File: E:/tka-platform/tests/unit/WebviewDetector.test.ts:2:31
  1  |  import { describe, it, expect, vi, beforeEach } from "vitest";
  2  |  import { isInAppWebview } from "$lib/shared/sequence-viewer/services/webview-detector";
     |                                  ^
  3  |  function setUa(ua) {
  4  |    Object.defineProperty(globalThis, "navigator", {
 ❯ TransformPluginContext._formatLog node_modules/.pnpm/vite@7.3.1_@types+node@25.2_a52f0677b877553bd4d89f99f5dd7425/node_modules/vite/dist/node/chunks/config.js:28999:43
 ❯ TransformPluginContext.error node_modules/.pnpm/vite@7.3.1_@types+node@25.2_a52f0677b877553bd4d89f99f5dd7425/node_modules/vite/dist/node/chunks/config.js:28996:14
 ❯ normalizeUrl node_modules/.pnpm/vite@7.3.1_@types+node@25.2_a52f0677b877553bd4d89f99f5dd7425/node_modules/vite/dist/node/chunks/config.js:27119:18
 ❯ node_modules/.pnpm/vite@7.3.1_@types+node@25.2_a52f0677b877553bd4d89f99f5dd7425/node_modules/vite/dist/node/chunks/config.js:27177:32
 ❯ TransformPluginContext.transform node_modules/.pnpm/vite@7.3.1_@types+node@25.2_a52f0677b877553bd4d89f99f5dd7425/node_modules/vite/dist/node/chunks/config.js:27145:4
 ❯ EnvironmentPluginContainer.transform node_modules/.pnpm/vite@7.3.1_@types+node@25.2_a52f0677b877553bd4d89f99f5dd7425/node_modules/vite/dist/node/chunks/config.js:28797:14
 ❯ loadAndTransform node_modules/.pnpm/vite@7.3.1_@types+node@25.2_a52f0677b877553bd4d89f99f5dd7425/node_modules/vite/dist/node/chunks/config.js:22670:26

⎯⎯⎯⎯⎯⎯⎯⎯⎯⎯⎯⎯⎯⎯⎯⎯⎯⎯⎯⎯⎯[27/204]⎯

 FAIL  tests/unit/3d/GameBridge.test.ts [ tests/unit/3d/GameBridge.test.ts ]
Error: Failed to resolve import "$lib/shared/3d/debug/game-bridge" from "tests/unit/3d/GameBridge.test.ts". Does the file exist?
  Plugin: vite:import-analysis
  File: E:/tka-platform/tests/unit/3d/GameBridge.test.ts:3:27
  1  |  import { describe, it, expect, vi } from "vitest";
  2  |  import { GameBridge } from "$lib/shared/3d/debug/game-bridge";
     |                              ^
  3  |  function createMockPerformer(overrides = {}) {
  4  |    return {
 ❯ TransformPluginContext._formatLog node_modules/.pnpm/vite@7.3.1_@types+node@25.2_a52f0677b877553bd4d89f99f5dd7425/node_modules/vite/dist/node/chunks/config.js:28999:43
 ❯ TransformPluginContext.error node_modules/.pnpm/vite@7.3.1_@types+node@25.2_a52f0677b877553bd4d89f99f5dd7425/node_modules/vite/dist/node/chunks/config.js:28996:14
 ❯ normalizeUrl node_modules/.pnpm/vite@7.3.1_@types+node@25.2_a52f0677b877553bd4d89f99f5dd7425/node_modules/vite/dist/node/chunks/config.js:27119:18
 ❯ node_modules/.pnpm/vite@7.3.1_@types+node@25.2_a52f0677b877553bd4d89f99f5dd7425/node_modules/vite/dist/node/chunks/config.js:27177:32
 ❯ TransformPluginContext.transform node_modules/.pnpm/vite@7.3.1_@types+node@25.2_a52f0677b877553bd4d89f99f5dd7425/node_modules/vite/dist/node/chunks/config.js:27145:4
 ❯ EnvironmentPluginContainer.transform node_modules/.pnpm/vite@7.3.1_@types+node@25.2_a52f0677b877553bd4d89f99f5dd7425/node_modules/vite/dist/node/chunks/config.js:28797:14
 ❯ loadAndTransform node_modules/.pnpm/vite@7.3.1_@types+node@25.2_a52f0677b877553bd4d89f99f5dd7425/node_modules/vite/dist/node/chunks/config.js:22670:26

⎯⎯⎯⎯⎯⎯⎯⎯⎯⎯⎯⎯⎯⎯⎯⎯⎯⎯⎯⎯⎯[28/204]⎯

 FAIL  tests/unit/3d/plane-mode-offsets.test.ts [ tests/unit/3d/plane-mode-offsets.test.ts ]
Error: Failed to resolve import "$lib/shared/3d/domain/constants/plane-mode-configs" from "tests/unit/3d/plane-mode-offsets.test.ts". Does the file exist?
  Plugin: vite:import-analysis
  File: E:/tka-platform/tests/unit/3d/plane-mode-offsets.test.ts:2:35
  1  |  import { describe, it, expect } from "vitest";
  2  |  import { PLANE_MODE_CONFIGS } from "$lib/shared/3d/domain/constants/plane-mode-configs";
     |                                      ^
  3  |  import { PlaneMode } from "$lib/shared/3d/domain/enums/PlaneMode";
  4  |  import { Plane } from "$lib/shared/3d/domain/enums/Plane";
 ❯ TransformPluginContext._formatLog node_modules/.pnpm/vite@7.3.1_@types+node@25.2_a52f0677b877553bd4d89f99f5dd7425/node_modules/vite/dist/node/chunks/config.js:28999:43
 ❯ TransformPluginContext.error node_modules/.pnpm/vite@7.3.1_@types+node@25.2_a52f0677b877553bd4d89f99f5dd7425/node_modules/vite/dist/node/chunks/config.js:28996:14
 ❯ normalizeUrl node_modules/.pnpm/vite@7.3.1_@types+node@25.2_a52f0677b877553bd4d89f99f5dd7425/node_modules/vite/dist/node/chunks/config.js:27119:18
 ❯ node_modules/.pnpm/vite@7.3.1_@types+node@25.2_a52f0677b877553bd4d89f99f5dd7425/node_modules/vite/dist/node/chunks/config.js:27177:32
 ❯ TransformPluginContext.transform node_modules/.pnpm/vite@7.3.1_@types+node@25.2_a52f0677b877553bd4d89f99f5dd7425/node_modules/vite/dist/node/chunks/config.js:27145:4
 ❯ EnvironmentPluginContainer.transform node_modules/.pnpm/vite@7.3.1_@types+node@25.2_a52f0677b877553bd4d89f99f5dd7425/node_modules/vite/dist/node/chunks/config.js:28797:14
 ❯ loadAndTransform node_modules/.pnpm/vite@7.3.1_@types+node@25.2_a52f0677b877553bd4d89f99f5dd7425/node_modules/vite/dist/node/chunks/config.js:22670:26

⎯⎯⎯⎯⎯⎯⎯⎯⎯⎯⎯⎯⎯⎯⎯⎯⎯⎯⎯⎯⎯[29/204]⎯

 FAIL  tests/unit/3d/plane-normals.test.ts [ tests/unit/3d/plane-normals.test.ts ]
Error: Failed to resolve import "$lib/shared/3d/domain/enums/Plane" from "tests/unit/3d/plane-normals.test.ts". Does the file exist?
  Plugin: vite:import-analysis
  File: E:/tka-platform/tests/unit/3d/plane-normals.test.ts:3:22
  1  |  import { describe, it, expect } from "vitest";
  2  |  import { Vector3 } from "three";
  3  |  import { Plane } from "$lib/shared/3d/domain/enums/Plane";
     |                         ^
  4  |  import { getPlaneNormal } from "$lib/shared/3d/domain/constants/plane-transforms";
  5  |  const S2 = 1 / Math.sqrt(2);
 ❯ TransformPluginContext._formatLog node_modules/.pnpm/vite@7.3.1_@types+node@25.2_a52f0677b877553bd4d89f99f5dd7425/node_modules/vite/dist/node/chunks/config.js:28999:43
 ❯ TransformPluginContext.error node_modules/.pnpm/vite@7.3.1_@types+node@25.2_a52f0677b877553bd4d89f99f5dd7425/node_modules/vite/dist/node/chunks/config.js:28996:14
 ❯ normalizeUrl node_modules/.pnpm/vite@7.3.1_@types+node@25.2_a52f0677b877553bd4d89f99f5dd7425/node_modules/vite/dist/node/chunks/config.js:27119:18
 ❯ node_modules/.pnpm/vite@7.3.1_@types+node@25.2_a52f0677b877553bd4d89f99f5dd7425/node_modules/vite/dist/node/chunks/config.js:27177:32
 ❯ TransformPluginContext.transform node_modules/.pnpm/vite@7.3.1_@types+node@25.2_a52f0677b877553bd4d89f99f5dd7425/node_modules/vite/dist/node/chunks/config.js:27145:4
 ❯ EnvironmentPluginContainer.transform node_modules/.pnpm/vite@7.3.1_@types+node@25.2_a52f0677b877553bd4d89f99f5dd7425/node_modules/vite/dist/node/chunks/config.js:28797:14
 ❯ loadAndTransform node_modules/.pnpm/vite@7.3.1_@types+node@25.2_a52f0677b877553bd4d89f99f5dd7425/node_modules/vite/dist/node/chunks/config.js:22670:26

⎯⎯⎯⎯⎯⎯⎯⎯⎯⎯⎯⎯⎯⎯⎯⎯⎯⎯⎯⎯⎯[30/204]⎯

 FAIL  tests/unit/3d/PropOrientation.test.ts [ tests/unit/3d/PropOrientation.test.ts ]
Error: Failed to resolve import "$lib/shared/pictograph/shared/domain/enums/pictograph-enums" from "tests/unit/3d/PropOrientation.test.ts". Does the file exist?
  Plugin: vite:import-analysis
  File: E:/tka-platform/tests/unit/3d/PropOrientation.test.ts:12:40
  1  |  import { describe, it, expect } from "vitest";
  2  |  import { Vector3, Quaternion, Euler } from "three";
  3  |  import { Orientation, MotionType } from "$lib/shared/pictograph/shared/domain/enums/pictograph-enums";
     |                                           ^
  4  |  import { GridLocation } from "$lib/shared/pictograph/grid/domain/enums/grid-enums";
  5  |  import { Plane } from "$lib/shared/3d/domain/enums/Plane";
 ❯ TransformPluginContext._formatLog node_modules/.pnpm/vite@7.3.1_@types+node@25.2_a52f0677b877553bd4d89f99f5dd7425/node_modules/vite/dist/node/chunks/config.js:28999:43
 ❯ TransformPluginContext.error node_modules/.pnpm/vite@7.3.1_@types+node@25.2_a52f0677b877553bd4d89f99f5dd7425/node_modules/vite/dist/node/chunks/config.js:28996:14
 ❯ normalizeUrl node_modules/.pnpm/vite@7.3.1_@types+node@25.2_a52f0677b877553bd4d89f99f5dd7425/node_modules/vite/dist/node/chunks/config.js:27119:18
 ❯ node_modules/.pnpm/vite@7.3.1_@types+node@25.2_a52f0677b877553bd4d89f99f5dd7425/node_modules/vite/dist/node/chunks/config.js:27177:32
 ❯ TransformPluginContext.transform node_modules/.pnpm/vite@7.3.1_@types+node@25.2_a52f0677b877553bd4d89f99f5dd7425/node_modules/vite/dist/node/chunks/config.js:27145:4
 ❯ EnvironmentPluginContainer.transform node_modules/.pnpm/vite@7.3.1_@types+node@25.2_a52f0677b877553bd4d89f99f5dd7425/node_modules/vite/dist/node/chunks/config.js:28797:14
 ❯ loadAndTransform node_modules/.pnpm/vite@7.3.1_@types+node@25.2_a52f0677b877553bd4d89f99f5dd7425/node_modules/vite/dist/node/chunks/config.js:22670:26

⎯⎯⎯⎯⎯⎯⎯⎯⎯⎯⎯⎯⎯⎯⎯⎯⎯⎯⎯⎯⎯[31/204]⎯

 FAIL  tests/unit/3d/ResourceDisposal.test.ts [ tests/unit/3d/ResourceDisposal.test.ts ]
Error: Failed to resolve import "$lib/shared/3d/debug/game-bridge" from "tests/unit/3d/ResourceDisposal.test.ts". Does the file exist?
  Plugin: vite:import-analysis
  File: E:/tka-platform/tests/unit/3d/ResourceDisposal.test.ts:8:7
  5  |    getGameBridge,
  6  |    destroyGameBridge
  7  |  } from "$lib/shared/3d/debug/game-bridge";
     |          ^
  8  |  import {
  9  |    serializeGrid,
 ❯ TransformPluginContext._formatLog node_modules/.pnpm/vite@7.3.1_@types+node@25.2_a52f0677b877553bd4d89f99f5dd7425/node_modules/vite/dist/node/chunks/config.js:28999:43
 ❯ TransformPluginContext.error node_modules/.pnpm/vite@7.3.1_@types+node@25.2_a52f0677b877553bd4d89f99f5dd7425/node_modules/vite/dist/node/chunks/config.js:28996:14
 ❯ normalizeUrl node_modules/.pnpm/vite@7.3.1_@types+node@25.2_a52f0677b877553bd4d89f99f5dd7425/node_modules/vite/dist/node/chunks/config.js:27119:18
 ❯ node_modules/.pnpm/vite@7.3.1_@types+node@25.2_a52f0677b877553bd4d89f99f5dd7425/node_modules/vite/dist/node/chunks/config.js:27177:32
 ❯ TransformPluginContext.transform node_modules/.pnpm/vite@7.3.1_@types+node@25.2_a52f0677b877553bd4d89f99f5dd7425/node_modules/vite/dist/node/chunks/config.js:27145:4
 ❯ EnvironmentPluginContainer.transform node_modules/.pnpm/vite@7.3.1_@types+node@25.2_a52f0677b877553bd4d89f99f5dd7425/node_modules/vite/dist/node/chunks/config.js:28797:14
 ❯ loadAndTransform node_modules/.pnpm/vite@7.3.1_@types+node@25.2_a52f0677b877553bd4d89f99f5dd7425/node_modules/vite/dist/node/chunks/config.js:22670:26

⎯⎯⎯⎯⎯⎯⎯⎯⎯⎯⎯⎯⎯⎯⎯⎯⎯⎯⎯⎯⎯[32/204]⎯

 FAIL  tests/unit/3d/sequence-converter-plane.test.ts [ tests/unit/3d/sequence-converter-plane.test.ts ]
Error: Failed to resolve import "$lib/shared/3d/services/sequence-converter" from "tests/unit/3d/sequence-converter-plane.test.ts". Does the file exist?
  Plugin: vite:import-analysis
  File: E:/tka-platform/tests/unit/3d/sequence-converter-plane.test.ts:2:56
  1  |  import { describe, it, expect } from "vitest";
  2  |  import { motionDataToConfig3D, beatDataToConfigs } from "$lib/shared/3d/services/sequence-converter";
     |                                                           ^
  3  |  import { Plane } from "$lib/shared/3d/domain/enums/Plane";
  4  |  import { createMotionData } from "$lib/shared/pictograph/shared/domain/models/MotionData";
 ❯ TransformPluginContext._formatLog node_modules/.pnpm/vite@7.3.1_@types+node@25.2_a52f0677b877553bd4d89f99f5dd7425/node_modules/vite/dist/node/chunks/config.js:28999:43
 ❯ TransformPluginContext.error node_modules/.pnpm/vite@7.3.1_@types+node@25.2_a52f0677b877553bd4d89f99f5dd7425/node_modules/vite/dist/node/chunks/config.js:28996:14
 ❯ normalizeUrl node_modules/.pnpm/vite@7.3.1_@types+node@25.2_a52f0677b877553bd4d89f99f5dd7425/node_modules/vite/dist/node/chunks/config.js:27119:18
 ❯ node_modules/.pnpm/vite@7.3.1_@types+node@25.2_a52f0677b877553bd4d89f99f5dd7425/node_modules/vite/dist/node/chunks/config.js:27177:32
 ❯ TransformPluginContext.transform node_modules/.pnpm/vite@7.3.1_@types+node@25.2_a52f0677b877553bd4d89f99f5dd7425/node_modules/vite/dist/node/chunks/config.js:27145:4
 ❯ EnvironmentPluginContainer.transform node_modules/.pnpm/vite@7.3.1_@types+node@25.2_a52f0677b877553bd4d89f99f5dd7425/node_modules/vite/dist/node/chunks/config.js:28797:14
 ❯ loadAndTransform node_modules/.pnpm/vite@7.3.1_@types+node@25.2_a52f0677b877553bd4d89f99f5dd7425/node_modules/vite/dist/node/chunks/config.js:22670:26

⎯⎯⎯⎯⎯⎯⎯⎯⎯⎯⎯⎯⎯⎯⎯⎯⎯⎯⎯⎯⎯[33/204]⎯

 FAIL  tests/unit/3d-effects/charcoal-renderer.test.ts [ tests/unit/3d-effects/charcoal-renderer.test.ts ]
Error: Failed to resolve import "$lib/shared/3d/effects/charcoal/CharcoalRenderer3D" from "tests/unit/3d-effects/charcoal-renderer.test.ts". Does the file exist?
  Plugin: vite:import-analysis
  File: E:/tka-platform/tests/unit/3d-effects/charcoal-renderer.test.ts:3:58
  1  |  import { describe, it, expect, vi, beforeEach } from "vitest";
  2  |  import { Vector3 } from "three";
  3  |  import { CharcoalRenderer3D } from "$lib/shared/3d/effects/charcoal/CharcoalRenderer3D";
     |                                      ^
  4  |  import { QualityTier } from "$lib/shared/3d/effects/types";
  5  |  function createMockScene() {
 ❯ TransformPluginContext._formatLog node_modules/.pnpm/vite@7.3.1_@types+node@25.2_a52f0677b877553bd4d89f99f5dd7425/node_modules/vite/dist/node/chunks/config.js:28999:43
 ❯ TransformPluginContext.error node_modules/.pnpm/vite@7.3.1_@types+node@25.2_a52f0677b877553bd4d89f99f5dd7425/node_modules/vite/dist/node/chunks/config.js:28996:14
 ❯ normalizeUrl node_modules/.pnpm/vite@7.3.1_@types+node@25.2_a52f0677b877553bd4d89f99f5dd7425/node_modules/vite/dist/node/chunks/config.js:27119:18
 ❯ node_modules/.pnpm/vite@7.3.1_@types+node@25.2_a52f0677b877553bd4d89f99f5dd7425/node_modules/vite/dist/node/chunks/config.js:27177:32
 ❯ TransformPluginContext.transform node_modules/.pnpm/vite@7.3.1_@types+node@25.2_a52f0677b877553bd4d89f99f5dd7425/node_modules/vite/dist/node/chunks/config.js:27145:4
 ❯ EnvironmentPluginContainer.transform node_modules/.pnpm/vite@7.3.1_@types+node@25.2_a52f0677b877553bd4d89f99f5dd7425/node_modules/vite/dist/node/chunks/config.js:28797:14
 ❯ loadAndTransform node_modules/.pnpm/vite@7.3.1_@types+node@25.2_a52f0677b877553bd4d89f99f5dd7425/node_modules/vite/dist/node/chunks/config.js:22670:26

⎯⎯⎯⎯⎯⎯⎯⎯⎯⎯⎯⎯⎯⎯⎯⎯⎯⎯⎯⎯⎯[34/204]⎯

 FAIL  tests/unit/3d-effects/dynamic-light-manager.test.ts [ tests/unit/3d-effects/dynamic-light-manager.test.ts ]
Error: Failed to resolve import "$lib/shared/3d/effects/lighting/DynamicLightManager" from "tests/unit/3d-effects/dynamic-light-manager.test.ts". Does the file exist?
  Plugin: vite:import-analysis
  File: E:/tka-platform/tests/unit/3d-effects/dynamic-light-manager.test.ts:2:36
  1  |  import { describe, it, expect } from "vitest";
  2  |  import { DynamicLightManager } from "$lib/shared/3d/effects/lighting/DynamicLightManager";
     |                                       ^
  3  |  import { Vector3, Color, Scene } from "three";
  4  |  import { QualityTier, TIER_CONFIGS } from "$lib/shared/3d/effects/types";
 ❯ TransformPluginContext._formatLog node_modules/.pnpm/vite@7.3.1_@types+node@25.2_a52f0677b877553bd4d89f99f5dd7425/node_modules/vite/dist/node/chunks/config.js:28999:43
 ❯ TransformPluginContext.error node_modules/.pnpm/vite@7.3.1_@types+node@25.2_a52f0677b877553bd4d89f99f5dd7425/node_modules/vite/dist/node/chunks/config.js:28996:14
 ❯ normalizeUrl node_modules/.pnpm/vite@7.3.1_@types+node@25.2_a52f0677b877553bd4d89f99f5dd7425/node_modules/vite/dist/node/chunks/config.js:27119:18
 ❯ node_modules/.pnpm/vite@7.3.1_@types+node@25.2_a52f0677b877553bd4d89f99f5dd7425/node_modules/vite/dist/node/chunks/config.js:27177:32
 ❯ TransformPluginContext.transform node_modules/.pnpm/vite@7.3.1_@types+node@25.2_a52f0677b877553bd4d89f99f5dd7425/node_modules/vite/dist/node/chunks/config.js:27145:4
 ❯ EnvironmentPluginContainer.transform node_modules/.pnpm/vite@7.3.1_@types+node@25.2_a52f0677b877553bd4d89f99f5dd7425/node_modules/vite/dist/node/chunks/config.js:28797:14
 ❯ loadAndTransform node_modules/.pnpm/vite@7.3.1_@types+node@25.2_a52f0677b877553bd4d89f99f5dd7425/node_modules/vite/dist/node/chunks/config.js:22670:26

⎯⎯⎯⎯⎯⎯⎯⎯⎯⎯⎯⎯⎯⎯⎯⎯⎯⎯⎯⎯⎯[35/204]⎯

 FAIL  tests/unit/3d-effects/led-renderer.test.ts [ tests/unit/3d-effects/led-renderer.test.ts ]
Error: Failed to resolve import "$lib/shared/3d/effects/led/LedRenderer3D" from "tests/unit/3d-effects/led-renderer.test.ts". Does the file exist?
  Plugin: vite:import-analysis
  File: E:/tka-platform/tests/unit/3d-effects/led-renderer.test.ts:3:48
  1  |  import { describe, it, expect, vi, beforeEach } from "vitest";
  2  |  import { Vector3 } from "three";
  3  |  import { LedRenderer3D } from "$lib/shared/3d/effects/led/LedRenderer3D";
     |                                 ^
  4  |  import { QualityTier } from "$lib/shared/3d/effects/types";
  5  |  function createMockScene() {
 ❯ TransformPluginContext._formatLog node_modules/.pnpm/vite@7.3.1_@types+node@25.2_a52f0677b877553bd4d89f99f5dd7425/node_modules/vite/dist/node/chunks/config.js:28999:43
 ❯ TransformPluginContext.error node_modules/.pnpm/vite@7.3.1_@types+node@25.2_a52f0677b877553bd4d89f99f5dd7425/node_modules/vite/dist/node/chunks/config.js:28996:14
 ❯ normalizeUrl node_modules/.pnpm/vite@7.3.1_@types+node@25.2_a52f0677b877553bd4d89f99f5dd7425/node_modules/vite/dist/node/chunks/config.js:27119:18
 ❯ node_modules/.pnpm/vite@7.3.1_@types+node@25.2_a52f0677b877553bd4d89f99f5dd7425/node_modules/vite/dist/node/chunks/config.js:27177:32
 ❯ TransformPluginContext.transform node_modules/.pnpm/vite@7.3.1_@types+node@25.2_a52f0677b877553bd4d89f99f5dd7425/node_modules/vite/dist/node/chunks/config.js:27145:4
 ❯ EnvironmentPluginContainer.transform node_modules/.pnpm/vite@7.3.1_@types+node@25.2_a52f0677b877553bd4d89f99f5dd7425/node_modules/vite/dist/node/chunks/config.js:28797:14
 ❯ loadAndTransform node_modules/.pnpm/vite@7.3.1_@types+node@25.2_a52f0677b877553bd4d89f99f5dd7425/node_modules/vite/dist/node/chunks/config.js:22670:26

⎯⎯⎯⎯⎯⎯⎯⎯⎯⎯⎯⎯⎯⎯⎯⎯⎯⎯⎯⎯⎯[36/204]⎯

 FAIL  tests/unit/3d-effects/quality-tier-detector.test.ts [ tests/unit/3d-effects/quality-tier-detector.test.ts ]
Error: Failed to resolve import "$lib/shared/3d/effects/quality/QualityTierDetector" from "tests/unit/3d-effects/quality-tier-detector.test.ts". Does the file exist?
  Plugin: vite:import-analysis
  File: E:/tka-platform/tests/unit/3d-effects/quality-tier-detector.test.ts:2:36
  1  |  import { describe, it, expect } from "vitest";
  2  |  import { QualityTierDetector } from "$lib/shared/3d/effects/quality/QualityTierDetector";
     |                                       ^
  3  |  import { QualityTier } from "$lib/shared/3d/effects/types";
  4  |  describe("QualityTierDetector", () => {
 ❯ TransformPluginContext._formatLog node_modules/.pnpm/vite@7.3.1_@types+node@25.2_a52f0677b877553bd4d89f99f5dd7425/node_modules/vite/dist/node/chunks/config.js:28999:43
 ❯ TransformPluginContext.error node_modules/.pnpm/vite@7.3.1_@types+node@25.2_a52f0677b877553bd4d89f99f5dd7425/node_modules/vite/dist/node/chunks/config.js:28996:14
 ❯ normalizeUrl node_modules/.pnpm/vite@7.3.1_@types+node@25.2_a52f0677b877553bd4d89f99f5dd7425/node_modules/vite/dist/node/chunks/config.js:27119:18
 ❯ node_modules/.pnpm/vite@7.3.1_@types+node@25.2_a52f0677b877553bd4d89f99f5dd7425/node_modules/vite/dist/node/chunks/config.js:27177:32
 ❯ TransformPluginContext.transform node_modules/.pnpm/vite@7.3.1_@types+node@25.2_a52f0677b877553bd4d89f99f5dd7425/node_modules/vite/dist/node/chunks/config.js:27145:4
 ❯ EnvironmentPluginContainer.transform node_modules/.pnpm/vite@7.3.1_@types+node@25.2_a52f0677b877553bd4d89f99f5dd7425/node_modules/vite/dist/node/chunks/config.js:28797:14
 ❯ loadAndTransform node_modules/.pnpm/vite@7.3.1_@types+node@25.2_a52f0677b877553bd4d89f99f5dd7425/node_modules/vite/dist/node/chunks/config.js:22670:26

⎯⎯⎯⎯⎯⎯⎯⎯⎯⎯⎯⎯⎯⎯⎯⎯⎯⎯⎯⎯⎯[37/204]⎯

 FAIL  tests/unit/3d-effects/tip-position-bridge.test.ts [ tests/unit/3d-effects/tip-position-bridge.test.ts ]
Error: Failed to resolve import "$lib/shared/3d/effects/TipPositionBridge3D" from "tests/unit/3d-effects/tip-position-bridge.test.ts". Does the file exist?
  Plugin: vite:import-analysis
  File: E:/tka-platform/tests/unit/3d-effects/tip-position-bridge.test.ts:2:36
  1  |  import { describe, it, expect } from "vitest";
  2  |  import { TipPositionBridge3D } from "$lib/shared/3d/effects/TipPositionBridge3D";
     |                                       ^
  3  |  function makePropState(x, y, z) {
  4  |    return {
 ❯ TransformPluginContext._formatLog node_modules/.pnpm/vite@7.3.1_@types+node@25.2_a52f0677b877553bd4d89f99f5dd7425/node_modules/vite/dist/node/chunks/config.js:28999:43
 ❯ TransformPluginContext.error node_modules/.pnpm/vite@7.3.1_@types+node@25.2_a52f0677b877553bd4d89f99f5dd7425/node_modules/vite/dist/node/chunks/config.js:28996:14
 ❯ normalizeUrl node_modules/.pnpm/vite@7.3.1_@types+node@25.2_a52f0677b877553bd4d89f99f5dd7425/node_modules/vite/dist/node/chunks/config.js:27119:18
 ❯ node_modules/.pnpm/vite@7.3.1_@types+node@25.2_a52f0677b877553bd4d89f99f5dd7425/node_modules/vite/dist/node/chunks/config.js:27177:32
 ❯ TransformPluginContext.transform node_modules/.pnpm/vite@7.3.1_@types+node@25.2_a52f0677b877553bd4d89f99f5dd7425/node_modules/vite/dist/node/chunks/config.js:27145:4
 ❯ EnvironmentPluginContainer.transform node_modules/.pnpm/vite@7.3.1_@types+node@25.2_a52f0677b877553bd4d89f99f5dd7425/node_modules/vite/dist/node/chunks/config.js:28797:14
 ❯ loadAndTransform node_modules/.pnpm/vite@7.3.1_@types+node@25.2_a52f0677b877553bd4d89f99f5dd7425/node_modules/vite/dist/node/chunks/config.js:22670:26

⎯⎯⎯⎯⎯⎯⎯⎯⎯⎯⎯⎯⎯⎯⎯⎯⎯⎯⎯⎯⎯[38/204]⎯

 FAIL  tests/unit/3d-effects/trail-ring-buffer.test.ts [ tests/unit/3d-effects/trail-ring-buffer.test.ts ]
Error: Failed to resolve import "$lib/shared/3d/effects/trails/TrailRenderer3D" from "tests/unit/3d-effects/trail-ring-buffer.test.ts". Does the file exist?
  Plugin: vite:import-analysis
  File: E:/tka-platform/tests/unit/3d-effects/trail-ring-buffer.test.ts:2:32
  1  |  import { describe, it, expect } from "vitest";
  2  |  import { TrailRingBuffer } from "$lib/shared/3d/effects/trails/TrailRenderer3D";
     |                                   ^
  3  |  import { Vector3 } from "three";
  4  |  describe("TrailRingBuffer", () => {
 ❯ TransformPluginContext._formatLog node_modules/.pnpm/vite@7.3.1_@types+node@25.2_a52f0677b877553bd4d89f99f5dd7425/node_modules/vite/dist/node/chunks/config.js:28999:43
 ❯ TransformPluginContext.error node_modules/.pnpm/vite@7.3.1_@types+node@25.2_a52f0677b877553bd4d89f99f5dd7425/node_modules/vite/dist/node/chunks/config.js:28996:14
 ❯ normalizeUrl node_modules/.pnpm/vite@7.3.1_@types+node@25.2_a52f0677b877553bd4d89f99f5dd7425/node_modules/vite/dist/node/chunks/config.js:27119:18
 ❯ node_modules/.pnpm/vite@7.3.1_@types+node@25.2_a52f0677b877553bd4d89f99f5dd7425/node_modules/vite/dist/node/chunks/config.js:27177:32
 ❯ TransformPluginContext.transform node_modules/.pnpm/vite@7.3.1_@types+node@25.2_a52f0677b877553bd4d89f99f5dd7425/node_modules/vite/dist/node/chunks/config.js:27145:4
 ❯ EnvironmentPluginContainer.transform node_modules/.pnpm/vite@7.3.1_@types+node@25.2_a52f0677b877553bd4d89f99f5dd7425/node_modules/vite/dist/node/chunks/config.js:28797:14
 ❯ loadAndTransform node_modules/.pnpm/vite@7.3.1_@types+node@25.2_a52f0677b877553bd4d89f99f5dd7425/node_modules/vite/dist/node/chunks/config.js:22670:26

⎯⎯⎯⎯⎯⎯⎯⎯⎯⎯⎯⎯⎯⎯⎯⎯⎯⎯⎯⎯⎯[39/204]⎯

 FAIL  tests/unit/3d-animation/ClavicleRaiser.test.ts [ tests/unit/3d-animation/ClavicleRaiser.test.ts ]
Error: Failed to resolve import "$lib/shared/3d/services/clavicle-raiser" from "tests/unit/3d-animation/ClavicleRaiser.test.ts". Does the file exist?
  Plugin: vite:import-analysis
  File: E:/tka-platform/tests/unit/3d-animation/ClavicleRaiser.test.ts:3:40
  1  |  import { describe, it, expect } from "vitest";
  2  |  import { Vector3, Quaternion } from "three";
  3  |  import { computeClavicleRotation } from "$lib/shared/3d/services/clavicle-raiser";
     |                                           ^
  4  |  function angleDegrees(q) {
  5  |    const angle = 2 * Math.acos(Math.min(1, Math.abs(q.w)));
 ❯ TransformPluginContext._formatLog node_modules/.pnpm/vite@7.3.1_@types+node@25.2_a52f0677b877553bd4d89f99f5dd7425/node_modules/vite/dist/node/chunks/config.js:28999:43
 ❯ TransformPluginContext.error node_modules/.pnpm/vite@7.3.1_@types+node@25.2_a52f0677b877553bd4d89f99f5dd7425/node_modules/vite/dist/node/chunks/config.js:28996:14
 ❯ normalizeUrl node_modules/.pnpm/vite@7.3.1_@types+node@25.2_a52f0677b877553bd4d89f99f5dd7425/node_modules/vite/dist/node/chunks/config.js:27119:18
 ❯ node_modules/.pnpm/vite@7.3.1_@types+node@25.2_a52f0677b877553bd4d89f99f5dd7425/node_modules/vite/dist/node/chunks/config.js:27177:32
 ❯ TransformPluginContext.transform node_modules/.pnpm/vite@7.3.1_@types+node@25.2_a52f0677b877553bd4d89f99f5dd7425/node_modules/vite/dist/node/chunks/config.js:27145:4
 ❯ EnvironmentPluginContainer.transform node_modules/.pnpm/vite@7.3.1_@types+node@25.2_a52f0677b877553bd4d89f99f5dd7425/node_modules/vite/dist/node/chunks/config.js:28797:14
 ❯ loadAndTransform node_modules/.pnpm/vite@7.3.1_@types+node@25.2_a52f0677b877553bd4d89f99f5dd7425/node_modules/vite/dist/node/chunks/config.js:22670:26

⎯⎯⎯⎯⎯⎯⎯⎯⎯⎯⎯⎯⎯⎯⎯⎯⎯⎯⎯⎯⎯[40/204]⎯

 FAIL  tests/unit/3d-animation/ClipBasedTurnAnimator.test.ts [ tests/unit/3d-animation/ClipBasedTurnAnimator.test.ts ]
Error: Failed to resolve import "$lib/shared/3d/services/implementations/ClipBasedTurnAnimator" from "tests/unit/3d-animation/ClipBasedTurnAnimator.test.ts". Does the file exist?
  Plugin: vite:import-analysis
  File: E:/tka-platform/tests/unit/3d-animation/ClipBasedTurnAnimator.test.ts:3:38
  1  |  import { describe, it, expect, beforeEach } from "vitest";
  2  |  import { Quaternion, Vector3, Euler } from "three";
  3  |  import { ClipBasedTurnAnimator } from "$lib/shared/3d/services/implementations/ClipBasedTurnAnimator";
     |                                         ^
  4  |  function buildSyntheticClip(clipName, angleDeg, frameCount) {
  5  |    const angleRad = angleDeg * Math.PI / 180;
 ❯ TransformPluginContext._formatLog node_modules/.pnpm/vite@7.3.1_@types+node@25.2_a52f0677b877553bd4d89f99f5dd7425/node_modules/vite/dist/node/chunks/config.js:28999:43
 ❯ TransformPluginContext.error node_modules/.pnpm/vite@7.3.1_@types+node@25.2_a52f0677b877553bd4d89f99f5dd7425/node_modules/vite/dist/node/chunks/config.js:28996:14
 ❯ normalizeUrl node_modules/.pnpm/vite@7.3.1_@types+node@25.2_a52f0677b877553bd4d89f99f5dd7425/node_modules/vite/dist/node/chunks/config.js:27119:18
 ❯ node_modules/.pnpm/vite@7.3.1_@types+node@25.2_a52f0677b877553bd4d89f99f5dd7425/node_modules/vite/dist/node/chunks/config.js:27177:32
 ❯ TransformPluginContext.transform node_modules/.pnpm/vite@7.3.1_@types+node@25.2_a52f0677b877553bd4d89f99f5dd7425/node_modules/vite/dist/node/chunks/config.js:27145:4
 ❯ EnvironmentPluginContainer.transform node_modules/.pnpm/vite@7.3.1_@types+node@25.2_a52f0677b877553bd4d89f99f5dd7425/node_modules/vite/dist/node/chunks/config.js:28797:14
 ❯ loadAndTransform node_modules/.pnpm/vite@7.3.1_@types+node@25.2_a52f0677b877553bd4d89f99f5dd7425/node_modules/vite/dist/node/chunks/config.js:22670:26

⎯⎯⎯⎯⎯⎯⎯⎯⎯⎯⎯⎯⎯⎯⎯⎯⎯⎯⎯⎯⎯[41/204]⎯

 FAIL  tests/unit/3d-animation/ContactCurveCache.test.ts [ tests/unit/3d-animation/ContactCurveCache.test.ts ]
Error: Failed to resolve import "$lib/shared/3d/services/contact-curve-cache" from "tests/unit/3d-animation/ContactCurveCache.test.ts". Does the file exist?
  Plugin: vite:import-analysis
  File: E:/tka-platform/tests/unit/3d-animation/ContactCurveCache.test.ts:7:7
  4  |    registerCurve,
  5  |    getContactAt
  6  |  } from "$lib/shared/3d/services/contact-curve-cache";
     |          ^
  7  |  const testCurve = {
  8  |    clipName: "test-clip",
 ❯ TransformPluginContext._formatLog node_modules/.pnpm/vite@7.3.1_@types+node@25.2_a52f0677b877553bd4d89f99f5dd7425/node_modules/vite/dist/node/chunks/config.js:28999:43
 ❯ TransformPluginContext.error node_modules/.pnpm/vite@7.3.1_@types+node@25.2_a52f0677b877553bd4d89f99f5dd7425/node_modules/vite/dist/node/chunks/config.js:28996:14
 ❯ normalizeUrl node_modules/.pnpm/vite@7.3.1_@types+node@25.2_a52f0677b877553bd4d89f99f5dd7425/node_modules/vite/dist/node/chunks/config.js:27119:18
 ❯ node_modules/.pnpm/vite@7.3.1_@types+node@25.2_a52f0677b877553bd4d89f99f5dd7425/node_modules/vite/dist/node/chunks/config.js:27177:32
 ❯ TransformPluginContext.transform node_modules/.pnpm/vite@7.3.1_@types+node@25.2_a52f0677b877553bd4d89f99f5dd7425/node_modules/vite/dist/node/chunks/config.js:27145:4
 ❯ EnvironmentPluginContainer.transform node_modules/.pnpm/vite@7.3.1_@types+node@25.2_a52f0677b877553bd4d89f99f5dd7425/node_modules/vite/dist/node/chunks/config.js:28797:14
 ❯ loadAndTransform node_modules/.pnpm/vite@7.3.1_@types+node@25.2_a52f0677b877553bd4d89f99f5dd7425/node_modules/vite/dist/node/chunks/config.js:22670:26

⎯⎯⎯⎯⎯⎯⎯⎯⎯⎯⎯⎯⎯⎯⎯⎯⎯⎯⎯⎯⎯[42/204]⎯

 FAIL  tests/unit/3d-animation/CrouchSystem.test.ts [ tests/unit/3d-animation/CrouchSystem.test.ts ]
Error: Failed to resolve import "$lib/shared/3d/services/implementations/AnimationStateMachine" from "tests/unit/3d-animation/CrouchSystem.test.ts". Does the file exist?
  Plugin: vite:import-analysis
  File: E:/tka-platform/tests/unit/3d-animation/CrouchSystem.test.ts:2:55
  1  |  import { describe, it, expect } from "vitest";
  2  |  import { AnimationStateMachine, LocomotionState } from "$lib/shared/3d/services/implementations/AnimationStateMachine";
     |                                                          ^
  3  |  describe("AnimationStateMachine crouch transitions", () => {
  4  |    function createInput(overrides = {}) {
 ❯ TransformPluginContext._formatLog node_modules/.pnpm/vite@7.3.1_@types+node@25.2_a52f0677b877553bd4d89f99f5dd7425/node_modules/vite/dist/node/chunks/config.js:28999:43
 ❯ TransformPluginContext.error node_modules/.pnpm/vite@7.3.1_@types+node@25.2_a52f0677b877553bd4d89f99f5dd7425/node_modules/vite/dist/node/chunks/config.js:28996:14
 ❯ normalizeUrl node_modules/.pnpm/vite@7.3.1_@types+node@25.2_a52f0677b877553bd4d89f99f5dd7425/node_modules/vite/dist/node/chunks/config.js:27119:18
 ❯ node_modules/.pnpm/vite@7.3.1_@types+node@25.2_a52f0677b877553bd4d89f99f5dd7425/node_modules/vite/dist/node/chunks/config.js:27177:32
 ❯ TransformPluginContext.transform node_modules/.pnpm/vite@7.3.1_@types+node@25.2_a52f0677b877553bd4d89f99f5dd7425/node_modules/vite/dist/node/chunks/config.js:27145:4
 ❯ EnvironmentPluginContainer.transform node_modules/.pnpm/vite@7.3.1_@types+node@25.2_a52f0677b877553bd4d89f99f5dd7425/node_modules/vite/dist/node/chunks/config.js:28797:14
 ❯ loadAndTransform node_modules/.pnpm/vite@7.3.1_@types+node@25.2_a52f0677b877553bd4d89f99f5dd7425/node_modules/vite/dist/node/chunks/config.js:22670:26

⎯⎯⎯⎯⎯⎯⎯⎯⎯⎯⎯⎯⎯⎯⎯⎯⎯⎯⎯⎯⎯[43/204]⎯

 FAIL  tests/unit/3d-animation/ElbowPoleComputer.test.ts [ tests/unit/3d-animation/ElbowPoleComputer.test.ts ]
Error: Failed to resolve import "$lib/shared/3d/services/elbow-pole-computer" from "tests/unit/3d-animation/ElbowPoleComputer.test.ts". Does the file exist?
  Plugin: vite:import-analysis
  File: E:/tka-platform/tests/unit/3d-animation/ElbowPoleComputer.test.ts:3:34
  1  |  import { describe, it, expect } from "vitest";
  2  |  import { Vector3 } from "three";
  3  |  import { computePoleVector } from "$lib/shared/3d/services/elbow-pole-computer";
     |                                     ^
  4  |  import { Plane } from "$lib/shared/3d/domain/enums/Plane";
  5  |  function expectNormalized(v) {
 ❯ TransformPluginContext._formatLog node_modules/.pnpm/vite@7.3.1_@types+node@25.2_a52f0677b877553bd4d89f99f5dd7425/node_modules/vite/dist/node/chunks/config.js:28999:43
 ❯ TransformPluginContext.error node_modules/.pnpm/vite@7.3.1_@types+node@25.2_a52f0677b877553bd4d89f99f5dd7425/node_modules/vite/dist/node/chunks/config.js:28996:14
 ❯ normalizeUrl node_modules/.pnpm/vite@7.3.1_@types+node@25.2_a52f0677b877553bd4d89f99f5dd7425/node_modules/vite/dist/node/chunks/config.js:27119:18
 ❯ node_modules/.pnpm/vite@7.3.1_@types+node@25.2_a52f0677b877553bd4d89f99f5dd7425/node_modules/vite/dist/node/chunks/config.js:27177:32
 ❯ TransformPluginContext.transform node_modules/.pnpm/vite@7.3.1_@types+node@25.2_a52f0677b877553bd4d89f99f5dd7425/node_modules/vite/dist/node/chunks/config.js:27145:4
 ❯ EnvironmentPluginContainer.transform node_modules/.pnpm/vite@7.3.1_@types+node@25.2_a52f0677b877553bd4d89f99f5dd7425/node_modules/vite/dist/node/chunks/config.js:28797:14
 ❯ loadAndTransform node_modules/.pnpm/vite@7.3.1_@types+node@25.2_a52f0677b877553bd4d89f99f5dd7425/node_modules/vite/dist/node/chunks/config.js:22670:26

⎯⎯⎯⎯⎯⎯⎯⎯⎯⎯⎯⎯⎯⎯⎯⎯⎯⎯⎯⎯⎯[44/204]⎯

 FAIL  tests/unit/3d-animation/FingerAnimator.test.ts [ tests/unit/3d-animation/FingerAnimator.test.ts ]
Error: Failed to resolve import "$lib/shared/3d/services/implementations/FingerAnimator" from "tests/unit/3d-animation/FingerAnimator.test.ts". Does the file exist?
  Plugin: vite:import-analysis
  File: E:/tka-platform/tests/unit/3d-animation/FingerAnimator.test.ts:3:31
  1  |  import { describe, it, expect, beforeEach } from "vitest";
  2  |  import { FingerAnimator } from "$lib/shared/3d/services/implementations/FingerAnimator";
     |                                  ^
  3  |  import { GripType, FINGER_BONES } from "$lib/shared/3d/domain/models/GripPose";
  4  |  import { Quaternion } from "three";
 ❯ TransformPluginContext._formatLog node_modules/.pnpm/vite@7.3.1_@types+node@25.2_a52f0677b877553bd4d89f99f5dd7425/node_modules/vite/dist/node/chunks/config.js:28999:43
 ❯ TransformPluginContext.error node_modules/.pnpm/vite@7.3.1_@types+node@25.2_a52f0677b877553bd4d89f99f5dd7425/node_modules/vite/dist/node/chunks/config.js:28996:14
 ❯ normalizeUrl node_modules/.pnpm/vite@7.3.1_@types+node@25.2_a52f0677b877553bd4d89f99f5dd7425/node_modules/vite/dist/node/chunks/config.js:27119:18
 ❯ node_modules/.pnpm/vite@7.3.1_@types+node@25.2_a52f0677b877553bd4d89f99f5dd7425/node_modules/vite/dist/node/chunks/config.js:27177:32
 ❯ TransformPluginContext.transform node_modules/.pnpm/vite@7.3.1_@types+node@25.2_a52f0677b877553bd4d89f99f5dd7425/node_modules/vite/dist/node/chunks/config.js:27145:4
 ❯ EnvironmentPluginContainer.transform node_modules/.pnpm/vite@7.3.1_@types+node@25.2_a52f0677b877553bd4d89f99f5dd7425/node_modules/vite/dist/node/chunks/config.js:28797:14
 ❯ loadAndTransform node_modules/.pnpm/vite@7.3.1_@types+node@25.2_a52f0677b877553bd4d89f99f5dd7425/node_modules/vite/dist/node/chunks/config.js:22670:26

⎯⎯⎯⎯⎯⎯⎯⎯⎯⎯⎯⎯⎯⎯⎯⎯⎯⎯⎯⎯⎯[45/204]⎯

 FAIL  tests/unit/3d-animation/GripPose.test.ts [ tests/unit/3d-animation/GripPose.test.ts ]
Error: Failed to resolve import "$lib/shared/3d/domain/models/GripPose" from "tests/unit/3d-animation/GripPose.test.ts". Does the file exist?
  Plugin: vite:import-analysis
  File: E:/tka-platform/tests/unit/3d-animation/GripPose.test.ts:7:7
  4  |    FINGER_BONES,
  5  |    mirrorQuaternion
  6  |  } from "$lib/shared/3d/domain/models/GripPose";
     |          ^
  7  |  describe("GripPose", () => {
  8  |    describe("FINGER_BONES", () => {
 ❯ TransformPluginContext._formatLog node_modules/.pnpm/vite@7.3.1_@types+node@25.2_a52f0677b877553bd4d89f99f5dd7425/node_modules/vite/dist/node/chunks/config.js:28999:43
 ❯ TransformPluginContext.error node_modules/.pnpm/vite@7.3.1_@types+node@25.2_a52f0677b877553bd4d89f99f5dd7425/node_modules/vite/dist/node/chunks/config.js:28996:14
 ❯ normalizeUrl node_modules/.pnpm/vite@7.3.1_@types+node@25.2_a52f0677b877553bd4d89f99f5dd7425/node_modules/vite/dist/node/chunks/config.js:27119:18
 ❯ node_modules/.pnpm/vite@7.3.1_@types+node@25.2_a52f0677b877553bd4d89f99f5dd7425/node_modules/vite/dist/node/chunks/config.js:27177:32
 ❯ TransformPluginContext.transform node_modules/.pnpm/vite@7.3.1_@types+node@25.2_a52f0677b877553bd4d89f99f5dd7425/node_modules/vite/dist/node/chunks/config.js:27145:4
 ❯ EnvironmentPluginContainer.transform node_modules/.pnpm/vite@7.3.1_@types+node@25.2_a52f0677b877553bd4d89f99f5dd7425/node_modules/vite/dist/node/chunks/config.js:28797:14
 ❯ loadAndTransform node_modules/.pnpm/vite@7.3.1_@types+node@25.2_a52f0677b877553bd4d89f99f5dd7425/node_modules/vite/dist/node/chunks/config.js:22670:26

⎯⎯⎯⎯⎯⎯⎯⎯⎯⎯⎯⎯⎯⎯⎯⎯⎯⎯⎯⎯⎯[46/204]⎯

 FAIL  tests/unit/3d-animation/HingeConstrainedLegIKSolver.test.ts [ tests/unit/3d-animation/HingeConstrainedLegIKSolver.test.ts ]
Error: Failed to resolve import "$lib/shared/3d/services/implementations/HingeConstrainedLegIKSolver" from "tests/unit/3d-animation/HingeConstrainedLegIKSolver.test.ts". Does the file exist?
  Plugin: vite:import-analysis
  File: E:/tka-platform/tests/unit/3d-animation/HingeConstrainedLegIKSolver.test.ts:3:44
  1  |  import { describe, it, expect } from "vitest";
  2  |  import { Bone, Vector3, Quaternion, Object3D } from "three";
  3  |  import { HingeConstrainedLegIKSolver } from "$lib/shared/3d/services/implementations/HingeConstrainedLegIKSolver";
     |                                               ^
  4  |  function buildSyntheticLeg() {
  5  |    const rootGroup = new Object3D();
 ❯ TransformPluginContext._formatLog node_modules/.pnpm/vite@7.3.1_@types+node@25.2_a52f0677b877553bd4d89f99f5dd7425/node_modules/vite/dist/node/chunks/config.js:28999:43
 ❯ TransformPluginContext.error node_modules/.pnpm/vite@7.3.1_@types+node@25.2_a52f0677b877553bd4d89f99f5dd7425/node_modules/vite/dist/node/chunks/config.js:28996:14
 ❯ normalizeUrl node_modules/.pnpm/vite@7.3.1_@types+node@25.2_a52f0677b877553bd4d89f99f5dd7425/node_modules/vite/dist/node/chunks/config.js:27119:18
 ❯ node_modules/.pnpm/vite@7.3.1_@types+node@25.2_a52f0677b877553bd4d89f99f5dd7425/node_modules/vite/dist/node/chunks/config.js:27177:32
 ❯ TransformPluginContext.transform node_modules/.pnpm/vite@7.3.1_@types+node@25.2_a52f0677b877553bd4d89f99f5dd7425/node_modules/vite/dist/node/chunks/config.js:27145:4
 ❯ EnvironmentPluginContainer.transform node_modules/.pnpm/vite@7.3.1_@types+node@25.2_a52f0677b877553bd4d89f99f5dd7425/node_modules/vite/dist/node/chunks/config.js:28797:14
 ❯ loadAndTransform node_modules/.pnpm/vite@7.3.1_@types+node@25.2_a52f0677b877553bd4d89f99f5dd7425/node_modules/vite/dist/node/chunks/config.js:22670:26

⎯⎯⎯⎯⎯⎯⎯⎯⎯⎯⎯⎯⎯⎯⎯⎯⎯⎯⎯⎯⎯[47/204]⎯

 FAIL  tests/unit/3d-animation/KneeHingeAxisCalibrator.test.ts [ tests/unit/3d-animation/KneeHingeAxisCalibrator.test.ts ]
Error: Failed to resolve import "$lib/shared/3d/services/knee-hinge-axis-calibrator" from "tests/unit/3d-animation/KneeHingeAxisCalibrator.test.ts". Does the file exist?
  Plugin: vite:import-analysis
  File: E:/tka-platform/tests/unit/3d-animation/KneeHingeAxisCalibrator.test.ts:3:37
  1  |  import { describe, it, expect } from "vitest";
  2  |  import { Vector3 } from "three";
  3  |  import { computeKneeHingeAxis } from "$lib/shared/3d/services/knee-hinge-axis-calibrator";
     |                                        ^
  4  |  describe("KneeHingeAxisCalibrator", () => {
  5  |    it("returns X-aligned axis for a leg bent in the YZ plane (knee bends forward)", () => {
 ❯ TransformPluginContext._formatLog node_modules/.pnpm/vite@7.3.1_@types+node@25.2_a52f0677b877553bd4d89f99f5dd7425/node_modules/vite/dist/node/chunks/config.js:28999:43
 ❯ TransformPluginContext.error node_modules/.pnpm/vite@7.3.1_@types+node@25.2_a52f0677b877553bd4d89f99f5dd7425/node_modules/vite/dist/node/chunks/config.js:28996:14
 ❯ normalizeUrl node_modules/.pnpm/vite@7.3.1_@types+node@25.2_a52f0677b877553bd4d89f99f5dd7425/node_modules/vite/dist/node/chunks/config.js:27119:18
 ❯ node_modules/.pnpm/vite@7.3.1_@types+node@25.2_a52f0677b877553bd4d89f99f5dd7425/node_modules/vite/dist/node/chunks/config.js:27177:32
 ❯ TransformPluginContext.transform node_modules/.pnpm/vite@7.3.1_@types+node@25.2_a52f0677b877553bd4d89f99f5dd7425/node_modules/vite/dist/node/chunks/config.js:27145:4
 ❯ EnvironmentPluginContainer.transform node_modules/.pnpm/vite@7.3.1_@types+node@25.2_a52f0677b877553bd4d89f99f5dd7425/node_modules/vite/dist/node/chunks/config.js:28797:14
 ❯ loadAndTransform node_modules/.pnpm/vite@7.3.1_@types+node@25.2_a52f0677b877553bd4d89f99f5dd7425/node_modules/vite/dist/node/chunks/config.js:22670:26

⎯⎯⎯⎯⎯⎯⎯⎯⎯⎯⎯⎯⎯⎯⎯⎯⎯⎯⎯⎯⎯[48/204]⎯

 FAIL  tests/unit/3d-animation/RootMotionExtractor-yaw.test.ts [ tests/unit/3d-animation/RootMotionExtractor-yaw.test.ts ]
Error: Failed to resolve import "$lib/shared/3d/services/implementations/RootMotionExtractor" from "tests/unit/3d-animation/RootMotionExtractor-yaw.test.ts". Does the file exist?
  Plugin: vite:import-analysis
  File: E:/tka-platform/tests/unit/3d-animation/RootMotionExtractor-yaw.test.ts:3:36
  1  |  import { describe, it, expect, beforeEach } from "vitest";
  2  |  import { Bone } from "three";
  3  |  import { RootMotionExtractor } from "$lib/shared/3d/services/implementations/RootMotionExtractor";
     |                                       ^
  4  |  describe("RootMotionExtractor yaw delta", () => {
  5  |    let bone;
 ❯ TransformPluginContext._formatLog node_modules/.pnpm/vite@7.3.1_@types+node@25.2_a52f0677b877553bd4d89f99f5dd7425/node_modules/vite/dist/node/chunks/config.js:28999:43
 ❯ TransformPluginContext.error node_modules/.pnpm/vite@7.3.1_@types+node@25.2_a52f0677b877553bd4d89f99f5dd7425/node_modules/vite/dist/node/chunks/config.js:28996:14
 ❯ normalizeUrl node_modules/.pnpm/vite@7.3.1_@types+node@25.2_a52f0677b877553bd4d89f99f5dd7425/node_modules/vite/dist/node/chunks/config.js:27119:18
 ❯ node_modules/.pnpm/vite@7.3.1_@types+node@25.2_a52f0677b877553bd4d89f99f5dd7425/node_modules/vite/dist/node/chunks/config.js:27177:32
 ❯ TransformPluginContext.transform node_modules/.pnpm/vite@7.3.1_@types+node@25.2_a52f0677b877553bd4d89f99f5dd7425/node_modules/vite/dist/node/chunks/config.js:27145:4
 ❯ EnvironmentPluginContainer.transform node_modules/.pnpm/vite@7.3.1_@types+node@25.2_a52f0677b877553bd4d89f99f5dd7425/node_modules/vite/dist/node/chunks/config.js:28797:14
 ❯ loadAndTransform node_modules/.pnpm/vite@7.3.1_@types+node@25.2_a52f0677b877553bd4d89f99f5dd7425/node_modules/vite/dist/node/chunks/config.js:22670:26

⎯⎯⎯⎯⎯⎯⎯⎯⎯⎯⎯⎯⎯⎯⎯⎯⎯⎯⎯⎯⎯[49/204]⎯

 FAIL  tests/unit/3d-animation/spine-twist.test.ts [ tests/unit/3d-animation/spine-twist.test.ts ]
Error: Failed to resolve import "$lib/shared/3d/services/spine-twister" from "tests/unit/3d-animation/spine-twist.test.ts". Does the file exist?
  Plugin: vite:import-analysis
  File: E:/tka-platform/tests/unit/3d-animation/spine-twist.test.ts:3:34
  1  |  import { describe, it, expect } from "vitest";
  2  |  import { Vector3, Quaternion } from "three";
  3  |  import { computeSpineTwist } from "$lib/shared/3d/services/spine-twister";
     |                                     ^
  4  |  function quatToYawDeg(q) {
  5  |    const sinY = 2 * (q.w * q.y + q.x * q.z);
 ❯ TransformPluginContext._formatLog node_modules/.pnpm/vite@7.3.1_@types+node@25.2_a52f0677b877553bd4d89f99f5dd7425/node_modules/vite/dist/node/chunks/config.js:28999:43
 ❯ TransformPluginContext.error node_modules/.pnpm/vite@7.3.1_@types+node@25.2_a52f0677b877553bd4d89f99f5dd7425/node_modules/vite/dist/node/chunks/config.js:28996:14
 ❯ normalizeUrl node_modules/.pnpm/vite@7.3.1_@types+node@25.2_a52f0677b877553bd4d89f99f5dd7425/node_modules/vite/dist/node/chunks/config.js:27119:18
 ❯ node_modules/.pnpm/vite@7.3.1_@types+node@25.2_a52f0677b877553bd4d89f99f5dd7425/node_modules/vite/dist/node/chunks/config.js:27177:32
 ❯ TransformPluginContext.transform node_modules/.pnpm/vite@7.3.1_@types+node@25.2_a52f0677b877553bd4d89f99f5dd7425/node_modules/vite/dist/node/chunks/config.js:27145:4
 ❯ EnvironmentPluginContainer.transform node_modules/.pnpm/vite@7.3.1_@types+node@25.2_a52f0677b877553bd4d89f99f5dd7425/node_modules/vite/dist/node/chunks/config.js:28797:14
 ❯ loadAndTransform node_modules/.pnpm/vite@7.3.1_@types+node@25.2_a52f0677b877553bd4d89f99f5dd7425/node_modules/vite/dist/node/chunks/config.js:22670:26

⎯⎯⎯⎯⎯⎯⎯⎯⎯⎯⎯⎯⎯⎯⎯⎯⎯⎯⎯⎯⎯[50/204]⎯

 FAIL  tests/unit/3d-animation/SpineTwister.test.ts [ tests/unit/3d-animation/SpineTwister.test.ts ]
Error: Failed to resolve import "$lib/shared/3d/services/implementations/SpineTwister" from "tests/unit/3d-animation/SpineTwister.test.ts". Does the file exist?
  Plugin: vite:import-analysis
  File: E:/tka-platform/tests/unit/3d-animation/SpineTwister.test.ts:5:29
  1  |  import { describe, it, expect } from "vitest";
  2  |  import { Vector3, Quaternion } from "three";
  3  |  import { SpineTwister } from "$lib/shared/3d/services/implementations/SpineTwister";
     |                                ^
  4  |  function angleDegrees(q) {
  5  |    const angle = 2 * Math.acos(Math.min(1, Math.abs(q.w)));
 ❯ TransformPluginContext._formatLog node_modules/.pnpm/vite@7.3.1_@types+node@25.2_a52f0677b877553bd4d89f99f5dd7425/node_modules/vite/dist/node/chunks/config.js:28999:43
 ❯ TransformPluginContext.error node_modules/.pnpm/vite@7.3.1_@types+node@25.2_a52f0677b877553bd4d89f99f5dd7425/node_modules/vite/dist/node/chunks/config.js:28996:14
 ❯ normalizeUrl node_modules/.pnpm/vite@7.3.1_@types+node@25.2_a52f0677b877553bd4d89f99f5dd7425/node_modules/vite/dist/node/chunks/config.js:27119:18
 ❯ node_modules/.pnpm/vite@7.3.1_@types+node@25.2_a52f0677b877553bd4d89f99f5dd7425/node_modules/vite/dist/node/chunks/config.js:27177:32
 ❯ TransformPluginContext.transform node_modules/.pnpm/vite@7.3.1_@types+node@25.2_a52f0677b877553bd4d89f99f5dd7425/node_modules/vite/dist/node/chunks/config.js:27145:4
 ❯ EnvironmentPluginContainer.transform node_modules/.pnpm/vite@7.3.1_@types+node@25.2_a52f0677b877553bd4d89f99f5dd7425/node_modules/vite/dist/node/chunks/config.js:28797:14
 ❯ loadAndTransform node_modules/.pnpm/vite@7.3.1_@types+node@25.2_a52f0677b877553bd4d89f99f5dd7425/node_modules/vite/dist/node/chunks/config.js:22670:26

⎯⎯⎯⎯⎯⎯⎯⎯⎯⎯⎯⎯⎯⎯⎯⎯⎯⎯⎯⎯⎯[51/204]⎯

 FAIL  tests/unit/3d-animation/staff-grip-poses.test.ts [ tests/unit/3d-animation/staff-grip-poses.test.ts ]
Error: Failed to resolve import "$lib/shared/3d/data/grip-poses/staff-grip-poses" from "tests/unit/3d-animation/staff-grip-poses.test.ts". Does the file exist?
  Plugin: vite:import-analysis
  File: E:/tka-platform/tests/unit/3d-animation/staff-grip-poses.test.ts:2:33
  1  |  import { describe, it, expect } from "vitest";
  2  |  import { STAFF_GRIP_POSES } from "$lib/shared/3d/data/grip-poses/staff-grip-poses";
     |                                    ^
  3  |  import { GripType, FINGER_BONES } from "$lib/shared/3d/domain/models/GripPose";
  4  |  describe("STAFF_GRIP_POSES", () => {
 ❯ TransformPluginContext._formatLog node_modules/.pnpm/vite@7.3.1_@types+node@25.2_a52f0677b877553bd4d89f99f5dd7425/node_modules/vite/dist/node/chunks/config.js:28999:43
 ❯ TransformPluginContext.error node_modules/.pnpm/vite@7.3.1_@types+node@25.2_a52f0677b877553bd4d89f99f5dd7425/node_modules/vite/dist/node/chunks/config.js:28996:14
 ❯ normalizeUrl node_modules/.pnpm/vite@7.3.1_@types+node@25.2_a52f0677b877553bd4d89f99f5dd7425/node_modules/vite/dist/node/chunks/config.js:27119:18
 ❯ node_modules/.pnpm/vite@7.3.1_@types+node@25.2_a52f0677b877553bd4d89f99f5dd7425/node_modules/vite/dist/node/chunks/config.js:27177:32
 ❯ TransformPluginContext.transform node_modules/.pnpm/vite@7.3.1_@types+node@25.2_a52f0677b877553bd4d89f99f5dd7425/node_modules/vite/dist/node/chunks/config.js:27145:4
 ❯ EnvironmentPluginContainer.transform node_modules/.pnpm/vite@7.3.1_@types+node@25.2_a52f0677b877553bd4d89f99f5dd7425/node_modules/vite/dist/node/chunks/config.js:28797:14
 ❯ loadAndTransform node_modules/.pnpm/vite@7.3.1_@types+node@25.2_a52f0677b877553bd4d89f99f5dd7425/node_modules/vite/dist/node/chunks/config.js:22670:26

⎯⎯⎯⎯⎯⎯⎯⎯⎯⎯⎯⎯⎯⎯⎯⎯⎯⎯⎯⎯⎯[52/204]⎯

 FAIL  tests/unit/3d-animation/user-proportions.test.ts [ tests/unit/3d-animation/user-proportions.test.ts ]
Error: Failed to resolve import "$lib/shared/3d/config/user-proportions" from "tests/unit/3d-animation/user-proportions.test.ts". Does the file exist?
  Plugin: vite:import-analysis
  File: E:/tka-platform/tests/unit/3d-animation/user-proportions.test.ts:12:7
  4  |    feetInchesToCm,
  5  |    inchesToCm
  6  |  } from "$lib/shared/3d/config/user-proportions";
     |          ^
  7  |  import { CM_TO_UNITS } from "$lib/shared/3d/config/avatar-proportions";
  8  |  describe("User Proportions Calculations", () => {
 ❯ TransformPluginContext._formatLog node_modules/.pnpm/vite@7.3.1_@types+node@25.2_a52f0677b877553bd4d89f99f5dd7425/node_modules/vite/dist/node/chunks/config.js:28999:43
 ❯ TransformPluginContext.error node_modules/.pnpm/vite@7.3.1_@types+node@25.2_a52f0677b877553bd4d89f99f5dd7425/node_modules/vite/dist/node/chunks/config.js:28996:14
 ❯ normalizeUrl node_modules/.pnpm/vite@7.3.1_@types+node@25.2_a52f0677b877553bd4d89f99f5dd7425/node_modules/vite/dist/node/chunks/config.js:27119:18
 ❯ node_modules/.pnpm/vite@7.3.1_@types+node@25.2_a52f0677b877553bd4d89f99f5dd7425/node_modules/vite/dist/node/chunks/config.js:27177:32
 ❯ TransformPluginContext.transform node_modules/.pnpm/vite@7.3.1_@types+node@25.2_a52f0677b877553bd4d89f99f5dd7425/node_modules/vite/dist/node/chunks/config.js:27145:4
 ❯ EnvironmentPluginContainer.transform node_modules/.pnpm/vite@7.3.1_@types+node@25.2_a52f0677b877553bd4d89f99f5dd7425/node_modules/vite/dist/node/chunks/config.js:28797:14
 ❯ loadAndTransform node_modules/.pnpm/vite@7.3.1_@types+node@25.2_a52f0677b877553bd4d89f99f5dd7425/node_modules/vite/dist/node/chunks/config.js:22670:26

⎯⎯⎯⎯⎯⎯⎯⎯⎯⎯⎯⎯⎯⎯⎯⎯⎯⎯⎯⎯⎯[53/204]⎯

 FAIL  tests/unit/animation-engine/animation-engine-effort-resolver.test.ts [ tests/unit/animation-engine/animation-engine-effort-resolver.test.ts ]
Error: Failed to resolve import "$lib/shared/pictograph/grid/domain/enums/grid-enums" from "src/lib/shared/animation-engine/services/implementations/AnimationEngine.svelte.ts". Does the file exist?
  Plugin: vite:import-analysis
  File: E:/tka-platform/src/lib/shared/animation-engine/services/implementations/AnimationEngine.svelte.ts:19:25
  1  |  /* AnimationEngine.svelte.ts generated by Svelte v5.49.2 */
  2  |  import * as $ from 'svelte/internal/client';
  3  |  import { GridMode } from "$lib/shared/pictograph/grid/domain/enums/grid-enums";
     |                            ^
  4  |  import { animationSettings as animationSettingsState } from "../../state/animation-settings-state.svelte";
  5  |  import "../../domain/types/TrailTypes";
 ❯ TransformPluginContext._formatLog node_modules/.pnpm/vite@7.3.1_@types+node@25.2_a52f0677b877553bd4d89f99f5dd7425/node_modules/vite/dist/node/chunks/config.js:28999:43
 ❯ TransformPluginContext.error node_modules/.pnpm/vite@7.3.1_@types+node@25.2_a52f0677b877553bd4d89f99f5dd7425/node_modules/vite/dist/node/chunks/config.js:28996:14
 ❯ normalizeUrl node_modules/.pnpm/vite@7.3.1_@types+node@25.2_a52f0677b877553bd4d89f99f5dd7425/node_modules/vite/dist/node/chunks/config.js:27119:18
 ❯ node_modules/.pnpm/vite@7.3.1_@types+node@25.2_a52f0677b877553bd4d89f99f5dd7425/node_modules/vite/dist/node/chunks/config.js:27177:32
 ❯ TransformPluginContext.transform node_modules/.pnpm/vite@7.3.1_@types+node@25.2_a52f0677b877553bd4d89f99f5dd7425/node_modules/vite/dist/node/chunks/config.js:27145:4
 ❯ EnvironmentPluginContainer.transform node_modules/.pnpm/vite@7.3.1_@types+node@25.2_a52f0677b877553bd4d89f99f5dd7425/node_modules/vite/dist/node/chunks/config.js:28797:14
 ❯ loadAndTransform node_modules/.pnpm/vite@7.3.1_@types+node@25.2_a52f0677b877553bd4d89f99f5dd7425/node_modules/vite/dist/node/chunks/config.js:22670:26

⎯⎯⎯⎯⎯⎯⎯⎯⎯⎯⎯⎯⎯⎯⎯⎯⎯⎯⎯⎯⎯[54/204]⎯

 FAIL  tests/unit/animation-engine/color-presets.test.ts [ tests/unit/animation-engine/color-presets.test.ts ]
Error: Failed to resolve import "$lib/shared/animation-engine/domain/types/LedColorPresets" from "tests/unit/animation-engine/color-presets.test.ts". Does the file exist?
  Plugin: vite:import-analysis
  File: E:/tka-platform/tests/unit/animation-engine/color-presets.test.ts:7:7
  4  |    findPreset,
  5  |    validatePreset
  6  |  } from "$lib/shared/animation-engine/domain/types/LedColorPresets";
     |          ^
  7  |  describe("Color Presets", () => {
  8  |    it("has 8 built-in presets", () => {
 ❯ TransformPluginContext._formatLog node_modules/.pnpm/vite@7.3.1_@types+node@25.2_a52f0677b877553bd4d89f99f5dd7425/node_modules/vite/dist/node/chunks/config.js:28999:43
 ❯ TransformPluginContext.error node_modules/.pnpm/vite@7.3.1_@types+node@25.2_a52f0677b877553bd4d89f99f5dd7425/node_modules/vite/dist/node/chunks/config.js:28996:14
 ❯ normalizeUrl node_modules/.pnpm/vite@7.3.1_@types+node@25.2_a52f0677b877553bd4d89f99f5dd7425/node_modules/vite/dist/node/chunks/config.js:27119:18
 ❯ node_modules/.pnpm/vite@7.3.1_@types+node@25.2_a52f0677b877553bd4d89f99f5dd7425/node_modules/vite/dist/node/chunks/config.js:27177:32
 ❯ TransformPluginContext.transform node_modules/.pnpm/vite@7.3.1_@types+node@25.2_a52f0677b877553bd4d89f99f5dd7425/node_modules/vite/dist/node/chunks/config.js:27145:4
 ❯ EnvironmentPluginContainer.transform node_modules/.pnpm/vite@7.3.1_@types+node@25.2_a52f0677b877553bd4d89f99f5dd7425/node_modules/vite/dist/node/chunks/config.js:28797:14
 ❯ loadAndTransform node_modules/.pnpm/vite@7.3.1_@types+node@25.2_a52f0677b877553bd4d89f99f5dd7425/node_modules/vite/dist/node/chunks/config.js:22670:26

⎯⎯⎯⎯⎯⎯⎯⎯⎯⎯⎯⎯⎯⎯⎯⎯⎯⎯⎯⎯⎯[55/204]⎯

 FAIL  tests/unit/animation-engine/endless-playback-state.test.ts [ tests/unit/animation-engine/endless-playback-state.test.ts ]
Error: Failed to resolve import "$lib/shared/animation-engine/state/endless-playback-state.svelte" from "tests/unit/animation-engine/endless-playback-state.test.ts". Does the file exist?
  Plugin: vite:import-analysis
  File: E:/tka-platform/tests/unit/animation-engine/endless-playback-state.test.ts:42:0
  39 |    }
  40 |  }));
  41 |  const __vi_import_0__ = await import("$lib/shared/animation-engine/state/endless-playback-state.svelte");
     |                                       ^
  42 |  import { describe, it, expect, vi } from "vitest";
  43 |  
 ❯ TransformPluginContext._formatLog node_modules/.pnpm/vite@7.3.1_@types+node@25.2_a52f0677b877553bd4d89f99f5dd7425/node_modules/vite/dist/node/chunks/config.js:28999:43
 ❯ TransformPluginContext.error node_modules/.pnpm/vite@7.3.1_@types+node@25.2_a52f0677b877553bd4d89f99f5dd7425/node_modules/vite/dist/node/chunks/config.js:28996:14
 ❯ normalizeUrl node_modules/.pnpm/vite@7.3.1_@types+node@25.2_a52f0677b877553bd4d89f99f5dd7425/node_modules/vite/dist/node/chunks/config.js:27119:18
 ❯ node_modules/.pnpm/vite@7.3.1_@types+node@25.2_a52f0677b877553bd4d89f99f5dd7425/node_modules/vite/dist/node/chunks/config.js:27177:32
 ❯ TransformPluginContext.transform node_modules/.pnpm/vite@7.3.1_@types+node@25.2_a52f0677b877553bd4d89f99f5dd7425/node_modules/vite/dist/node/chunks/config.js:27145:4
 ❯ EnvironmentPluginContainer.transform node_modules/.pnpm/vite@7.3.1_@types+node@25.2_a52f0677b877553bd4d89f99f5dd7425/node_modules/vite/dist/node/chunks/config.js:28797:14
 ❯ loadAndTransform node_modules/.pnpm/vite@7.3.1_@types+node@25.2_a52f0677b877553bd4d89f99f5dd7425/node_modules/vite/dist/node/chunks/config.js:22670:26

⎯⎯⎯⎯⎯⎯⎯⎯⎯⎯⎯⎯⎯⎯⎯⎯⎯⎯⎯⎯⎯[56/204]⎯

 FAIL  tests/unit/animation-engine/noise.test.ts [ tests/unit/animation-engine/noise.test.ts ]
Error: Failed to resolve import "$lib/shared/animation-engine/domain/patterns/noise" from "tests/unit/animation-engine/noise.test.ts". Does the file exist?
  Plugin: vite:import-analysis
  File: E:/tka-platform/tests/unit/animation-engine/noise.test.ts:2:26
  1  |  import { describe, it, expect } from "vitest";
  2  |  import { simplex2d } from "$lib/shared/animation-engine/domain/patterns/noise";
     |                             ^
  3  |  describe("simplex2d", () => {
  4  |    it("returns values in [-1, 1]", () => {
 ❯ TransformPluginContext._formatLog node_modules/.pnpm/vite@7.3.1_@types+node@25.2_a52f0677b877553bd4d89f99f5dd7425/node_modules/vite/dist/node/chunks/config.js:28999:43
 ❯ TransformPluginContext.error node_modules/.pnpm/vite@7.3.1_@types+node@25.2_a52f0677b877553bd4d89f99f5dd7425/node_modules/vite/dist/node/chunks/config.js:28996:14
 ❯ normalizeUrl node_modules/.pnpm/vite@7.3.1_@types+node@25.2_a52f0677b877553bd4d89f99f5dd7425/node_modules/vite/dist/node/chunks/config.js:27119:18
 ❯ node_modules/.pnpm/vite@7.3.1_@types+node@25.2_a52f0677b877553bd4d89f99f5dd7425/node_modules/vite/dist/node/chunks/config.js:27177:32
 ❯ TransformPluginContext.transform node_modules/.pnpm/vite@7.3.1_@types+node@25.2_a52f0677b877553bd4d89f99f5dd7425/node_modules/vite/dist/node/chunks/config.js:27145:4
 ❯ EnvironmentPluginContainer.transform node_modules/.pnpm/vite@7.3.1_@types+node@25.2_a52f0677b877553bd4d89f99f5dd7425/node_modules/vite/dist/node/chunks/config.js:28797:14
 ❯ loadAndTransform node_modules/.pnpm/vite@7.3.1_@types+node@25.2_a52f0677b877553bd4d89f99f5dd7425/node_modules/vite/dist/node/chunks/config.js:22670:26

⎯⎯⎯⎯⎯⎯⎯⎯⎯⎯⎯⎯⎯⎯⎯⎯⎯⎯⎯⎯⎯[57/204]⎯

 FAIL  tests/unit/animation-engine/pattern-evaluators.test.ts [ tests/unit/animation-engine/pattern-evaluators.test.ts ]
Error: Failed to resolve import "$lib/shared/animation-engine/domain/patterns/context" from "tests/unit/animation-engine/pattern-evaluators.test.ts". Does the file exist?
  Plugin: vite:import-analysis
  File: E:/tka-platform/tests/unit/animation-engine/pattern-evaluators.test.ts:2:38
  1  |  import { describe, it, expect } from "vitest";
  2  |  import { createReusableContext } from "$lib/shared/animation-engine/domain/patterns/context";
     |                                         ^
  3  |  import { evaluatePattern } from "$lib/shared/animation-engine/domain/patterns/evaluator";
  4  |  import { evaluatePattern as oldEvaluatePattern, getLedPattern } from "$lib/shared/animation-engine/domain/types/LedPa...
 ❯ TransformPluginContext._formatLog node_modules/.pnpm/vite@7.3.1_@types+node@25.2_a52f0677b877553bd4d89f99f5dd7425/node_modules/vite/dist/node/chunks/config.js:28999:43
 ❯ TransformPluginContext.error node_modules/.pnpm/vite@7.3.1_@types+node@25.2_a52f0677b877553bd4d89f99f5dd7425/node_modules/vite/dist/node/chunks/config.js:28996:14
 ❯ normalizeUrl node_modules/.pnpm/vite@7.3.1_@types+node@25.2_a52f0677b877553bd4d89f99f5dd7425/node_modules/vite/dist/node/chunks/config.js:27119:18
 ❯ node_modules/.pnpm/vite@7.3.1_@types+node@25.2_a52f0677b877553bd4d89f99f5dd7425/node_modules/vite/dist/node/chunks/config.js:27177:32
 ❯ TransformPluginContext.transform node_modules/.pnpm/vite@7.3.1_@types+node@25.2_a52f0677b877553bd4d89f99f5dd7425/node_modules/vite/dist/node/chunks/config.js:27145:4
 ❯ EnvironmentPluginContainer.transform node_modules/.pnpm/vite@7.3.1_@types+node@25.2_a52f0677b877553bd4d89f99f5dd7425/node_modules/vite/dist/node/chunks/config.js:28797:14
 ❯ loadAndTransform node_modules/.pnpm/vite@7.3.1_@types+node@25.2_a52f0677b877553bd4d89f99f5dd7425/node_modules/vite/dist/node/chunks/config.js:22670:26

⎯⎯⎯⎯⎯⎯⎯⎯⎯⎯⎯⎯⎯⎯⎯⎯⎯⎯⎯⎯⎯[58/204]⎯

 FAIL  tests/unit/animation-engine/pattern-registry.test.ts [ tests/unit/animation-engine/pattern-registry.test.ts ]
Error: Failed to resolve import "$lib/shared/animation-engine/domain/patterns/registry" from "tests/unit/animation-engine/pattern-registry.test.ts". Does the file exist?
  Plugin: vite:import-analysis
  File: E:/tka-platform/tests/unit/animation-engine/pattern-registry.test.ts:7:7
  5  |    getPatternsByCategory,
  6  |    CATEGORY_LABELS
  7  |  } from "$lib/shared/animation-engine/domain/patterns/registry";
     |          ^
  8  |  import { evaluatePattern, hasPattern } from "$lib/shared/animation-engine/domain/patterns/evaluator";
  9  |  import { createReusableContext } from "$lib/shared/animation-engine/domain/patterns/context";
 ❯ TransformPluginContext._formatLog node_modules/.pnpm/vite@7.3.1_@types+node@25.2_a52f0677b877553bd4d89f99f5dd7425/node_modules/vite/dist/node/chunks/config.js:28999:43
 ❯ TransformPluginContext.error node_modules/.pnpm/vite@7.3.1_@types+node@25.2_a52f0677b877553bd4d89f99f5dd7425/node_modules/vite/dist/node/chunks/config.js:28996:14
 ❯ normalizeUrl node_modules/.pnpm/vite@7.3.1_@types+node@25.2_a52f0677b877553bd4d89f99f5dd7425/node_modules/vite/dist/node/chunks/config.js:27119:18
 ❯ node_modules/.pnpm/vite@7.3.1_@types+node@25.2_a52f0677b877553bd4d89f99f5dd7425/node_modules/vite/dist/node/chunks/config.js:27177:32
 ❯ TransformPluginContext.transform node_modules/.pnpm/vite@7.3.1_@types+node@25.2_a52f0677b877553bd4d89f99f5dd7425/node_modules/vite/dist/node/chunks/config.js:27145:4
 ❯ EnvironmentPluginContainer.transform node_modules/.pnpm/vite@7.3.1_@types+node@25.2_a52f0677b877553bd4d89f99f5dd7425/node_modules/vite/dist/node/chunks/config.js:28797:14
 ❯ loadAndTransform node_modules/.pnpm/vite@7.3.1_@types+node@25.2_a52f0677b877553bd4d89f99f5dd7425/node_modules/vite/dist/node/chunks/config.js:22670:26

⎯⎯⎯⎯⎯⎯⎯⎯⎯⎯⎯⎯⎯⎯⎯⎯⎯⎯⎯⎯⎯[59/204]⎯

 FAIL  tests/unit/animation-engine/sequence-chaining-orchestrator.test.ts [ tests/unit/animation-engine/sequence-chaining-orchestrator.test.ts ]
Error: Failed to resolve import "$lib/shared/animation-engine/services/implementations/SequenceChainingOrchestrator" from "tests/unit/animation-engine/sequence-chaining-orchestrator.test.ts". Does the file exist?
  Plugin: vite:import-analysis
  File: E:/tka-platform/tests/unit/animation-engine/sequence-chaining-orchestrator.test.ts:35:0
  29 |    gridPositionDeriver: { getGridPositionFromLocations: vi.fn() }
  30 |  }));
  31 |  const __vi_import_0__ = await import("$lib/shared/animation-engine/services/implementations/SequenceChainingOrchestra...
     |                                       ^
  32 |  const __vi_import_1__ = await import("$lib/shared/pictograph/prop/domain/enums/PropType");
  33 |  import { describe, it, expect, vi } from "vitest";
 ❯ TransformPluginContext._formatLog node_modules/.pnpm/vite@7.3.1_@types+node@25.2_a52f0677b877553bd4d89f99f5dd7425/node_modules/vite/dist/node/chunks/config.js:28999:43
 ❯ TransformPluginContext.error node_modules/.pnpm/vite@7.3.1_@types+node@25.2_a52f0677b877553bd4d89f99f5dd7425/node_modules/vite/dist/node/chunks/config.js:28996:14
 ❯ normalizeUrl node_modules/.pnpm/vite@7.3.1_@types+node@25.2_a52f0677b877553bd4d89f99f5dd7425/node_modules/vite/dist/node/chunks/config.js:27119:18
 ❯ node_modules/.pnpm/vite@7.3.1_@types+node@25.2_a52f0677b877553bd4d89f99f5dd7425/node_modules/vite/dist/node/chunks/config.js:27177:32
 ❯ TransformPluginContext.transform node_modules/.pnpm/vite@7.3.1_@types+node@25.2_a52f0677b877553bd4d89f99f5dd7425/node_modules/vite/dist/node/chunks/config.js:27145:4
 ❯ EnvironmentPluginContainer.transform node_modules/.pnpm/vite@7.3.1_@types+node@25.2_a52f0677b877553bd4d89f99f5dd7425/node_modules/vite/dist/node/chunks/config.js:28797:14
 ❯ loadAndTransform node_modules/.pnpm/vite@7.3.1_@types+node@25.2_a52f0677b877553bd4d89f99f5dd7425/node_modules/vite/dist/node/chunks/config.js:22670:26

⎯⎯⎯⎯⎯⎯⎯⎯⎯⎯⎯⎯⎯⎯⎯⎯⎯⎯⎯⎯⎯[60/204]⎯

 FAIL  tests/unit/animation-engine/tail-recession.test.ts [ tests/unit/animation-engine/tail-recession.test.ts ]
Error: Failed to resolve import "$lib/shared/animation-engine/domain/tail-recession" from "tests/unit/animation-engine/tail-recession.test.ts". Does the file exist?
  Plugin: vite:import-analysis
  File: E:/tka-platform/tests/unit/animation-engine/tail-recession.test.ts:8:7
  4  |    computeVisiblePath,
  5  |    createTailState
  6  |  } from "$lib/shared/animation-engine/domain/tail-recession";
     |          ^
  7  |  const LEADING_EDGE = 20;
  8  |  const FRAME_MS = 16.67;
 ❯ TransformPluginContext._formatLog node_modules/.pnpm/vite@7.3.1_@types+node@25.2_a52f0677b877553bd4d89f99f5dd7425/node_modules/vite/dist/node/chunks/config.js:28999:43
 ❯ TransformPluginContext.error node_modules/.pnpm/vite@7.3.1_@types+node@25.2_a52f0677b877553bd4d89f99f5dd7425/node_modules/vite/dist/node/chunks/config.js:28996:14
 ❯ normalizeUrl node_modules/.pnpm/vite@7.3.1_@types+node@25.2_a52f0677b877553bd4d89f99f5dd7425/node_modules/vite/dist/node/chunks/config.js:27119:18
 ❯ node_modules/.pnpm/vite@7.3.1_@types+node@25.2_a52f0677b877553bd4d89f99f5dd7425/node_modules/vite/dist/node/chunks/config.js:27177:32
 ❯ TransformPluginContext.transform node_modules/.pnpm/vite@7.3.1_@types+node@25.2_a52f0677b877553bd4d89f99f5dd7425/node_modules/vite/dist/node/chunks/config.js:27145:4
 ❯ EnvironmentPluginContainer.transform node_modules/.pnpm/vite@7.3.1_@types+node@25.2_a52f0677b877553bd4d89f99f5dd7425/node_modules/vite/dist/node/chunks/config.js:28797:14
 ❯ loadAndTransform node_modules/.pnpm/vite@7.3.1_@types+node@25.2_a52f0677b877553bd4d89f99f5dd7425/node_modules/vite/dist/node/chunks/config.js:22670:26

⎯⎯⎯⎯⎯⎯⎯⎯⎯⎯⎯⎯⎯⎯⎯⎯⎯⎯⎯⎯⎯[61/204]⎯

 FAIL  tests/unit/3d-hierarchy/performer-rig-transforms.test.ts [ tests/unit/3d-hierarchy/performer-rig-transforms.test.ts ]
Error: Failed to resolve import "$lib/shared/3d/domain/constants/plane-transforms" from "tests/unit/3d-hierarchy/performer-rig-transforms.test.ts". Does the file exist?
  Plugin: vite:import-analysis
  File: E:/tka-platform/tests/unit/3d-hierarchy/performer-rig-transforms.test.ts:23:7
  7  |    planeAngleToWorldPosition,
  8  |    calculatePropQuaternion
  9  |  } from "$lib/shared/3d/domain/constants/plane-transforms";
     |          ^
  10 |  import { Plane } from "$lib/shared/3d/domain/enums/Plane";
  11 |  import {
 ❯ TransformPluginContext._formatLog node_modules/.pnpm/vite@7.3.1_@types+node@25.2_a52f0677b877553bd4d89f99f5dd7425/node_modules/vite/dist/node/chunks/config.js:28999:43
 ❯ TransformPluginContext.error node_modules/.pnpm/vite@7.3.1_@types+node@25.2_a52f0677b877553bd4d89f99f5dd7425/node_modules/vite/dist/node/chunks/config.js:28996:14
 ❯ normalizeUrl node_modules/.pnpm/vite@7.3.1_@types+node@25.2_a52f0677b877553bd4d89f99f5dd7425/node_modules/vite/dist/node/chunks/config.js:27119:18
 ❯ node_modules/.pnpm/vite@7.3.1_@types+node@25.2_a52f0677b877553bd4d89f99f5dd7425/node_modules/vite/dist/node/chunks/config.js:27177:32
 ❯ TransformPluginContext.transform node_modules/.pnpm/vite@7.3.1_@types+node@25.2_a52f0677b877553bd4d89f99f5dd7425/node_modules/vite/dist/node/chunks/config.js:27145:4
 ❯ EnvironmentPluginContainer.transform node_modules/.pnpm/vite@7.3.1_@types+node@25.2_a52f0677b877553bd4d89f99f5dd7425/node_modules/vite/dist/node/chunks/config.js:28797:14
 ❯ loadAndTransform node_modules/.pnpm/vite@7.3.1_@types+node@25.2_a52f0677b877553bd4d89f99f5dd7425/node_modules/vite/dist/node/chunks/config.js:22670:26

⎯⎯⎯⎯⎯⎯⎯⎯⎯⎯⎯⎯⎯⎯⎯⎯⎯⎯⎯⎯⎯[62/204]⎯

 FAIL  tests/unit/auth/access-tier.test.ts [ tests/unit/auth/access-tier.test.ts ]
Error: Failed to resolve import "$lib/shared/auth/domain/AccessTier" from "tests/unit/auth/access-tier.test.ts". Does the file exist?
  Plugin: vite:import-analysis
  File: E:/tka-platform/tests/unit/auth/access-tier.test.ts:7:7
  4  |    getMaxBeats,
  5  |    ACCESS_TIER_LABELS
  6  |  } from "$lib/shared/auth/domain/AccessTier";
     |          ^
  7  |  describe("resolveAccessTier", () => {
  8  |    it("returns guest when not authenticated", () => {
 ❯ TransformPluginContext._formatLog node_modules/.pnpm/vite@7.3.1_@types+node@25.2_a52f0677b877553bd4d89f99f5dd7425/node_modules/vite/dist/node/chunks/config.js:28999:43
 ❯ TransformPluginContext.error node_modules/.pnpm/vite@7.3.1_@types+node@25.2_a52f0677b877553bd4d89f99f5dd7425/node_modules/vite/dist/node/chunks/config.js:28996:14
 ❯ normalizeUrl node_modules/.pnpm/vite@7.3.1_@types+node@25.2_a52f0677b877553bd4d89f99f5dd7425/node_modules/vite/dist/node/chunks/config.js:27119:18
 ❯ node_modules/.pnpm/vite@7.3.1_@types+node@25.2_a52f0677b877553bd4d89f99f5dd7425/node_modules/vite/dist/node/chunks/config.js:27177:32
 ❯ TransformPluginContext.transform node_modules/.pnpm/vite@7.3.1_@types+node@25.2_a52f0677b877553bd4d89f99f5dd7425/node_modules/vite/dist/node/chunks/config.js:27145:4
 ❯ EnvironmentPluginContainer.transform node_modules/.pnpm/vite@7.3.1_@types+node@25.2_a52f0677b877553bd4d89f99f5dd7425/node_modules/vite/dist/node/chunks/config.js:28797:14
 ❯ loadAndTransform node_modules/.pnpm/vite@7.3.1_@types+node@25.2_a52f0677b877553bd4d89f99f5dd7425/node_modules/vite/dist/node/chunks/config.js:22670:26

⎯⎯⎯⎯⎯⎯⎯⎯⎯⎯⎯⎯⎯⎯⎯⎯⎯⎯⎯⎯⎯[63/204]⎯

 FAIL  tests/unit/auth/guest-access-config.test.ts [ tests/unit/auth/guest-access-config.test.ts ]
Error: Failed to resolve import "$lib/shared/auth/domain/guest-access-config" from "tests/unit/auth/guest-access-config.test.ts". Does the file exist?
  Plugin: vite:import-analysis
  File: E:/tka-platform/tests/unit/auth/guest-access-config.test.ts:6:7
  4  |    isTabAccessible,
  5  |    getAccessibleTabs
  6  |  } from "$lib/shared/auth/domain/guest-access-config";
     |          ^
  7  |  describe("isModuleAccessible", () => {
  8  |    it("allows create for guests", () => {
 ❯ TransformPluginContext._formatLog node_modules/.pnpm/vite@7.3.1_@types+node@25.2_a52f0677b877553bd4d89f99f5dd7425/node_modules/vite/dist/node/chunks/config.js:28999:43
 ❯ TransformPluginContext.error node_modules/.pnpm/vite@7.3.1_@types+node@25.2_a52f0677b877553bd4d89f99f5dd7425/node_modules/vite/dist/node/chunks/config.js:28996:14
 ❯ normalizeUrl node_modules/.pnpm/vite@7.3.1_@types+node@25.2_a52f0677b877553bd4d89f99f5dd7425/node_modules/vite/dist/node/chunks/config.js:27119:18
 ❯ node_modules/.pnpm/vite@7.3.1_@types+node@25.2_a52f0677b877553bd4d89f99f5dd7425/node_modules/vite/dist/node/chunks/config.js:27177:32
 ❯ TransformPluginContext.transform node_modules/.pnpm/vite@7.3.1_@types+node@25.2_a52f0677b877553bd4d89f99f5dd7425/node_modules/vite/dist/node/chunks/config.js:27145:4
 ❯ EnvironmentPluginContainer.transform node_modules/.pnpm/vite@7.3.1_@types+node@25.2_a52f0677b877553bd4d89f99f5dd7425/node_modules/vite/dist/node/chunks/config.js:28797:14
 ❯ loadAndTransform node_modules/.pnpm/vite@7.3.1_@types+node@25.2_a52f0677b877553bd4d89f99f5dd7425/node_modules/vite/dist/node/chunks/config.js:22670:26

⎯⎯⎯⎯⎯⎯⎯⎯⎯⎯⎯⎯⎯⎯⎯⎯⎯⎯⎯⎯⎯[64/204]⎯

 FAIL  tests/unit/3d-viewer/fish-event-system.test.ts [ tests/unit/3d-viewer/fish-event-system.test.ts ]
Error: Failed to resolve import "$lib/shared/3d/environments/scenes/ocean/FishEventSystem" from "tests/unit/3d-viewer/fish-event-system.test.ts". Does the file exist?
  Plugin: vite:import-analysis
  File: E:/tka-platform/tests/unit/3d-viewer/fish-event-system.test.ts:2:32
  1  |  import { describe, it, expect, beforeEach } from "vitest";
  2  |  import { FishEventSystem } from "$lib/shared/3d/environments/scenes/ocean/FishEventSystem";
     |                                   ^
  3  |  import { Vector3 } from "three";
  4  |  function makeTraits(fishCount) {
 ❯ TransformPluginContext._formatLog node_modules/.pnpm/vite@7.3.1_@types+node@25.2_a52f0677b877553bd4d89f99f5dd7425/node_modules/vite/dist/node/chunks/config.js:28999:43
 ❯ TransformPluginContext.error node_modules/.pnpm/vite@7.3.1_@types+node@25.2_a52f0677b877553bd4d89f99f5dd7425/node_modules/vite/dist/node/chunks/config.js:28996:14
 ❯ normalizeUrl node_modules/.pnpm/vite@7.3.1_@types+node@25.2_a52f0677b877553bd4d89f99f5dd7425/node_modules/vite/dist/node/chunks/config.js:27119:18
 ❯ node_modules/.pnpm/vite@7.3.1_@types+node@25.2_a52f0677b877553bd4d89f99f5dd7425/node_modules/vite/dist/node/chunks/config.js:27177:32
 ❯ TransformPluginContext.transform node_modules/.pnpm/vite@7.3.1_@types+node@25.2_a52f0677b877553bd4d89f99f5dd7425/node_modules/vite/dist/node/chunks/config.js:27145:4
 ❯ EnvironmentPluginContainer.transform node_modules/.pnpm/vite@7.3.1_@types+node@25.2_a52f0677b877553bd4d89f99f5dd7425/node_modules/vite/dist/node/chunks/config.js:28797:14
 ❯ loadAndTransform node_modules/.pnpm/vite@7.3.1_@types+node@25.2_a52f0677b877553bd4d89f99f5dd7425/node_modules/vite/dist/node/chunks/config.js:22670:26

⎯⎯⎯⎯⎯⎯⎯⎯⎯⎯⎯⎯⎯⎯⎯⎯⎯⎯⎯⎯⎯[65/204]⎯

 FAIL  tests/unit/3d-viewer/fish-locomotion-params.test.ts [ tests/unit/3d-viewer/fish-locomotion-params.test.ts ]
Error: Failed to resolve import "$lib/shared/3d/environments/scenes/ocean/fish-locomotion-params" from "tests/unit/3d-viewer/fish-locomotion-params.test.ts". Does the file exist?
  Plugin: vite:import-analysis
  File: E:/tka-platform/tests/unit/3d-viewer/fish-locomotion-params.test.ts:5:7
  3  |    LOCOMOTION_PARAMS,
  4  |    LocomotionMode
  5  |  } from "$lib/shared/3d/environments/scenes/ocean/fish-locomotion-params";
     |          ^
  6  |  describe("fish-locomotion-params", () => {
  7  |    it("has params for all 6 locomotion modes", () => {
 ❯ TransformPluginContext._formatLog node_modules/.pnpm/vite@7.3.1_@types+node@25.2_a52f0677b877553bd4d89f99f5dd7425/node_modules/vite/dist/node/chunks/config.js:28999:43
 ❯ TransformPluginContext.error node_modules/.pnpm/vite@7.3.1_@types+node@25.2_a52f0677b877553bd4d89f99f5dd7425/node_modules/vite/dist/node/chunks/config.js:28996:14
 ❯ normalizeUrl node_modules/.pnpm/vite@7.3.1_@types+node@25.2_a52f0677b877553bd4d89f99f5dd7425/node_modules/vite/dist/node/chunks/config.js:27119:18
 ❯ node_modules/.pnpm/vite@7.3.1_@types+node@25.2_a52f0677b877553bd4d89f99f5dd7425/node_modules/vite/dist/node/chunks/config.js:27177:32
 ❯ TransformPluginContext.transform node_modules/.pnpm/vite@7.3.1_@types+node@25.2_a52f0677b877553bd4d89f99f5dd7425/node_modules/vite/dist/node/chunks/config.js:27145:4
 ❯ EnvironmentPluginContainer.transform node_modules/.pnpm/vite@7.3.1_@types+node@25.2_a52f0677b877553bd4d89f99f5dd7425/node_modules/vite/dist/node/chunks/config.js:28797:14
 ❯ loadAndTransform node_modules/.pnpm/vite@7.3.1_@types+node@25.2_a52f0677b877553bd4d89f99f5dd7425/node_modules/vite/dist/node/chunks/config.js:22670:26

⎯⎯⎯⎯⎯⎯⎯⎯⎯⎯⎯⎯⎯⎯⎯⎯⎯⎯⎯⎯⎯[66/204]⎯

 FAIL  tests/unit/3d-viewer/fish-species-config.test.ts [ tests/unit/3d-viewer/fish-species-config.test.ts ]
Error: Failed to resolve import "$lib/shared/3d/environments/scenes/ocean/fish-species-config" from "tests/unit/3d-viewer/fish-species-config.test.ts". Does the file exist?
  Plugin: vite:import-analysis
  File: E:/tka-platform/tests/unit/3d-viewer/fish-species-config.test.ts:8:7
  6  |    TrophicRole,
  7  |    LocomotionMode
  8  |  } from "$lib/shared/3d/environments/scenes/ocean/fish-species-config";
     |          ^
  9  |  describe("fish-species-config", () => {
  10 |    it("has exactly 50 species total", () => {
 ❯ TransformPluginContext._formatLog node_modules/.pnpm/vite@7.3.1_@types+node@25.2_a52f0677b877553bd4d89f99f5dd7425/node_modules/vite/dist/node/chunks/config.js:28999:43
 ❯ TransformPluginContext.error node_modules/.pnpm/vite@7.3.1_@types+node@25.2_a52f0677b877553bd4d89f99f5dd7425/node_modules/vite/dist/node/chunks/config.js:28996:14
 ❯ normalizeUrl node_modules/.pnpm/vite@7.3.1_@types+node@25.2_a52f0677b877553bd4d89f99f5dd7425/node_modules/vite/dist/node/chunks/config.js:27119:18
 ❯ node_modules/.pnpm/vite@7.3.1_@types+node@25.2_a52f0677b877553bd4d89f99f5dd7425/node_modules/vite/dist/node/chunks/config.js:27177:32
 ❯ TransformPluginContext.transform node_modules/.pnpm/vite@7.3.1_@types+node@25.2_a52f0677b877553bd4d89f99f5dd7425/node_modules/vite/dist/node/chunks/config.js:27145:4
 ❯ EnvironmentPluginContainer.transform node_modules/.pnpm/vite@7.3.1_@types+node@25.2_a52f0677b877553bd4d89f99f5dd7425/node_modules/vite/dist/node/chunks/config.js:28797:14
 ❯ loadAndTransform node_modules/.pnpm/vite@7.3.1_@types+node@25.2_a52f0677b877553bd4d89f99f5dd7425/node_modules/vite/dist/node/chunks/config.js:22670:26

⎯⎯⎯⎯⎯⎯⎯⎯⎯⎯⎯⎯⎯⎯⎯⎯⎯⎯⎯⎯⎯[67/204]⎯

 FAIL  tests/unit/3d-viewer/fish-threat-matrix.test.ts [ tests/unit/3d-viewer/fish-threat-matrix.test.ts ]
Error: Failed to resolve import "$lib/shared/3d/environments/scenes/ocean/fish-species-config" from "tests/unit/3d-viewer/fish-threat-matrix.test.ts". Does the file exist?
  Plugin: vite:import-analysis
  File: E:/tka-platform/tests/unit/3d-viewer/fish-threat-matrix.test.ts:7:7
  5  |    isThreat,
  6  |    isPrey
  7  |  } from "$lib/shared/3d/environments/scenes/ocean/fish-species-config";
     |          ^
  8  |  describe("threat matrix", () => {
  9  |    it("apex predator fears nothing", () => {
 ❯ TransformPluginContext._formatLog node_modules/.pnpm/vite@7.3.1_@types+node@25.2_a52f0677b877553bd4d89f99f5dd7425/node_modules/vite/dist/node/chunks/config.js:28999:43
 ❯ TransformPluginContext.error node_modules/.pnpm/vite@7.3.1_@types+node@25.2_a52f0677b877553bd4d89f99f5dd7425/node_modules/vite/dist/node/chunks/config.js:28996:14
 ❯ normalizeUrl node_modules/.pnpm/vite@7.3.1_@types+node@25.2_a52f0677b877553bd4d89f99f5dd7425/node_modules/vite/dist/node/chunks/config.js:27119:18
 ❯ node_modules/.pnpm/vite@7.3.1_@types+node@25.2_a52f0677b877553bd4d89f99f5dd7425/node_modules/vite/dist/node/chunks/config.js:27177:32
 ❯ TransformPluginContext.transform node_modules/.pnpm/vite@7.3.1_@types+node@25.2_a52f0677b877553bd4d89f99f5dd7425/node_modules/vite/dist/node/chunks/config.js:27145:4
 ❯ EnvironmentPluginContainer.transform node_modules/.pnpm/vite@7.3.1_@types+node@25.2_a52f0677b877553bd4d89f99f5dd7425/node_modules/vite/dist/node/chunks/config.js:28797:14
 ❯ loadAndTransform node_modules/.pnpm/vite@7.3.1_@types+node@25.2_a52f0677b877553bd4d89f99f5dd7425/node_modules/vite/dist/node/chunks/config.js:22670:26

⎯⎯⎯⎯⎯⎯⎯⎯⎯⎯⎯⎯⎯⎯⎯⎯⎯⎯⎯⎯⎯[68/204]⎯

 FAIL  tests/unit/3d-viewer/formation-presets.test.ts [ tests/unit/3d-viewer/formation-presets.test.ts ]
TypeError: __vite_ssr_import_1__.PRESET_VALID_COUNTS[preset] is not iterable
 ❯ tests/unit/3d-viewer/formation-presets.test.ts:220:27
    218| 
    219|     for (const preset of newPresets) {
    220|       for (const count of PRESET_VALID_COUNTS[preset]) {
       |                           ^
    221|         it(`${preset} @ count=${count}: positions finite and within [-…
    222|           const slots = getSlotsForPreset(preset, count);

⎯⎯⎯⎯⎯⎯⎯⎯⎯⎯⎯⎯⎯⎯⎯⎯⎯⎯⎯⎯⎯[69/204]⎯

 FAIL  tests/unit/3d-viewer/prop-size-link.test.ts [ tests/unit/3d-viewer/prop-size-link.test.ts ]
Error: Failed to resolve import "$lib/shared/3d/capabilities/webgl-capabilities" from "tests/unit/3d-viewer/prop-size-link.test.ts". Does the file exist?
  Plugin: vite:import-analysis
  File: E:/tka-platform/tests/unit/3d-viewer/prop-size-link.test.ts:3:48
  1  |  import { describe, it, expect, beforeAll, afterEach } from "vitest";
  2  |  import { createViewer3DStateForTest } from "./viewer3d-test-helpers.svelte";
  3  |  import { __resetWebGL2CapabilityForTests } from "$lib/shared/3d/capabilities/webgl-capabilities";
     |                                                   ^
  4  |  import { userProportionsState, inchesToCm } from "@austencloud/scene-3d";
  5  |  beforeAll(() => {
 ❯ TransformPluginContext._formatLog node_modules/.pnpm/vite@7.3.1_@types+node@25.2_a52f0677b877553bd4d89f99f5dd7425/node_modules/vite/dist/node/chunks/config.js:28999:43
 ❯ TransformPluginContext.error node_modules/.pnpm/vite@7.3.1_@types+node@25.2_a52f0677b877553bd4d89f99f5dd7425/node_modules/vite/dist/node/chunks/config.js:28996:14
 ❯ normalizeUrl node_modules/.pnpm/vite@7.3.1_@types+node@25.2_a52f0677b877553bd4d89f99f5dd7425/node_modules/vite/dist/node/chunks/config.js:27119:18
 ❯ node_modules/.pnpm/vite@7.3.1_@types+node@25.2_a52f0677b877553bd4d89f99f5dd7425/node_modules/vite/dist/node/chunks/config.js:27177:32
 ❯ TransformPluginContext.transform node_modules/.pnpm/vite@7.3.1_@types+node@25.2_a52f0677b877553bd4d89f99f5dd7425/node_modules/vite/dist/node/chunks/config.js:27145:4
 ❯ EnvironmentPluginContainer.transform node_modules/.pnpm/vite@7.3.1_@types+node@25.2_a52f0677b877553bd4d89f99f5dd7425/node_modules/vite/dist/node/chunks/config.js:28797:14
 ❯ loadAndTransform node_modules/.pnpm/vite@7.3.1_@types+node@25.2_a52f0677b877553bd4d89f99f5dd7425/node_modules/vite/dist/node/chunks/config.js:22670:26

⎯⎯⎯⎯⎯⎯⎯⎯⎯⎯⎯⎯⎯⎯⎯⎯⎯⎯⎯⎯⎯[70/204]⎯

 FAIL  tests/unit/3d-viewer/species-rotation.test.ts [ tests/unit/3d-viewer/species-rotation.test.ts ]
Error: Failed to resolve import "$lib/shared/3d/environments/scenes/ocean/SpeciesRotationManager" from "tests/unit/3d-viewer/species-rotation.test.ts". Does the file exist?
  Plugin: vite:import-analysis
  File: E:/tka-platform/tests/unit/3d-viewer/species-rotation.test.ts:5:7
  2  |  import {
  3  |    SpeciesRotationManager
  4  |  } from "$lib/shared/3d/environments/scenes/ocean/SpeciesRotationManager";
     |          ^
  5  |  describe("SpeciesRotationManager", () => {
  6  |    let manager;
 ❯ TransformPluginContext._formatLog node_modules/.pnpm/vite@7.3.1_@types+node@25.2_a52f0677b877553bd4d89f99f5dd7425/node_modules/vite/dist/node/chunks/config.js:28999:43
 ❯ TransformPluginContext.error node_modules/.pnpm/vite@7.3.1_@types+node@25.2_a52f0677b877553bd4d89f99f5dd7425/node_modules/vite/dist/node/chunks/config.js:28996:14
 ❯ normalizeUrl node_modules/.pnpm/vite@7.3.1_@types+node@25.2_a52f0677b877553bd4d89f99f5dd7425/node_modules/vite/dist/node/chunks/config.js:27119:18
 ❯ node_modules/.pnpm/vite@7.3.1_@types+node@25.2_a52f0677b877553bd4d89f99f5dd7425/node_modules/vite/dist/node/chunks/config.js:27177:32
 ❯ TransformPluginContext.transform node_modules/.pnpm/vite@7.3.1_@types+node@25.2_a52f0677b877553bd4d89f99f5dd7425/node_modules/vite/dist/node/chunks/config.js:27145:4
 ❯ EnvironmentPluginContainer.transform node_modules/.pnpm/vite@7.3.1_@types+node@25.2_a52f0677b877553bd4d89f99f5dd7425/node_modules/vite/dist/node/chunks/config.js:28797:14
 ❯ loadAndTransform node_modules/.pnpm/vite@7.3.1_@types+node@25.2_a52f0677b877553bd4d89f99f5dd7425/node_modules/vite/dist/node/chunks/config.js:22670:26

⎯⎯⎯⎯⎯⎯⎯⎯⎯⎯⎯⎯⎯⎯⎯⎯⎯⎯⎯⎯⎯[71/204]⎯

 FAIL  tests/unit/3d-viewer/viewer3d-integration.test.ts [ tests/unit/3d-viewer/viewer3d-integration.test.ts ]
Error: Failed to resolve import "$lib/shared/3d/capabilities/webgl-capabilities" from "tests/unit/3d-viewer/viewer3d-integration.test.ts". Does the file exist?
  Plugin: vite:import-analysis
  File: E:/tka-platform/tests/unit/3d-viewer/viewer3d-integration.test.ts:4:48
  2  |  import { createViewer3DStateForTest } from "./viewer3d-test-helpers.svelte";
  3  |  import { Viewer3DUndoManager } from "@austencloud/scene-3d";
  4  |  import { __resetWebGL2CapabilityForTests } from "$lib/shared/3d/capabilities/webgl-capabilities";
     |                                                   ^
  5  |  beforeAll(() => {
  6  |    const originalCreateElement = document.createElement;
 ❯ TransformPluginContext._formatLog node_modules/.pnpm/vite@7.3.1_@types+node@25.2_a52f0677b877553bd4d89f99f5dd7425/node_modules/vite/dist/node/chunks/config.js:28999:43
 ❯ TransformPluginContext.error node_modules/.pnpm/vite@7.3.1_@types+node@25.2_a52f0677b877553bd4d89f99f5dd7425/node_modules/vite/dist/node/chunks/config.js:28996:14
 ❯ normalizeUrl node_modules/.pnpm/vite@7.3.1_@types+node@25.2_a52f0677b877553bd4d89f99f5dd7425/node_modules/vite/dist/node/chunks/config.js:27119:18
 ❯ node_modules/.pnpm/vite@7.3.1_@types+node@25.2_a52f0677b877553bd4d89f99f5dd7425/node_modules/vite/dist/node/chunks/config.js:27177:32
 ❯ TransformPluginContext.transform node_modules/.pnpm/vite@7.3.1_@types+node@25.2_a52f0677b877553bd4d89f99f5dd7425/node_modules/vite/dist/node/chunks/config.js:27145:4
 ❯ EnvironmentPluginContainer.transform node_modules/.pnpm/vite@7.3.1_@types+node@25.2_a52f0677b877553bd4d89f99f5dd7425/node_modules/vite/dist/node/chunks/config.js:28797:14
 ❯ loadAndTransform node_modules/.pnpm/vite@7.3.1_@types+node@25.2_a52f0677b877553bd4d89f99f5dd7425/node_modules/vite/dist/node/chunks/config.js:22670:26

⎯⎯⎯⎯⎯⎯⎯⎯⎯⎯⎯⎯⎯⎯⎯⎯⎯⎯⎯⎯⎯[72/204]⎯

 FAIL  tests/unit/3d-viewer/viewer3d-scope.test.ts [ tests/unit/3d-viewer/viewer3d-scope.test.ts ]
Error: Failed to resolve import "$lib/shared/3d/capabilities/webgl-capabilities" from "tests/unit/3d-viewer/viewer3d-scope.test.ts". Does the file exist?
  Plugin: vite:import-analysis
  File: E:/tka-platform/tests/unit/3d-viewer/viewer3d-scope.test.ts:3:48
  1  |  import { describe, it, expect, vi, beforeAll, afterEach } from "vitest";
  2  |  import { createViewer3DStateForTest } from "./viewer3d-test-helpers.svelte";
  3  |  import { __resetWebGL2CapabilityForTests } from "$lib/shared/3d/capabilities/webgl-capabilities";
     |                                                   ^
  4  |  beforeAll(() => {
  5  |    const originalCreateElement = document.createElement;
 ❯ TransformPluginContext._formatLog node_modules/.pnpm/vite@7.3.1_@types+node@25.2_a52f0677b877553bd4d89f99f5dd7425/node_modules/vite/dist/node/chunks/config.js:28999:43
 ❯ TransformPluginContext.error node_modules/.pnpm/vite@7.3.1_@types+node@25.2_a52f0677b877553bd4d89f99f5dd7425/node_modules/vite/dist/node/chunks/config.js:28996:14
 ❯ normalizeUrl node_modules/.pnpm/vite@7.3.1_@types+node@25.2_a52f0677b877553bd4d89f99f5dd7425/node_modules/vite/dist/node/chunks/config.js:27119:18
 ❯ node_modules/.pnpm/vite@7.3.1_@types+node@25.2_a52f0677b877553bd4d89f99f5dd7425/node_modules/vite/dist/node/chunks/config.js:27177:32
 ❯ TransformPluginContext.transform node_modules/.pnpm/vite@7.3.1_@types+node@25.2_a52f0677b877553bd4d89f99f5dd7425/node_modules/vite/dist/node/chunks/config.js:27145:4
 ❯ EnvironmentPluginContainer.transform node_modules/.pnpm/vite@7.3.1_@types+node@25.2_a52f0677b877553bd4d89f99f5dd7425/node_modules/vite/dist/node/chunks/config.js:28797:14
 ❯ loadAndTransform node_modules/.pnpm/vite@7.3.1_@types+node@25.2_a52f0677b877553bd4d89f99f5dd7425/node_modules/vite/dist/node/chunks/config.js:22670:26

⎯⎯⎯⎯⎯⎯⎯⎯⎯⎯⎯⎯⎯⎯⎯⎯⎯⎯⎯⎯⎯[73/204]⎯

 FAIL  tests/unit/3d-viewer/viewer3d-undo-manager.test.ts [ tests/unit/3d-viewer/viewer3d-undo-manager.test.ts ]
Error: Failed to resolve import "$lib/shared/3d/domain/enums/Plane" from "tests/unit/3d-viewer/viewer3d-undo-manager.test.ts". Does the file exist?
  Plugin: vite:import-analysis
  File: E:/tka-platform/tests/unit/3d-viewer/viewer3d-undo-manager.test.ts:4:22
  1  |  import { describe, it, expect, beforeEach } from "vitest";
  2  |  import { Viewer3DUndoManager } from "@austencloud/scene-3d";
  3  |  import { Plane } from "$lib/shared/3d/domain/enums/Plane";
     |                         ^
  4  |  function snap(label) {
  5  |    return {
 ❯ TransformPluginContext._formatLog node_modules/.pnpm/vite@7.3.1_@types+node@25.2_a52f0677b877553bd4d89f99f5dd7425/node_modules/vite/dist/node/chunks/config.js:28999:43
 ❯ TransformPluginContext.error node_modules/.pnpm/vite@7.3.1_@types+node@25.2_a52f0677b877553bd4d89f99f5dd7425/node_modules/vite/dist/node/chunks/config.js:28996:14
 ❯ normalizeUrl node_modules/.pnpm/vite@7.3.1_@types+node@25.2_a52f0677b877553bd4d89f99f5dd7425/node_modules/vite/dist/node/chunks/config.js:27119:18
 ❯ node_modules/.pnpm/vite@7.3.1_@types+node@25.2_a52f0677b877553bd4d89f99f5dd7425/node_modules/vite/dist/node/chunks/config.js:27177:32
 ❯ TransformPluginContext.transform node_modules/.pnpm/vite@7.3.1_@types+node@25.2_a52f0677b877553bd4d89f99f5dd7425/node_modules/vite/dist/node/chunks/config.js:27145:4
 ❯ EnvironmentPluginContainer.transform node_modules/.pnpm/vite@7.3.1_@types+node@25.2_a52f0677b877553bd4d89f99f5dd7425/node_modules/vite/dist/node/chunks/config.js:28797:14
 ❯ loadAndTransform node_modules/.pnpm/vite@7.3.1_@types+node@25.2_a52f0677b877553bd4d89f99f5dd7425/node_modules/vite/dist/node/chunks/config.js:22670:26

⎯⎯⎯⎯⎯⎯⎯⎯⎯⎯⎯⎯⎯⎯⎯⎯⎯⎯⎯⎯⎯[74/204]⎯

 FAIL  tests/unit/collision-lab/candidate-generator.test.ts [ tests/unit/collision-lab/candidate-generator.test.ts ]
Error: Failed to resolve import "$lib/features/lab/tabs/collision-lab/services/implementations/CandidateGenerator" from "tests/unit/collision-lab/candidate-generator.test.ts". Does the file exist?
  Plugin: vite:import-analysis
  File: E:/tka-platform/tests/unit/collision-lab/candidate-generator.test.ts:2:35
  1  |  import { describe, it, expect } from "vitest";
  2  |  import { CandidateGenerator } from "$lib/features/lab/tabs/collision-lab/services/implementations/CandidateGenerator";
     |                                      ^
  3  |  import { StanceOptimizer } from "$lib/features/lab/tabs/collision-lab/services/implementations/StanceOptimizer";
  4  |  import {
 ❯ TransformPluginContext._formatLog node_modules/.pnpm/vite@7.3.1_@types+node@25.2_a52f0677b877553bd4d89f99f5dd7425/node_modules/vite/dist/node/chunks/config.js:28999:43
 ❯ TransformPluginContext.error node_modules/.pnpm/vite@7.3.1_@types+node@25.2_a52f0677b877553bd4d89f99f5dd7425/node_modules/vite/dist/node/chunks/config.js:28996:14
 ❯ normalizeUrl node_modules/.pnpm/vite@7.3.1_@types+node@25.2_a52f0677b877553bd4d89f99f5dd7425/node_modules/vite/dist/node/chunks/config.js:27119:18
 ❯ node_modules/.pnpm/vite@7.3.1_@types+node@25.2_a52f0677b877553bd4d89f99f5dd7425/node_modules/vite/dist/node/chunks/config.js:27177:32
 ❯ TransformPluginContext.transform node_modules/.pnpm/vite@7.3.1_@types+node@25.2_a52f0677b877553bd4d89f99f5dd7425/node_modules/vite/dist/node/chunks/config.js:27145:4
 ❯ EnvironmentPluginContainer.transform node_modules/.pnpm/vite@7.3.1_@types+node@25.2_a52f0677b877553bd4d89f99f5dd7425/node_modules/vite/dist/node/chunks/config.js:28797:14
 ❯ loadAndTransform node_modules/.pnpm/vite@7.3.1_@types+node@25.2_a52f0677b877553bd4d89f99f5dd7425/node_modules/vite/dist/node/chunks/config.js:22670:26

⎯⎯⎯⎯⎯⎯⎯⎯⎯⎯⎯⎯⎯⎯⎯⎯⎯⎯⎯⎯⎯[75/204]⎯

 FAIL  tests/unit/collision-lab/collision-lab-state.test.ts [ tests/unit/collision-lab/collision-lab-state.test.ts ]
Error: Failed to resolve import "$lib/features/lab/tabs/collision-lab/state/collision-lab-state.svelte" from "tests/unit/collision-lab/collision-lab-state.test.ts". Does the file exist?
  Plugin: vite:import-analysis
  File: E:/tka-platform/tests/unit/collision-lab/collision-lab-state.test.ts:2:40
  1  |  import { describe, it, expect } from "vitest";
  2  |  import { createCollisionLabState } from "$lib/features/lab/tabs/collision-lab/state/collision-lab-state.svelte";
     |                                           ^
  3  |  import { enumerateDiamondInOut } from "$lib/features/lab/tabs/collision-lab/services/diamond-pose-enumerator";
  4  |  import {
 ❯ TransformPluginContext._formatLog node_modules/.pnpm/vite@7.3.1_@types+node@25.2_a52f0677b877553bd4d89f99f5dd7425/node_modules/vite/dist/node/chunks/config.js:28999:43
 ❯ TransformPluginContext.error node_modules/.pnpm/vite@7.3.1_@types+node@25.2_a52f0677b877553bd4d89f99f5dd7425/node_modules/vite/dist/node/chunks/config.js:28996:14
 ❯ normalizeUrl node_modules/.pnpm/vite@7.3.1_@types+node@25.2_a52f0677b877553bd4d89f99f5dd7425/node_modules/vite/dist/node/chunks/config.js:27119:18
 ❯ node_modules/.pnpm/vite@7.3.1_@types+node@25.2_a52f0677b877553bd4d89f99f5dd7425/node_modules/vite/dist/node/chunks/config.js:27177:32
 ❯ TransformPluginContext.transform node_modules/.pnpm/vite@7.3.1_@types+node@25.2_a52f0677b877553bd4d89f99f5dd7425/node_modules/vite/dist/node/chunks/config.js:27145:4
 ❯ EnvironmentPluginContainer.transform node_modules/.pnpm/vite@7.3.1_@types+node@25.2_a52f0677b877553bd4d89f99f5dd7425/node_modules/vite/dist/node/chunks/config.js:28797:14
 ❯ loadAndTransform node_modules/.pnpm/vite@7.3.1_@types+node@25.2_a52f0677b877553bd4d89f99f5dd7425/node_modules/vite/dist/node/chunks/config.js:22670:26

⎯⎯⎯⎯⎯⎯⎯⎯⎯⎯⎯⎯⎯⎯⎯⎯⎯⎯⎯⎯⎯[76/204]⎯

 FAIL  tests/unit/collision-lab/DiamondPoseEnumerator.test.ts [ tests/unit/collision-lab/DiamondPoseEnumerator.test.ts ]
Error: Failed to resolve import "$lib/features/lab/tabs/collision-lab/services/diamond-pose-enumerator" from "tests/unit/collision-lab/DiamondPoseEnumerator.test.ts". Does the file exist?
  Plugin: vite:import-analysis
  File: E:/tka-platform/tests/unit/collision-lab/DiamondPoseEnumerator.test.ts:2:38
  1  |  import { describe, it, expect } from "vitest";
  2  |  import { enumerateDiamondInOut } from "$lib/features/lab/tabs/collision-lab/services/diamond-pose-enumerator";
     |                                         ^
  3  |  import { Plane } from "$lib/shared/3d/domain/enums/Plane";
  4  |  describe("DiamondPoseEnumerator", () => {
 ❯ TransformPluginContext._formatLog node_modules/.pnpm/vite@7.3.1_@types+node@25.2_a52f0677b877553bd4d89f99f5dd7425/node_modules/vite/dist/node/chunks/config.js:28999:43
 ❯ TransformPluginContext.error node_modules/.pnpm/vite@7.3.1_@types+node@25.2_a52f0677b877553bd4d89f99f5dd7425/node_modules/vite/dist/node/chunks/config.js:28996:14
 ❯ normalizeUrl node_modules/.pnpm/vite@7.3.1_@types+node@25.2_a52f0677b877553bd4d89f99f5dd7425/node_modules/vite/dist/node/chunks/config.js:27119:18
 ❯ node_modules/.pnpm/vite@7.3.1_@types+node@25.2_a52f0677b877553bd4d89f99f5dd7425/node_modules/vite/dist/node/chunks/config.js:27177:32
 ❯ TransformPluginContext.transform node_modules/.pnpm/vite@7.3.1_@types+node@25.2_a52f0677b877553bd4d89f99f5dd7425/node_modules/vite/dist/node/chunks/config.js:27145:4
 ❯ EnvironmentPluginContainer.transform node_modules/.pnpm/vite@7.3.1_@types+node@25.2_a52f0677b877553bd4d89f99f5dd7425/node_modules/vite/dist/node/chunks/config.js:28797:14
 ❯ loadAndTransform node_modules/.pnpm/vite@7.3.1_@types+node@25.2_a52f0677b877553bd4d89f99f5dd7425/node_modules/vite/dist/node/chunks/config.js:22670:26

⎯⎯⎯⎯⎯⎯⎯⎯⎯⎯⎯⎯⎯⎯⎯⎯⎯⎯⎯⎯⎯[77/204]⎯

 FAIL  tests/unit/collision-lab/LocalPoseLabelRepository.test.ts [ tests/unit/collision-lab/LocalPoseLabelRepository.test.ts ]
Error: Failed to resolve import "$lib/features/lab/tabs/collision-lab/services/implementations/LocalPoseLabelRepository" from "tests/unit/collision-lab/LocalPoseLabelRepository.test.ts". Does the file exist?
  Plugin: vite:import-analysis
  File: E:/tka-platform/tests/unit/collision-lab/LocalPoseLabelRepository.test.ts:2:41
  1  |  import { describe, it, expect, beforeEach, vi } from "vitest";
  2  |  import { LocalPoseLabelRepository } from "$lib/features/lab/tabs/collision-lab/services/implementations/LocalPoseLabe...
     |                                            ^
  3  |  const STORAGE_KEY = "tka:collision-lab:diamond-in-out-labels";
  4  |  function makeLabel(id, status, labeledAt) {
 ❯ TransformPluginContext._formatLog node_modules/.pnpm/vite@7.3.1_@types+node@25.2_a52f0677b877553bd4d89f99f5dd7425/node_modules/vite/dist/node/chunks/config.js:28999:43
 ❯ TransformPluginContext.error node_modules/.pnpm/vite@7.3.1_@types+node@25.2_a52f0677b877553bd4d89f99f5dd7425/node_modules/vite/dist/node/chunks/config.js:28996:14
 ❯ normalizeUrl node_modules/.pnpm/vite@7.3.1_@types+node@25.2_a52f0677b877553bd4d89f99f5dd7425/node_modules/vite/dist/node/chunks/config.js:27119:18
 ❯ node_modules/.pnpm/vite@7.3.1_@types+node@25.2_a52f0677b877553bd4d89f99f5dd7425/node_modules/vite/dist/node/chunks/config.js:27177:32
 ❯ TransformPluginContext.transform node_modules/.pnpm/vite@7.3.1_@types+node@25.2_a52f0677b877553bd4d89f99f5dd7425/node_modules/vite/dist/node/chunks/config.js:27145:4
 ❯ EnvironmentPluginContainer.transform node_modules/.pnpm/vite@7.3.1_@types+node@25.2_a52f0677b877553bd4d89f99f5dd7425/node_modules/vite/dist/node/chunks/config.js:28797:14
 ❯ loadAndTransform node_modules/.pnpm/vite@7.3.1_@types+node@25.2_a52f0677b877553bd4d89f99f5dd7425/node_modules/vite/dist/node/chunks/config.js:22670:26

⎯⎯⎯⎯⎯⎯⎯⎯⎯⎯⎯⎯⎯⎯⎯⎯⎯⎯⎯⎯⎯[78/204]⎯

 FAIL  tests/unit/collision-lab/stance-optimizer.test.ts [ tests/unit/collision-lab/stance-optimizer.test.ts ]
Error: Failed to resolve import "$lib/features/lab/tabs/collision-lab/services/implementations/StanceSimulator" from "tests/unit/collision-lab/stance-optimizer.test.ts". Does the file exist?
  Plugin: vite:import-analysis
  File: E:/tka-platform/tests/unit/collision-lab/stance-optimizer.test.ts:6:7
  4  |    StanceSimulator,
  5  |    restPoseFromHeight
  6  |  } from "$lib/features/lab/tabs/collision-lab/services/implementations/StanceSimulator";
     |          ^
  7  |  import { StanceOptimizer } from "$lib/features/lab/tabs/collision-lab/services/implementations/StanceOptimizer";
  8  |  const NEUTRAL_STANCE = {
 ❯ TransformPluginContext._formatLog node_modules/.pnpm/vite@7.3.1_@types+node@25.2_a52f0677b877553bd4d89f99f5dd7425/node_modules/vite/dist/node/chunks/config.js:28999:43
 ❯ TransformPluginContext.error node_modules/.pnpm/vite@7.3.1_@types+node@25.2_a52f0677b877553bd4d89f99f5dd7425/node_modules/vite/dist/node/chunks/config.js:28996:14
 ❯ normalizeUrl node_modules/.pnpm/vite@7.3.1_@types+node@25.2_a52f0677b877553bd4d89f99f5dd7425/node_modules/vite/dist/node/chunks/config.js:27119:18
 ❯ node_modules/.pnpm/vite@7.3.1_@types+node@25.2_a52f0677b877553bd4d89f99f5dd7425/node_modules/vite/dist/node/chunks/config.js:27177:32
 ❯ TransformPluginContext.transform node_modules/.pnpm/vite@7.3.1_@types+node@25.2_a52f0677b877553bd4d89f99f5dd7425/node_modules/vite/dist/node/chunks/config.js:27145:4
 ❯ EnvironmentPluginContainer.transform node_modules/.pnpm/vite@7.3.1_@types+node@25.2_a52f0677b877553bd4d89f99f5dd7425/node_modules/vite/dist/node/chunks/config.js:28797:14
 ❯ loadAndTransform node_modules/.pnpm/vite@7.3.1_@types+node@25.2_a52f0677b877553bd4d89f99f5dd7425/node_modules/vite/dist/node/chunks/config.js:22670:26

⎯⎯⎯⎯⎯⎯⎯⎯⎯⎯⎯⎯⎯⎯⎯⎯⎯⎯⎯⎯⎯[79/204]⎯

 FAIL  tests/unit/collision-lab/stance-simulator.test.ts [ tests/unit/collision-lab/stance-simulator.test.ts ]
Error: Failed to resolve import "$lib/features/lab/tabs/collision-lab/services/implementations/StanceSimulator" from "tests/unit/collision-lab/stance-simulator.test.ts". Does the file exist?
  Plugin: vite:import-analysis
  File: E:/tka-platform/tests/unit/collision-lab/stance-simulator.test.ts:6:7
  4  |    StanceSimulator,
  5  |    restPoseFromHeight
  6  |  } from "$lib/features/lab/tabs/collision-lab/services/implementations/StanceSimulator";
     |          ^
  7  |  const NEUTRAL_STANCE = {
  8  |    footOffsetX: 0,
 ❯ TransformPluginContext._formatLog node_modules/.pnpm/vite@7.3.1_@types+node@25.2_a52f0677b877553bd4d89f99f5dd7425/node_modules/vite/dist/node/chunks/config.js:28999:43
 ❯ TransformPluginContext.error node_modules/.pnpm/vite@7.3.1_@types+node@25.2_a52f0677b877553bd4d89f99f5dd7425/node_modules/vite/dist/node/chunks/config.js:28996:14
 ❯ normalizeUrl node_modules/.pnpm/vite@7.3.1_@types+node@25.2_a52f0677b877553bd4d89f99f5dd7425/node_modules/vite/dist/node/chunks/config.js:27119:18
 ❯ node_modules/.pnpm/vite@7.3.1_@types+node@25.2_a52f0677b877553bd4d89f99f5dd7425/node_modules/vite/dist/node/chunks/config.js:27177:32
 ❯ TransformPluginContext.transform node_modules/.pnpm/vite@7.3.1_@types+node@25.2_a52f0677b877553bd4d89f99f5dd7425/node_modules/vite/dist/node/chunks/config.js:27145:4
 ❯ EnvironmentPluginContainer.transform node_modules/.pnpm/vite@7.3.1_@types+node@25.2_a52f0677b877553bd4d89f99f5dd7425/node_modules/vite/dist/node/chunks/config.js:28797:14
 ❯ loadAndTransform node_modules/.pnpm/vite@7.3.1_@types+node@25.2_a52f0677b877553bd4d89f99f5dd7425/node_modules/vite/dist/node/chunks/config.js:22670:26

⎯⎯⎯⎯⎯⎯⎯⎯⎯⎯⎯⎯⎯⎯⎯⎯⎯⎯⎯⎯⎯[80/204]⎯

 FAIL  tests/unit/compose/cell-transform-stack.test.ts [ tests/unit/compose/cell-transform-stack.test.ts ]
Error: Failed to resolve import "$lib/features/compose/tabs/arrange/services/cell-transform-stack" from "tests/unit/compose/cell-transform-stack.test.ts". Does the file exist?
  Plugin: vite:import-analysis
  File: E:/tka-platform/tests/unit/compose/cell-transform-stack.test.ts:20:0
  5  |    }))
  6  |  }));
  7  |  const __vi_import_0__ = await import("$lib/features/compose/tabs/arrange/services/cell-transform-stack");
     |                                       ^
  8  |  const __vi_import_1__ = await import("$lib/features/compose/tabs/arrange/services/arrange-layer-transformer");
  9  |  import { describe, it, expect, vi } from "vitest";
 ❯ TransformPluginContext._formatLog node_modules/.pnpm/vite@7.3.1_@types+node@25.2_a52f0677b877553bd4d89f99f5dd7425/node_modules/vite/dist/node/chunks/config.js:28999:43
 ❯ TransformPluginContext.error node_modules/.pnpm/vite@7.3.1_@types+node@25.2_a52f0677b877553bd4d89f99f5dd7425/node_modules/vite/dist/node/chunks/config.js:28996:14
 ❯ normalizeUrl node_modules/.pnpm/vite@7.3.1_@types+node@25.2_a52f0677b877553bd4d89f99f5dd7425/node_modules/vite/dist/node/chunks/config.js:27119:18
 ❯ node_modules/.pnpm/vite@7.3.1_@types+node@25.2_a52f0677b877553bd4d89f99f5dd7425/node_modules/vite/dist/node/chunks/config.js:27177:32
 ❯ TransformPluginContext.transform node_modules/.pnpm/vite@7.3.1_@types+node@25.2_a52f0677b877553bd4d89f99f5dd7425/node_modules/vite/dist/node/chunks/config.js:27145:4
 ❯ EnvironmentPluginContainer.transform node_modules/.pnpm/vite@7.3.1_@types+node@25.2_a52f0677b877553bd4d89f99f5dd7425/node_modules/vite/dist/node/chunks/config.js:28797:14
 ❯ loadAndTransform node_modules/.pnpm/vite@7.3.1_@types+node@25.2_a52f0677b877553bd4d89f99f5dd7425/node_modules/vite/dist/node/chunks/config.js:22670:26

⎯⎯⎯⎯⎯⎯⎯⎯⎯⎯⎯⎯⎯⎯⎯⎯⎯⎯⎯⎯⎯[81/204]⎯

 FAIL  tests/unit/compose/transform-migration.test.ts [ tests/unit/compose/transform-migration.test.ts ]
Error: Failed to resolve import "$lib/features/compose/tabs/arrange/services/arrange-grid-serializer" from "tests/unit/compose/transform-migration.test.ts". Does the file exist?
  Plugin: vite:import-analysis
  File: E:/tka-platform/tests/unit/compose/transform-migration.test.ts:2:41
  1  |  import { describe, it, expect } from "vitest";
  2  |  import { migrateAppliedTransforms } from "$lib/features/compose/tabs/arrange/services/arrange-grid-serializer";
     |                                            ^
  3  |  describe("migrateAppliedTransforms", () => {
  4  |    it("converts legacy appliedTransforms to transformStack", () => {
 ❯ TransformPluginContext._formatLog node_modules/.pnpm/vite@7.3.1_@types+node@25.2_a52f0677b877553bd4d89f99f5dd7425/node_modules/vite/dist/node/chunks/config.js:28999:43
 ❯ TransformPluginContext.error node_modules/.pnpm/vite@7.3.1_@types+node@25.2_a52f0677b877553bd4d89f99f5dd7425/node_modules/vite/dist/node/chunks/config.js:28996:14
 ❯ normalizeUrl node_modules/.pnpm/vite@7.3.1_@types+node@25.2_a52f0677b877553bd4d89f99f5dd7425/node_modules/vite/dist/node/chunks/config.js:27119:18
 ❯ node_modules/.pnpm/vite@7.3.1_@types+node@25.2_a52f0677b877553bd4d89f99f5dd7425/node_modules/vite/dist/node/chunks/config.js:27177:32
 ❯ TransformPluginContext.transform node_modules/.pnpm/vite@7.3.1_@types+node@25.2_a52f0677b877553bd4d89f99f5dd7425/node_modules/vite/dist/node/chunks/config.js:27145:4
 ❯ EnvironmentPluginContainer.transform node_modules/.pnpm/vite@7.3.1_@types+node@25.2_a52f0677b877553bd4d89f99f5dd7425/node_modules/vite/dist/node/chunks/config.js:28797:14
 ❯ loadAndTransform node_modules/.pnpm/vite@7.3.1_@types+node@25.2_a52f0677b877553bd4d89f99f5dd7425/node_modules/vite/dist/node/chunks/config.js:22670:26

⎯⎯⎯⎯⎯⎯⎯⎯⎯⎯⎯⎯⎯⎯⎯⎯⎯⎯⎯⎯⎯[82/204]⎯

 FAIL  tests/unit/deck-browse/deck-browse-filters.test.ts [ tests/unit/deck-browse/deck-browse-filters.test.ts ]
Error: Failed to resolve import "$lib/features/choreo-card/state/deck-browse-state.svelte" from "tests/unit/deck-browse/deck-browse-filters.test.ts". Does the file exist?
  Plugin: vite:import-analysis
  File: E:/tka-platform/tests/unit/deck-browse/deck-browse-filters.test.ts:10:7
  6  |    toggleInArray,
  7  |    inferVtgFamily
  8  |  } from "$lib/features/choreo-card/state/deck-browse-state.svelte";
     |          ^
  9  |  import { EMPTY_FILTERS } from "$lib/features/choreo-card/state/deck-browse-types";
  10 |  function makeDeck(overrides = {}) {
 ❯ TransformPluginContext._formatLog node_modules/.pnpm/vite@7.3.1_@types+node@25.2_a52f0677b877553bd4d89f99f5dd7425/node_modules/vite/dist/node/chunks/config.js:28999:43
 ❯ TransformPluginContext.error node_modules/.pnpm/vite@7.3.1_@types+node@25.2_a52f0677b877553bd4d89f99f5dd7425/node_modules/vite/dist/node/chunks/config.js:28996:14
 ❯ normalizeUrl node_modules/.pnpm/vite@7.3.1_@types+node@25.2_a52f0677b877553bd4d89f99f5dd7425/node_modules/vite/dist/node/chunks/config.js:27119:18
 ❯ node_modules/.pnpm/vite@7.3.1_@types+node@25.2_a52f0677b877553bd4d89f99f5dd7425/node_modules/vite/dist/node/chunks/config.js:27177:32
 ❯ TransformPluginContext.transform node_modules/.pnpm/vite@7.3.1_@types+node@25.2_a52f0677b877553bd4d89f99f5dd7425/node_modules/vite/dist/node/chunks/config.js:27145:4
 ❯ EnvironmentPluginContainer.transform node_modules/.pnpm/vite@7.3.1_@types+node@25.2_a52f0677b877553bd4d89f99f5dd7425/node_modules/vite/dist/node/chunks/config.js:28797:14
 ❯ loadAndTransform node_modules/.pnpm/vite@7.3.1_@types+node@25.2_a52f0677b877553bd4d89f99f5dd7425/node_modules/vite/dist/node/chunks/config.js:22670:26

⎯⎯⎯⎯⎯⎯⎯⎯⎯⎯⎯⎯⎯⎯⎯⎯⎯⎯⎯⎯⎯[83/204]⎯

 FAIL  tests/unit/indoor/RoomGeometryBuilder.test.ts [ tests/unit/indoor/RoomGeometryBuilder.test.ts ]
Error: Failed to resolve import "$lib/shared/3d/indoor/services/implementations/RoomGeometryBuilder" from "tests/unit/indoor/RoomGeometryBuilder.test.ts". Does the file exist?
  Plugin: vite:import-analysis
  File: E:/tka-platform/tests/unit/indoor/RoomGeometryBuilder.test.ts:2:36
  1  |  import { describe, it, expect } from "vitest";
  2  |  import { RoomGeometryBuilder } from "$lib/shared/3d/indoor/services/implementations/RoomGeometryBuilder";
     |                                       ^
  3  |  import { GRID_CELL, snapToGrid } from "$lib/shared/3d/indoor/domain/room-types";
  4  |  function makeSimpleRoom(overrides = {}) {
 ❯ TransformPluginContext._formatLog node_modules/.pnpm/vite@7.3.1_@types+node@25.2_a52f0677b877553bd4d89f99f5dd7425/node_modules/vite/dist/node/chunks/config.js:28999:43
 ❯ TransformPluginContext.error node_modules/.pnpm/vite@7.3.1_@types+node@25.2_a52f0677b877553bd4d89f99f5dd7425/node_modules/vite/dist/node/chunks/config.js:28996:14
 ❯ normalizeUrl node_modules/.pnpm/vite@7.3.1_@types+node@25.2_a52f0677b877553bd4d89f99f5dd7425/node_modules/vite/dist/node/chunks/config.js:27119:18
 ❯ node_modules/.pnpm/vite@7.3.1_@types+node@25.2_a52f0677b877553bd4d89f99f5dd7425/node_modules/vite/dist/node/chunks/config.js:27177:32
 ❯ TransformPluginContext.transform node_modules/.pnpm/vite@7.3.1_@types+node@25.2_a52f0677b877553bd4d89f99f5dd7425/node_modules/vite/dist/node/chunks/config.js:27145:4
 ❯ EnvironmentPluginContainer.transform node_modules/.pnpm/vite@7.3.1_@types+node@25.2_a52f0677b877553bd4d89f99f5dd7425/node_modules/vite/dist/node/chunks/config.js:28797:14
 ❯ loadAndTransform node_modules/.pnpm/vite@7.3.1_@types+node@25.2_a52f0677b877553bd4d89f99f5dd7425/node_modules/vite/dist/node/chunks/config.js:22670:26

⎯⎯⎯⎯⎯⎯⎯⎯⎯⎯⎯⎯⎯⎯⎯⎯⎯⎯⎯⎯⎯[84/204]⎯

 FAIL  tests/unit/indoor/RoomValidator.test.ts [ tests/unit/indoor/RoomValidator.test.ts ]
Error: Failed to resolve import "$lib/shared/3d/indoor/services/implementations/RoomValidator" from "tests/unit/indoor/RoomValidator.test.ts". Does the file exist?
  Plugin: vite:import-analysis
  File: E:/tka-platform/tests/unit/indoor/RoomValidator.test.ts:2:30
  1  |  import { describe, it, expect } from "vitest";
  2  |  import { RoomValidator } from "$lib/shared/3d/indoor/services/implementations/RoomValidator";
     |                                 ^
  3  |  import { RoomGeometryBuilder } from "$lib/shared/3d/indoor/services/implementations/RoomGeometryBuilder";
  4  |  import { snapToGrid } from "$lib/shared/3d/indoor/domain/room-types";
 ❯ TransformPluginContext._formatLog node_modules/.pnpm/vite@7.3.1_@types+node@25.2_a52f0677b877553bd4d89f99f5dd7425/node_modules/vite/dist/node/chunks/config.js:28999:43
 ❯ TransformPluginContext.error node_modules/.pnpm/vite@7.3.1_@types+node@25.2_a52f0677b877553bd4d89f99f5dd7425/node_modules/vite/dist/node/chunks/config.js:28996:14
 ❯ normalizeUrl node_modules/.pnpm/vite@7.3.1_@types+node@25.2_a52f0677b877553bd4d89f99f5dd7425/node_modules/vite/dist/node/chunks/config.js:27119:18
 ❯ node_modules/.pnpm/vite@7.3.1_@types+node@25.2_a52f0677b877553bd4d89f99f5dd7425/node_modules/vite/dist/node/chunks/config.js:27177:32
 ❯ TransformPluginContext.transform node_modules/.pnpm/vite@7.3.1_@types+node@25.2_a52f0677b877553bd4d89f99f5dd7425/node_modules/vite/dist/node/chunks/config.js:27145:4
 ❯ EnvironmentPluginContainer.transform node_modules/.pnpm/vite@7.3.1_@types+node@25.2_a52f0677b877553bd4d89f99f5dd7425/node_modules/vite/dist/node/chunks/config.js:28797:14
 ❯ loadAndTransform node_modules/.pnpm/vite@7.3.1_@types+node@25.2_a52f0677b877553bd4d89f99f5dd7425/node_modules/vite/dist/node/chunks/config.js:22670:26

⎯⎯⎯⎯⎯⎯⎯⎯⎯⎯⎯⎯⎯⎯⎯⎯⎯⎯⎯⎯⎯[85/204]⎯

 FAIL  tests/unit/infinite-generator/orientation-cycle-chaining.test.ts [ tests/unit/infinite-generator/orientation-cycle-chaining.test.ts ]
Error: Failed to resolve import "$lib/shared/create/services/OrientationCycleDetector" from "tests/unit/infinite-generator/orientation-cycle-chaining.test.ts". Does the file exist?
  Plugin: vite:import-analysis
  File: E:/tka-platform/tests/unit/infinite-generator/orientation-cycle-chaining.test.ts:2:41
  1  |  import { describe, it, expect } from "vitest";
  2  |  import { OrientationCycleDetector } from "$lib/shared/create/services/OrientationCycleDetector";
     |                                            ^
  3  |  import { OrientationCycleExtender } from "$lib/features/create/generate/circular/services/implementations/Orientation...
  4  |  import { orientationCalculator } from "$lib/shared/pictograph/prop/services/implementations/OrientationCalculator";
 ❯ TransformPluginContext._formatLog node_modules/.pnpm/vite@7.3.1_@types+node@25.2_a52f0677b877553bd4d89f99f5dd7425/node_modules/vite/dist/node/chunks/config.js:28999:43
 ❯ TransformPluginContext.error node_modules/.pnpm/vite@7.3.1_@types+node@25.2_a52f0677b877553bd4d89f99f5dd7425/node_modules/vite/dist/node/chunks/config.js:28996:14
 ❯ normalizeUrl node_modules/.pnpm/vite@7.3.1_@types+node@25.2_a52f0677b877553bd4d89f99f5dd7425/node_modules/vite/dist/node/chunks/config.js:27119:18
 ❯ node_modules/.pnpm/vite@7.3.1_@types+node@25.2_a52f0677b877553bd4d89f99f5dd7425/node_modules/vite/dist/node/chunks/config.js:27177:32
 ❯ TransformPluginContext.transform node_modules/.pnpm/vite@7.3.1_@types+node@25.2_a52f0677b877553bd4d89f99f5dd7425/node_modules/vite/dist/node/chunks/config.js:27145:4
 ❯ EnvironmentPluginContainer.transform node_modules/.pnpm/vite@7.3.1_@types+node@25.2_a52f0677b877553bd4d89f99f5dd7425/node_modules/vite/dist/node/chunks/config.js:28797:14
 ❯ loadAndTransform node_modules/.pnpm/vite@7.3.1_@types+node@25.2_a52f0677b877553bd4d89f99f5dd7425/node_modules/vite/dist/node/chunks/config.js:22670:26

⎯⎯⎯⎯⎯⎯⎯⎯⎯⎯⎯⎯⎯⎯⎯⎯⎯⎯⎯⎯⎯[86/204]⎯

 FAIL  tests/unit/library/content-hash-duplicate.test.ts [ tests/unit/library/content-hash-duplicate.test.ts ]
Error: Failed to resolve import "$lib/shared/pictograph/shared/domain/enums/pictograph-enums" from "src/lib/features/library/services/sequence-content-hasher.ts". Does the file exist?
  Plugin: vite:import-analysis
  File: E:/tka-platform/src/lib/features/library/services/sequence-content-hasher.ts:15:28
  1  |  import { MotionColor } from "$lib/shared/pictograph/shared/domain/enums/pictograph-enums";
     |                               ^
  2  |  export async function computeHash(sequence) {
  3  |    const content = extractContent(sequence);
 ❯ TransformPluginContext._formatLog node_modules/.pnpm/vite@7.3.1_@types+node@25.2_a52f0677b877553bd4d89f99f5dd7425/node_modules/vite/dist/node/chunks/config.js:28999:43
 ❯ TransformPluginContext.error node_modules/.pnpm/vite@7.3.1_@types+node@25.2_a52f0677b877553bd4d89f99f5dd7425/node_modules/vite/dist/node/chunks/config.js:28996:14
 ❯ normalizeUrl node_modules/.pnpm/vite@7.3.1_@types+node@25.2_a52f0677b877553bd4d89f99f5dd7425/node_modules/vite/dist/node/chunks/config.js:27119:18
 ❯ node_modules/.pnpm/vite@7.3.1_@types+node@25.2_a52f0677b877553bd4d89f99f5dd7425/node_modules/vite/dist/node/chunks/config.js:27177:32
 ❯ TransformPluginContext.transform node_modules/.pnpm/vite@7.3.1_@types+node@25.2_a52f0677b877553bd4d89f99f5dd7425/node_modules/vite/dist/node/chunks/config.js:27145:4
 ❯ EnvironmentPluginContainer.transform node_modules/.pnpm/vite@7.3.1_@types+node@25.2_a52f0677b877553bd4d89f99f5dd7425/node_modules/vite/dist/node/chunks/config.js:28797:14
 ❯ loadAndTransform node_modules/.pnpm/vite@7.3.1_@types+node@25.2_a52f0677b877553bd4d89f99f5dd7425/node_modules/vite/dist/node/chunks/config.js:22670:26

⎯⎯⎯⎯⎯⎯⎯⎯⎯⎯⎯⎯⎯⎯⎯⎯⎯⎯⎯⎯⎯[87/204]⎯

 FAIL  tests/unit/library/fork-detection.test.ts [ tests/unit/library/fork-detection.test.ts ]
Error: Failed to resolve import "$lib/features/library/services/sequence-content-hasher" from "tests/unit/library/fork-detection.test.ts". Does the file exist?
  Plugin: vite:import-analysis
  File: E:/tka-platform/tests/unit/library/fork-detection.test.ts:2:28
  1  |  import { describe, it, expect } from "vitest";
  2  |  import { computeHash } from "$lib/features/library/services/sequence-content-hasher";
     |                               ^
  3  |  import { createSequenceData } from "$lib/shared/foundation/domain/models/SequenceData";
  4  |  import { createMotionData } from "$lib/shared/pictograph/shared/domain/models/MotionData";
 ❯ TransformPluginContext._formatLog node_modules/.pnpm/vite@7.3.1_@types+node@25.2_a52f0677b877553bd4d89f99f5dd7425/node_modules/vite/dist/node/chunks/config.js:28999:43
 ❯ TransformPluginContext.error node_modules/.pnpm/vite@7.3.1_@types+node@25.2_a52f0677b877553bd4d89f99f5dd7425/node_modules/vite/dist/node/chunks/config.js:28996:14
 ❯ normalizeUrl node_modules/.pnpm/vite@7.3.1_@types+node@25.2_a52f0677b877553bd4d89f99f5dd7425/node_modules/vite/dist/node/chunks/config.js:27119:18
 ❯ node_modules/.pnpm/vite@7.3.1_@types+node@25.2_a52f0677b877553bd4d89f99f5dd7425/node_modules/vite/dist/node/chunks/config.js:27177:32
 ❯ TransformPluginContext.transform node_modules/.pnpm/vite@7.3.1_@types+node@25.2_a52f0677b877553bd4d89f99f5dd7425/node_modules/vite/dist/node/chunks/config.js:27145:4
 ❯ EnvironmentPluginContainer.transform node_modules/.pnpm/vite@7.3.1_@types+node@25.2_a52f0677b877553bd4d89f99f5dd7425/node_modules/vite/dist/node/chunks/config.js:28797:14
 ❯ loadAndTransform node_modules/.pnpm/vite@7.3.1_@types+node@25.2_a52f0677b877553bd4d89f99f5dd7425/node_modules/vite/dist/node/chunks/config.js:22670:26

⎯⎯⎯⎯⎯⎯⎯⎯⎯⎯⎯⎯⎯⎯⎯⎯⎯⎯⎯⎯⎯[88/204]⎯

 FAIL  tests/unit/library/library-events.test.ts [ tests/unit/library/library-events.test.ts ]
Error: Failed to resolve import "$lib/shared/library/library-events" from "tests/unit/library/library-events.test.ts". Does the file exist?
  Plugin: vite:import-analysis
  File: E:/tka-platform/tests/unit/library/library-events.test.ts:30:7
  10 |    onLibrarySequenceUpdated,
  11 |    LIBRARY_SEQUENCE_UPDATED_EVENT
  12 |  } from "$lib/shared/library/library-events";
     |          ^
  13 |  afterEach(() => {
  14 |    vi.restoreAllMocks();
 ❯ TransformPluginContext._formatLog node_modules/.pnpm/vite@7.3.1_@types+node@25.2_a52f0677b877553bd4d89f99f5dd7425/node_modules/vite/dist/node/chunks/config.js:28999:43
 ❯ TransformPluginContext.error node_modules/.pnpm/vite@7.3.1_@types+node@25.2_a52f0677b877553bd4d89f99f5dd7425/node_modules/vite/dist/node/chunks/config.js:28996:14
 ❯ normalizeUrl node_modules/.pnpm/vite@7.3.1_@types+node@25.2_a52f0677b877553bd4d89f99f5dd7425/node_modules/vite/dist/node/chunks/config.js:27119:18
 ❯ node_modules/.pnpm/vite@7.3.1_@types+node@25.2_a52f0677b877553bd4d89f99f5dd7425/node_modules/vite/dist/node/chunks/config.js:27177:32
 ❯ TransformPluginContext.transform node_modules/.pnpm/vite@7.3.1_@types+node@25.2_a52f0677b877553bd4d89f99f5dd7425/node_modules/vite/dist/node/chunks/config.js:27145:4
 ❯ EnvironmentPluginContainer.transform node_modules/.pnpm/vite@7.3.1_@types+node@25.2_a52f0677b877553bd4d89f99f5dd7425/node_modules/vite/dist/node/chunks/config.js:28797:14
 ❯ loadAndTransform node_modules/.pnpm/vite@7.3.1_@types+node@25.2_a52f0677b877553bd4d89f99f5dd7425/node_modules/vite/dist/node/chunks/config.js:22670:26

⎯⎯⎯⎯⎯⎯⎯⎯⎯⎯⎯⎯⎯⎯⎯⎯⎯⎯⎯⎯⎯[89/204]⎯

 FAIL  tests/unit/library/SequenceContentHasher.test.ts [ tests/unit/library/SequenceContentHasher.test.ts ]
Error: Failed to resolve import "$lib/features/library/services/sequence-content-hasher" from "tests/unit/library/SequenceContentHasher.test.ts". Does the file exist?
  Plugin: vite:import-analysis
  File: E:/tka-platform/tests/unit/library/SequenceContentHasher.test.ts:2:28
  1  |  import { describe, it, expect } from "vitest";
  2  |  import { computeHash } from "$lib/features/library/services/sequence-content-hasher";
     |                               ^
  3  |  import {
  4  |    createSequenceData
 ❯ TransformPluginContext._formatLog node_modules/.pnpm/vite@7.3.1_@types+node@25.2_a52f0677b877553bd4d89f99f5dd7425/node_modules/vite/dist/node/chunks/config.js:28999:43
 ❯ TransformPluginContext.error node_modules/.pnpm/vite@7.3.1_@types+node@25.2_a52f0677b877553bd4d89f99f5dd7425/node_modules/vite/dist/node/chunks/config.js:28996:14
 ❯ normalizeUrl node_modules/.pnpm/vite@7.3.1_@types+node@25.2_a52f0677b877553bd4d89f99f5dd7425/node_modules/vite/dist/node/chunks/config.js:27119:18
 ❯ node_modules/.pnpm/vite@7.3.1_@types+node@25.2_a52f0677b877553bd4d89f99f5dd7425/node_modules/vite/dist/node/chunks/config.js:27177:32
 ❯ TransformPluginContext.transform node_modules/.pnpm/vite@7.3.1_@types+node@25.2_a52f0677b877553bd4d89f99f5dd7425/node_modules/vite/dist/node/chunks/config.js:27145:4
 ❯ EnvironmentPluginContainer.transform node_modules/.pnpm/vite@7.3.1_@types+node@25.2_a52f0677b877553bd4d89f99f5dd7425/node_modules/vite/dist/node/chunks/config.js:28797:14
 ❯ loadAndTransform node_modules/.pnpm/vite@7.3.1_@types+node@25.2_a52f0677b877553bd4d89f99f5dd7425/node_modules/vite/dist/node/chunks/config.js:22670:26

⎯⎯⎯⎯⎯⎯⎯⎯⎯⎯⎯⎯⎯⎯⎯⎯⎯⎯⎯⎯⎯[90/204]⎯

 FAIL  tests/unit/loop/SwappedInvertedLOOPExecutor.test.ts [ tests/unit/loop/SwappedInvertedLOOPExecutor.test.ts ]
Error: Failed to resolve import "$lib/shared/pictograph/shared/domain/enums/pictograph-enums" from "src/lib/features/create/generate/circular/services/implementations/SwappedInvertedLOOPExecutor.ts". Does the file exist?
  Plugin: vite:import-analysis
  File: E:/tka-platform/src/lib/features/create/generate/circular/services/implementations/SwappedInvertedLOOPExecutor.ts:26:7
  3  |    MotionColor,
  4  |    RotationDirection
  5  |  } from "$lib/shared/pictograph/shared/domain/enums/pictograph-enums";
     |          ^
  6  |  import {
  7  |    INVERTED_LOOP_VALIDATION_SET,
 ❯ TransformPluginContext._formatLog node_modules/.pnpm/vite@7.3.1_@types+node@25.2_a52f0677b877553bd4d89f99f5dd7425/node_modules/vite/dist/node/chunks/config.js:28999:43
 ❯ TransformPluginContext.error node_modules/.pnpm/vite@7.3.1_@types+node@25.2_a52f0677b877553bd4d89f99f5dd7425/node_modules/vite/dist/node/chunks/config.js:28996:14
 ❯ normalizeUrl node_modules/.pnpm/vite@7.3.1_@types+node@25.2_a52f0677b877553bd4d89f99f5dd7425/node_modules/vite/dist/node/chunks/config.js:27119:18
 ❯ node_modules/.pnpm/vite@7.3.1_@types+node@25.2_a52f0677b877553bd4d89f99f5dd7425/node_modules/vite/dist/node/chunks/config.js:27177:32
 ❯ TransformPluginContext.transform node_modules/.pnpm/vite@7.3.1_@types+node@25.2_a52f0677b877553bd4d89f99f5dd7425/node_modules/vite/dist/node/chunks/config.js:27145:4
 ❯ EnvironmentPluginContainer.transform node_modules/.pnpm/vite@7.3.1_@types+node@25.2_a52f0677b877553bd4d89f99f5dd7425/node_modules/vite/dist/node/chunks/config.js:28797:14
 ❯ loadAndTransform node_modules/.pnpm/vite@7.3.1_@types+node@25.2_a52f0677b877553bd4d89f99f5dd7425/node_modules/vite/dist/node/chunks/config.js:22670:26

⎯⎯⎯⎯⎯⎯⎯⎯⎯⎯⎯⎯⎯⎯⎯⎯⎯⎯⎯⎯⎯[91/204]⎯

 FAIL  tests/unit/loop-labeler/loop-display-resolver.test.ts [ tests/unit/loop-labeler/loop-display-resolver.test.ts ]
Error: Failed to resolve import "$lib/features/loop-labeler/services/loop-display-resolver" from "tests/unit/loop-labeler/loop-display-resolver.test.ts". Does the file exist?
  Plugin: vite:import-analysis
  File: E:/tka-platform/tests/unit/loop-labeler/loop-display-resolver.test.ts:16:7
  3  |    resolveLoopDisplay,
  4  |    clearLoopDisplayCache
  5  |  } from "$lib/features/loop-labeler/services/loop-display-resolver";
     |          ^
  6  |  import {
  7  |    LOOPType,
 ❯ TransformPluginContext._formatLog node_modules/.pnpm/vite@7.3.1_@types+node@25.2_a52f0677b877553bd4d89f99f5dd7425/node_modules/vite/dist/node/chunks/config.js:28999:43
 ❯ TransformPluginContext.error node_modules/.pnpm/vite@7.3.1_@types+node@25.2_a52f0677b877553bd4d89f99f5dd7425/node_modules/vite/dist/node/chunks/config.js:28996:14
 ❯ normalizeUrl node_modules/.pnpm/vite@7.3.1_@types+node@25.2_a52f0677b877553bd4d89f99f5dd7425/node_modules/vite/dist/node/chunks/config.js:27119:18
 ❯ node_modules/.pnpm/vite@7.3.1_@types+node@25.2_a52f0677b877553bd4d89f99f5dd7425/node_modules/vite/dist/node/chunks/config.js:27177:32
 ❯ TransformPluginContext.transform node_modules/.pnpm/vite@7.3.1_@types+node@25.2_a52f0677b877553bd4d89f99f5dd7425/node_modules/vite/dist/node/chunks/config.js:27145:4
 ❯ EnvironmentPluginContainer.transform node_modules/.pnpm/vite@7.3.1_@types+node@25.2_a52f0677b877553bd4d89f99f5dd7425/node_modules/vite/dist/node/chunks/config.js:28797:14
 ❯ loadAndTransform node_modules/.pnpm/vite@7.3.1_@types+node@25.2_a52f0677b877553bd4d89f99f5dd7425/node_modules/vite/dist/node/chunks/config.js:22670:26

⎯⎯⎯⎯⎯⎯⎯⎯⎯⎯⎯⎯⎯⎯⎯⎯⎯⎯⎯⎯⎯[92/204]⎯

 FAIL  tests/unit/loop-labeler/loop-modal-copy.test.ts [ tests/unit/loop-labeler/loop-modal-copy.test.ts ]
Error: Failed to resolve import "$lib/features/loop-labeler/services/loop-modal-copy" from "tests/unit/loop-labeler/loop-modal-copy.test.ts". Does the file exist?
  Plugin: vite:import-analysis
  File: E:/tka-platform/tests/unit/loop-labeler/loop-modal-copy.test.ts:9:32
  1  |  import { describe, it, expect } from "vitest";
  2  |  import { resolveLoopCopy } from "$lib/features/loop-labeler/services/loop-modal-copy";
     |                                   ^
  3  |  import { LOOPComponent } from "$lib/shared/foundation/domain/models/generation/generate-models";
  4  |  describe("resolveLoopCopy", () => {
 ❯ TransformPluginContext._formatLog node_modules/.pnpm/vite@7.3.1_@types+node@25.2_a52f0677b877553bd4d89f99f5dd7425/node_modules/vite/dist/node/chunks/config.js:28999:43
 ❯ TransformPluginContext.error node_modules/.pnpm/vite@7.3.1_@types+node@25.2_a52f0677b877553bd4d89f99f5dd7425/node_modules/vite/dist/node/chunks/config.js:28996:14
 ❯ normalizeUrl node_modules/.pnpm/vite@7.3.1_@types+node@25.2_a52f0677b877553bd4d89f99f5dd7425/node_modules/vite/dist/node/chunks/config.js:27119:18
 ❯ node_modules/.pnpm/vite@7.3.1_@types+node@25.2_a52f0677b877553bd4d89f99f5dd7425/node_modules/vite/dist/node/chunks/config.js:27177:32
 ❯ TransformPluginContext.transform node_modules/.pnpm/vite@7.3.1_@types+node@25.2_a52f0677b877553bd4d89f99f5dd7425/node_modules/vite/dist/node/chunks/config.js:27145:4
 ❯ EnvironmentPluginContainer.transform node_modules/.pnpm/vite@7.3.1_@types+node@25.2_a52f0677b877553bd4d89f99f5dd7425/node_modules/vite/dist/node/chunks/config.js:28797:14
 ❯ loadAndTransform node_modules/.pnpm/vite@7.3.1_@types+node@25.2_a52f0677b877553bd4d89f99f5dd7425/node_modules/vite/dist/node/chunks/config.js:22670:26

⎯⎯⎯⎯⎯⎯⎯⎯⎯⎯⎯⎯⎯⎯⎯⎯⎯⎯⎯⎯⎯[93/204]⎯

 FAIL  tests/unit/loop-labeler/LOOPDetector.test.ts [ tests/unit/loop-labeler/LOOPDetector.test.ts ]
Error: Failed to resolve import "$lib/features/loop-labeler/services/LOOPDetector" from "tests/unit/loop-labeler/LOOPDetector.test.ts". Does the file exist?
  Plugin: vite:import-analysis
  File: E:/tka-platform/tests/unit/loop-labeler/LOOPDetector.test.ts:2:29
  1  |  import { describe, it, expect } from "vitest";
  2  |  import { loopDetector } from "$lib/features/loop-labeler/services/LOOPDetector";
     |                                ^
  3  |  import { LOOPComponent } from "$lib/shared/foundation/domain/models/generation/generate-models";
  4  |  function makeBeat(beat, blue, red, startPos, endPos) {
 ❯ TransformPluginContext._formatLog node_modules/.pnpm/vite@7.3.1_@types+node@25.2_a52f0677b877553bd4d89f99f5dd7425/node_modules/vite/dist/node/chunks/config.js:28999:43
 ❯ TransformPluginContext.error node_modules/.pnpm/vite@7.3.1_@types+node@25.2_a52f0677b877553bd4d89f99f5dd7425/node_modules/vite/dist/node/chunks/config.js:28996:14
 ❯ normalizeUrl node_modules/.pnpm/vite@7.3.1_@types+node@25.2_a52f0677b877553bd4d89f99f5dd7425/node_modules/vite/dist/node/chunks/config.js:27119:18
 ❯ node_modules/.pnpm/vite@7.3.1_@types+node@25.2_a52f0677b877553bd4d89f99f5dd7425/node_modules/vite/dist/node/chunks/config.js:27177:32
 ❯ TransformPluginContext.transform node_modules/.pnpm/vite@7.3.1_@types+node@25.2_a52f0677b877553bd4d89f99f5dd7425/node_modules/vite/dist/node/chunks/config.js:27145:4
 ❯ EnvironmentPluginContainer.transform node_modules/.pnpm/vite@7.3.1_@types+node@25.2_a52f0677b877553bd4d89f99f5dd7425/node_modules/vite/dist/node/chunks/config.js:28797:14
 ❯ loadAndTransform node_modules/.pnpm/vite@7.3.1_@types+node@25.2_a52f0677b877553bd4d89f99f5dd7425/node_modules/vite/dist/node/chunks/config.js:22670:26

⎯⎯⎯⎯⎯⎯⎯⎯⎯⎯⎯⎯⎯⎯⎯⎯⎯⎯⎯⎯⎯[94/204]⎯

 FAIL  tests/unit/comparison/MotionSignatureGenerator.test.ts [ tests/unit/comparison/MotionSignatureGenerator.test.ts ]
Error: Failed to resolve import "$lib/shared/pictograph/grid/domain/enums/grid-enums" from "src/lib/shared/comparison/services/implementations/MotionSignatureGenerator.ts". Does the file exist?
  Plugin: vite:import-analysis
  File: E:/tka-platform/src/lib/shared/comparison/services/implementations/MotionSignatureGenerator.ts:15:29
  1  |  import { GridLocation } from "$lib/shared/pictograph/grid/domain/enums/grid-enums";
     |                                ^
  2  |  import { HandPath, MotionType } from "$lib/shared/pictograph/shared/domain/enums/pictograph-enums";
  3  |  const SCORING_WEIGHTS = {
 ❯ TransformPluginContext._formatLog node_modules/.pnpm/vite@7.3.1_@types+node@25.2_a52f0677b877553bd4d89f99f5dd7425/node_modules/vite/dist/node/chunks/config.js:28999:43
 ❯ TransformPluginContext.error node_modules/.pnpm/vite@7.3.1_@types+node@25.2_a52f0677b877553bd4d89f99f5dd7425/node_modules/vite/dist/node/chunks/config.js:28996:14
 ❯ normalizeUrl node_modules/.pnpm/vite@7.3.1_@types+node@25.2_a52f0677b877553bd4d89f99f5dd7425/node_modules/vite/dist/node/chunks/config.js:27119:18
 ❯ node_modules/.pnpm/vite@7.3.1_@types+node@25.2_a52f0677b877553bd4d89f99f5dd7425/node_modules/vite/dist/node/chunks/config.js:27177:32
 ❯ TransformPluginContext.transform node_modules/.pnpm/vite@7.3.1_@types+node@25.2_a52f0677b877553bd4d89f99f5dd7425/node_modules/vite/dist/node/chunks/config.js:27145:4
 ❯ EnvironmentPluginContainer.transform node_modules/.pnpm/vite@7.3.1_@types+node@25.2_a52f0677b877553bd4d89f99f5dd7425/node_modules/vite/dist/node/chunks/config.js:28797:14
 ❯ loadAndTransform node_modules/.pnpm/vite@7.3.1_@types+node@25.2_a52f0677b877553bd4d89f99f5dd7425/node_modules/vite/dist/node/chunks/config.js:22670:26

⎯⎯⎯⎯⎯⎯⎯⎯⎯⎯⎯⎯⎯⎯⎯⎯⎯⎯⎯⎯⎯[95/204]⎯

 FAIL  tests/unit/comparison/SpatialTransformDetector.test.ts [ tests/unit/comparison/SpatialTransformDetector.test.ts ]
Error: Failed to resolve import "$lib/shared/pictograph/grid/domain/enums/grid-enums" from "src/lib/shared/comparison/services/implementations/SpatialTransformDetector.ts". Does the file exist?
  Plugin: vite:import-analysis
  File: E:/tka-platform/src/lib/shared/comparison/services/implementations/SpatialTransformDetector.ts:10:29
  1  |  import { GridLocation } from "$lib/shared/pictograph/grid/domain/enums/grid-enums";
     |                                ^
  2  |  import { MotionColor } from "$lib/shared/pictograph/shared/domain/enums/pictograph-enums";
  3  |  import { LOCATION_MAP_EIGHTH_CW } from "$lib/shared/foundation/domain/models/generation/circular-position-maps";
 ❯ TransformPluginContext._formatLog node_modules/.pnpm/vite@7.3.1_@types+node@25.2_a52f0677b877553bd4d89f99f5dd7425/node_modules/vite/dist/node/chunks/config.js:28999:43
 ❯ TransformPluginContext.error node_modules/.pnpm/vite@7.3.1_@types+node@25.2_a52f0677b877553bd4d89f99f5dd7425/node_modules/vite/dist/node/chunks/config.js:28996:14
 ❯ normalizeUrl node_modules/.pnpm/vite@7.3.1_@types+node@25.2_a52f0677b877553bd4d89f99f5dd7425/node_modules/vite/dist/node/chunks/config.js:27119:18
 ❯ node_modules/.pnpm/vite@7.3.1_@types+node@25.2_a52f0677b877553bd4d89f99f5dd7425/node_modules/vite/dist/node/chunks/config.js:27177:32
 ❯ TransformPluginContext.transform node_modules/.pnpm/vite@7.3.1_@types+node@25.2_a52f0677b877553bd4d89f99f5dd7425/node_modules/vite/dist/node/chunks/config.js:27145:4
 ❯ EnvironmentPluginContainer.transform node_modules/.pnpm/vite@7.3.1_@types+node@25.2_a52f0677b877553bd4d89f99f5dd7425/node_modules/vite/dist/node/chunks/config.js:28797:14
 ❯ loadAndTransform node_modules/.pnpm/vite@7.3.1_@types+node@25.2_a52f0677b877553bd4d89f99f5dd7425/node_modules/vite/dist/node/chunks/config.js:22670:26

⎯⎯⎯⎯⎯⎯⎯⎯⎯⎯⎯⎯⎯⎯⎯⎯⎯⎯⎯⎯⎯[96/204]⎯

 FAIL  tests/unit/museum/GraphLayoutEngine.test.ts [ tests/unit/museum/GraphLayoutEngine.test.ts ]
Error: Failed to resolve import "$lib/features/museum/services/graph-layout-engine" from "tests/unit/museum/GraphLayoutEngine.test.ts". Does the file exist?
  Plugin: vite:import-analysis
  File: E:/tka-platform/tests/unit/museum/GraphLayoutEngine.test.ts:2:30
  1  |  import { describe, it, expect } from "vitest";
  2  |  import { computeLayout } from "$lib/features/museum/services/graph-layout-engine";
     |                                 ^
  3  |  import { routeCorridor } from "$lib/features/museum/services/corridor-router";
  4  |  import { buildMuseumGrid } from "$lib/features/museum/services/MuseumGridBuilder";
 ❯ TransformPluginContext._formatLog node_modules/.pnpm/vite@7.3.1_@types+node@25.2_a52f0677b877553bd4d89f99f5dd7425/node_modules/vite/dist/node/chunks/config.js:28999:43
 ❯ TransformPluginContext.error node_modules/.pnpm/vite@7.3.1_@types+node@25.2_a52f0677b877553bd4d89f99f5dd7425/node_modules/vite/dist/node/chunks/config.js:28996:14
 ❯ normalizeUrl node_modules/.pnpm/vite@7.3.1_@types+node@25.2_a52f0677b877553bd4d89f99f5dd7425/node_modules/vite/dist/node/chunks/config.js:27119:18
 ❯ node_modules/.pnpm/vite@7.3.1_@types+node@25.2_a52f0677b877553bd4d89f99f5dd7425/node_modules/vite/dist/node/chunks/config.js:27177:32
 ❯ TransformPluginContext.transform node_modules/.pnpm/vite@7.3.1_@types+node@25.2_a52f0677b877553bd4d89f99f5dd7425/node_modules/vite/dist/node/chunks/config.js:27145:4
 ❯ EnvironmentPluginContainer.transform node_modules/.pnpm/vite@7.3.1_@types+node@25.2_a52f0677b877553bd4d89f99f5dd7425/node_modules/vite/dist/node/chunks/config.js:28797:14
 ❯ loadAndTransform node_modules/.pnpm/vite@7.3.1_@types+node@25.2_a52f0677b877553bd4d89f99f5dd7425/node_modules/vite/dist/node/chunks/config.js:22670:26

⎯⎯⎯⎯⎯⎯⎯⎯⎯⎯⎯⎯⎯⎯⎯⎯⎯⎯⎯⎯⎯[97/204]⎯

 FAIL  tests/unit/museum/layout-calculator.test.ts [ tests/unit/museum/layout-calculator.test.ts ]
Error: Failed to resolve import "$lib/features/museum/scenes/procedural/domain/layout-calculator" from "tests/unit/museum/layout-calculator.test.ts". Does the file exist?
  Plugin: vite:import-analysis
  File: E:/tka-platform/tests/unit/museum/layout-calculator.test.ts:2:38
  1  |  import { describe, it, expect } from "vitest";
  2  |  import { calculateMuseumLayout } from "$lib/features/museum/scenes/procedural/domain/layout-calculator";
     |                                         ^
  3  |  function wallSlotsIn(pavilion) {
  4  |    return pavilion.slots.filter((s) => s.type === "wall");
 ❯ TransformPluginContext._formatLog node_modules/.pnpm/vite@7.3.1_@types+node@25.2_a52f0677b877553bd4d89f99f5dd7425/node_modules/vite/dist/node/chunks/config.js:28999:43
 ❯ TransformPluginContext.error node_modules/.pnpm/vite@7.3.1_@types+node@25.2_a52f0677b877553bd4d89f99f5dd7425/node_modules/vite/dist/node/chunks/config.js:28996:14
 ❯ normalizeUrl node_modules/.pnpm/vite@7.3.1_@types+node@25.2_a52f0677b877553bd4d89f99f5dd7425/node_modules/vite/dist/node/chunks/config.js:27119:18
 ❯ node_modules/.pnpm/vite@7.3.1_@types+node@25.2_a52f0677b877553bd4d89f99f5dd7425/node_modules/vite/dist/node/chunks/config.js:27177:32
 ❯ TransformPluginContext.transform node_modules/.pnpm/vite@7.3.1_@types+node@25.2_a52f0677b877553bd4d89f99f5dd7425/node_modules/vite/dist/node/chunks/config.js:27145:4
 ❯ EnvironmentPluginContainer.transform node_modules/.pnpm/vite@7.3.1_@types+node@25.2_a52f0677b877553bd4d89f99f5dd7425/node_modules/vite/dist/node/chunks/config.js:28797:14
 ❯ loadAndTransform node_modules/.pnpm/vite@7.3.1_@types+node@25.2_a52f0677b877553bd4d89f99f5dd7425/node_modules/vite/dist/node/chunks/config.js:22670:26

⎯⎯⎯⎯⎯⎯⎯⎯⎯⎯⎯⎯⎯⎯⎯⎯⎯⎯⎯⎯⎯[98/204]⎯

 FAIL  tests/unit/museum/MuseumGeometryScaling.test.ts [ tests/unit/museum/MuseumGeometryScaling.test.ts ]
Error: Failed to resolve import "$lib/features/museum/services/MuseumGridBuilder" from "tests/unit/museum/MuseumGeometryScaling.test.ts". Does the file exist?
  Plugin: vite:import-analysis
  File: E:/tka-platform/tests/unit/museum/MuseumGeometryScaling.test.ts:13:32
  1  |  import { describe, it, expect } from "vitest";
  2  |  import { buildMuseumGrid } from "$lib/features/museum/services/MuseumGridBuilder";
     |                                   ^
  3  |  import { bucketMuseumTiles } from "$lib/features/museum/services/MuseumGeometryBuilder";
  4  |  import { MUSEUM_ROOMS, MUSEUM_EDGES, GRID_CONFIG } from "$lib/features/museum/data/museum-room-graph";
 ❯ TransformPluginContext._formatLog node_modules/.pnpm/vite@7.3.1_@types+node@25.2_a52f0677b877553bd4d89f99f5dd7425/node_modules/vite/dist/node/chunks/config.js:28999:43
 ❯ TransformPluginContext.error node_modules/.pnpm/vite@7.3.1_@types+node@25.2_a52f0677b877553bd4d89f99f5dd7425/node_modules/vite/dist/node/chunks/config.js:28996:14
 ❯ normalizeUrl node_modules/.pnpm/vite@7.3.1_@types+node@25.2_a52f0677b877553bd4d89f99f5dd7425/node_modules/vite/dist/node/chunks/config.js:27119:18
 ❯ node_modules/.pnpm/vite@7.3.1_@types+node@25.2_a52f0677b877553bd4d89f99f5dd7425/node_modules/vite/dist/node/chunks/config.js:27177:32
 ❯ TransformPluginContext.transform node_modules/.pnpm/vite@7.3.1_@types+node@25.2_a52f0677b877553bd4d89f99f5dd7425/node_modules/vite/dist/node/chunks/config.js:27145:4
 ❯ EnvironmentPluginContainer.transform node_modules/.pnpm/vite@7.3.1_@types+node@25.2_a52f0677b877553bd4d89f99f5dd7425/node_modules/vite/dist/node/chunks/config.js:28797:14
 ❯ loadAndTransform node_modules/.pnpm/vite@7.3.1_@types+node@25.2_a52f0677b877553bd4d89f99f5dd7425/node_modules/vite/dist/node/chunks/config.js:22670:26

⎯⎯⎯⎯⎯⎯⎯⎯⎯⎯⎯⎯⎯⎯⎯⎯⎯⎯⎯⎯⎯[99/204]⎯

 FAIL  tests/unit/museum/MuseumGridConnectivity.test.ts [ tests/unit/museum/MuseumGridConnectivity.test.ts ]
Error: Failed to resolve import "$lib/features/museum/services/MuseumGridBuilder" from "tests/unit/museum/MuseumGridConnectivity.test.ts". Does the file exist?
  Plugin: vite:import-analysis
  File: E:/tka-platform/tests/unit/museum/MuseumGridConnectivity.test.ts:10:32
  1  |  import { describe, it, expect } from "vitest";
  2  |  import { buildMuseumGrid } from "$lib/features/museum/services/MuseumGridBuilder";
     |                                   ^
  3  |  import { MUSEUM_ROOMS, MUSEUM_EDGES, GRID_CONFIG } from "$lib/features/museum/data/museum-room-graph";
  4  |  import { tileKey } from "$lib/features/museum/domain/museum-grid-types";
 ❯ TransformPluginContext._formatLog node_modules/.pnpm/vite@7.3.1_@types+node@25.2_a52f0677b877553bd4d89f99f5dd7425/node_modules/vite/dist/node/chunks/config.js:28999:43
 ❯ TransformPluginContext.error node_modules/.pnpm/vite@7.3.1_@types+node@25.2_a52f0677b877553bd4d89f99f5dd7425/node_modules/vite/dist/node/chunks/config.js:28996:14
 ❯ normalizeUrl node_modules/.pnpm/vite@7.3.1_@types+node@25.2_a52f0677b877553bd4d89f99f5dd7425/node_modules/vite/dist/node/chunks/config.js:27119:18
 ❯ node_modules/.pnpm/vite@7.3.1_@types+node@25.2_a52f0677b877553bd4d89f99f5dd7425/node_modules/vite/dist/node/chunks/config.js:27177:32
 ❯ TransformPluginContext.transform node_modules/.pnpm/vite@7.3.1_@types+node@25.2_a52f0677b877553bd4d89f99f5dd7425/node_modules/vite/dist/node/chunks/config.js:27145:4
 ❯ EnvironmentPluginContainer.transform node_modules/.pnpm/vite@7.3.1_@types+node@25.2_a52f0677b877553bd4d89f99f5dd7425/node_modules/vite/dist/node/chunks/config.js:28797:14
 ❯ loadAndTransform node_modules/.pnpm/vite@7.3.1_@types+node@25.2_a52f0677b877553bd4d89f99f5dd7425/node_modules/vite/dist/node/chunks/config.js:22670:26

⎯⎯⎯⎯⎯⎯⎯⎯⎯⎯⎯⎯⎯⎯⎯⎯⎯⎯⎯⎯[100/204]⎯

 FAIL  tests/unit/museum/MuseumGridSerializer.test.ts [ tests/unit/museum/MuseumGridSerializer.test.ts ]
Error: Failed to resolve import "$lib/features/museum/domain/museum-grid-types" from "tests/unit/museum/MuseumGridSerializer.test.ts". Does the file exist?
  Plugin: vite:import-analysis
  File: E:/tka-platform/tests/unit/museum/MuseumGridSerializer.test.ts:9:7
  5  |    deserializeGrid,
  6  |    tileKey
  7  |  } from "$lib/features/museum/domain/museum-grid-types";
     |          ^
  8  |  function assertRoundTrip(grid) {
  9  |    const serialized = serializeGrid(grid);
 ❯ TransformPluginContext._formatLog node_modules/.pnpm/vite@7.3.1_@types+node@25.2_a52f0677b877553bd4d89f99f5dd7425/node_modules/vite/dist/node/chunks/config.js:28999:43
 ❯ TransformPluginContext.error node_modules/.pnpm/vite@7.3.1_@types+node@25.2_a52f0677b877553bd4d89f99f5dd7425/node_modules/vite/dist/node/chunks/config.js:28996:14
 ❯ normalizeUrl node_modules/.pnpm/vite@7.3.1_@types+node@25.2_a52f0677b877553bd4d89f99f5dd7425/node_modules/vite/dist/node/chunks/config.js:27119:18
 ❯ node_modules/.pnpm/vite@7.3.1_@types+node@25.2_a52f0677b877553bd4d89f99f5dd7425/node_modules/vite/dist/node/chunks/config.js:27177:32
 ❯ TransformPluginContext.transform node_modules/.pnpm/vite@7.3.1_@types+node@25.2_a52f0677b877553bd4d89f99f5dd7425/node_modules/vite/dist/node/chunks/config.js:27145:4
 ❯ EnvironmentPluginContainer.transform node_modules/.pnpm/vite@7.3.1_@types+node@25.2_a52f0677b877553bd4d89f99f5dd7425/node_modules/vite/dist/node/chunks/config.js:28797:14
 ❯ loadAndTransform node_modules/.pnpm/vite@7.3.1_@types+node@25.2_a52f0677b877553bd4d89f99f5dd7425/node_modules/vite/dist/node/chunks/config.js:22670:26

⎯⎯⎯⎯⎯⎯⎯⎯⎯⎯⎯⎯⎯⎯⎯⎯⎯⎯⎯⎯[101/204]⎯

 FAIL  tests/unit/museum/MuseumPhysicsProvider.test.ts [ tests/unit/museum/MuseumPhysicsProvider.test.ts ]
Error: Failed to resolve import "$lib/features/museum/services/MuseumPhysicsProvider" from "tests/unit/museum/MuseumPhysicsProvider.test.ts". Does the file exist?
  Plugin: vite:import-analysis
  File: E:/tka-platform/tests/unit/museum/MuseumPhysicsProvider.test.ts:6:7
  3  |    MuseumPhysicsProvider,
  4  |    SOLID_TYPES
  5  |  } from "$lib/features/museum/services/MuseumPhysicsProvider";
     |          ^
  6  |  const TILE_SIZE = 0.5;
  7  |  const STANDING_Y = 0.85;
 ❯ TransformPluginContext._formatLog node_modules/.pnpm/vite@7.3.1_@types+node@25.2_a52f0677b877553bd4d89f99f5dd7425/node_modules/vite/dist/node/chunks/config.js:28999:43
 ❯ TransformPluginContext.error node_modules/.pnpm/vite@7.3.1_@types+node@25.2_a52f0677b877553bd4d89f99f5dd7425/node_modules/vite/dist/node/chunks/config.js:28996:14
 ❯ normalizeUrl node_modules/.pnpm/vite@7.3.1_@types+node@25.2_a52f0677b877553bd4d89f99f5dd7425/node_modules/vite/dist/node/chunks/config.js:27119:18
 ❯ node_modules/.pnpm/vite@7.3.1_@types+node@25.2_a52f0677b877553bd4d89f99f5dd7425/node_modules/vite/dist/node/chunks/config.js:27177:32
 ❯ TransformPluginContext.transform node_modules/.pnpm/vite@7.3.1_@types+node@25.2_a52f0677b877553bd4d89f99f5dd7425/node_modules/vite/dist/node/chunks/config.js:27145:4
 ❯ EnvironmentPluginContainer.transform node_modules/.pnpm/vite@7.3.1_@types+node@25.2_a52f0677b877553bd4d89f99f5dd7425/node_modules/vite/dist/node/chunks/config.js:28797:14
 ❯ loadAndTransform node_modules/.pnpm/vite@7.3.1_@types+node@25.2_a52f0677b877553bd4d89f99f5dd7425/node_modules/vite/dist/node/chunks/config.js:22670:26

⎯⎯⎯⎯⎯⎯⎯⎯⎯⎯⎯⎯⎯⎯⎯⎯⎯⎯⎯⎯[102/204]⎯

 FAIL  tests/unit/museum/ProximityGrid.test.ts [ tests/unit/museum/ProximityGrid.test.ts ]
Error: Failed to resolve import "$lib/features/museum/services/ProximityGrid" from "tests/unit/museum/ProximityGrid.test.ts". Does the file exist?
  Plugin: vite:import-analysis
  File: E:/tka-platform/tests/unit/museum/ProximityGrid.test.ts:2:30
  1  |  import { describe, it, expect } from "vitest";
  2  |  import { ProximityGrid } from "$lib/features/museum/services/ProximityGrid";
     |                                 ^
  3  |  describe("ProximityGrid", () => {
  4  |    it("returns items within radius", () => {
 ❯ TransformPluginContext._formatLog node_modules/.pnpm/vite@7.3.1_@types+node@25.2_a52f0677b877553bd4d89f99f5dd7425/node_modules/vite/dist/node/chunks/config.js:28999:43
 ❯ TransformPluginContext.error node_modules/.pnpm/vite@7.3.1_@types+node@25.2_a52f0677b877553bd4d89f99f5dd7425/node_modules/vite/dist/node/chunks/config.js:28996:14
 ❯ normalizeUrl node_modules/.pnpm/vite@7.3.1_@types+node@25.2_a52f0677b877553bd4d89f99f5dd7425/node_modules/vite/dist/node/chunks/config.js:27119:18
 ❯ node_modules/.pnpm/vite@7.3.1_@types+node@25.2_a52f0677b877553bd4d89f99f5dd7425/node_modules/vite/dist/node/chunks/config.js:27177:32
 ❯ TransformPluginContext.transform node_modules/.pnpm/vite@7.3.1_@types+node@25.2_a52f0677b877553bd4d89f99f5dd7425/node_modules/vite/dist/node/chunks/config.js:27145:4
 ❯ EnvironmentPluginContainer.transform node_modules/.pnpm/vite@7.3.1_@types+node@25.2_a52f0677b877553bd4d89f99f5dd7425/node_modules/vite/dist/node/chunks/config.js:28797:14
 ❯ loadAndTransform node_modules/.pnpm/vite@7.3.1_@types+node@25.2_a52f0677b877553bd4d89f99f5dd7425/node_modules/vite/dist/node/chunks/config.js:22670:26

⎯⎯⎯⎯⎯⎯⎯⎯⎯⎯⎯⎯⎯⎯⎯⎯⎯⎯⎯⎯[103/204]⎯

 FAIL  tests/unit/museum/room-descriptor.test.ts [ tests/unit/museum/room-descriptor.test.ts ]
Error: Failed to resolve import "$lib/features/museum/domain/room-descriptor" from "tests/unit/museum/room-descriptor.test.ts". Does the file exist?
  Plugin: vite:import-analysis
  File: E:/tka-platform/tests/unit/museum/room-descriptor.test.ts:7:7
  4  |    serializeDescriptor,
  5  |    deserializeDescriptor
  6  |  } from "$lib/features/museum/domain/room-descriptor";
     |          ^
  7  |  function makeDryRun() {
  8  |    const floorBuckets = /* @__PURE__ */ new Map([
 ❯ TransformPluginContext._formatLog node_modules/.pnpm/vite@7.3.1_@types+node@25.2_a52f0677b877553bd4d89f99f5dd7425/node_modules/vite/dist/node/chunks/config.js:28999:43
 ❯ TransformPluginContext.error node_modules/.pnpm/vite@7.3.1_@types+node@25.2_a52f0677b877553bd4d89f99f5dd7425/node_modules/vite/dist/node/chunks/config.js:28996:14
 ❯ normalizeUrl node_modules/.pnpm/vite@7.3.1_@types+node@25.2_a52f0677b877553bd4d89f99f5dd7425/node_modules/vite/dist/node/chunks/config.js:27119:18
 ❯ node_modules/.pnpm/vite@7.3.1_@types+node@25.2_a52f0677b877553bd4d89f99f5dd7425/node_modules/vite/dist/node/chunks/config.js:27177:32
 ❯ TransformPluginContext.transform node_modules/.pnpm/vite@7.3.1_@types+node@25.2_a52f0677b877553bd4d89f99f5dd7425/node_modules/vite/dist/node/chunks/config.js:27145:4
 ❯ EnvironmentPluginContainer.transform node_modules/.pnpm/vite@7.3.1_@types+node@25.2_a52f0677b877553bd4d89f99f5dd7425/node_modules/vite/dist/node/chunks/config.js:28797:14
 ❯ loadAndTransform node_modules/.pnpm/vite@7.3.1_@types+node@25.2_a52f0677b877553bd4d89f99f5dd7425/node_modules/vite/dist/node/chunks/config.js:22670:26

⎯⎯⎯⎯⎯⎯⎯⎯⎯⎯⎯⎯⎯⎯⎯⎯⎯⎯⎯⎯[104/204]⎯

 FAIL  tests/unit/museum/room-lifecycle-manager.test.ts [ tests/unit/museum/room-lifecycle-manager.test.ts ]
Error: Failed to resolve import "$lib/features/museum/services/RoomLifecycleManager" from "tests/unit/museum/room-lifecycle-manager.test.ts". Does the file exist?
  Plugin: vite:import-analysis
  File: E:/tka-platform/tests/unit/museum/room-lifecycle-manager.test.ts:5:7
  3  |    RoomLifecycleManager,
  4  |    RoomState
  5  |  } from "$lib/features/museum/services/RoomLifecycleManager";
     |          ^
  6  |  const EDGES = [
  7  |    { from: "lobby", to: "room-a", type: "main-path", fromWall: "north", toWall: "south" },
 ❯ TransformPluginContext._formatLog node_modules/.pnpm/vite@7.3.1_@types+node@25.2_a52f0677b877553bd4d89f99f5dd7425/node_modules/vite/dist/node/chunks/config.js:28999:43
 ❯ TransformPluginContext.error node_modules/.pnpm/vite@7.3.1_@types+node@25.2_a52f0677b877553bd4d89f99f5dd7425/node_modules/vite/dist/node/chunks/config.js:28996:14
 ❯ normalizeUrl node_modules/.pnpm/vite@7.3.1_@types+node@25.2_a52f0677b877553bd4d89f99f5dd7425/node_modules/vite/dist/node/chunks/config.js:27119:18
 ❯ node_modules/.pnpm/vite@7.3.1_@types+node@25.2_a52f0677b877553bd4d89f99f5dd7425/node_modules/vite/dist/node/chunks/config.js:27177:32
 ❯ TransformPluginContext.transform node_modules/.pnpm/vite@7.3.1_@types+node@25.2_a52f0677b877553bd4d89f99f5dd7425/node_modules/vite/dist/node/chunks/config.js:27145:4
 ❯ EnvironmentPluginContainer.transform node_modules/.pnpm/vite@7.3.1_@types+node@25.2_a52f0677b877553bd4d89f99f5dd7425/node_modules/vite/dist/node/chunks/config.js:28797:14
 ❯ loadAndTransform node_modules/.pnpm/vite@7.3.1_@types+node@25.2_a52f0677b877553bd4d89f99f5dd7425/node_modules/vite/dist/node/chunks/config.js:22670:26

⎯⎯⎯⎯⎯⎯⎯⎯⎯⎯⎯⎯⎯⎯⎯⎯⎯⎯⎯⎯[105/204]⎯

 FAIL  tests/unit/museum/RoomGraphInvariants.test.ts [ tests/unit/museum/RoomGraphInvariants.test.ts ]
Error: Failed to resolve import "$lib/features/museum/data/museum-room-graph" from "tests/unit/museum/RoomGraphInvariants.test.ts". Does the file exist?
  Plugin: vite:import-analysis
  File: E:/tka-platform/tests/unit/museum/RoomGraphInvariants.test.ts:6:7
  3  |    MUSEUM_ROOMS,
  4  |    MUSEUM_EDGES
  5  |  } from "$lib/features/museum/data/museum-room-graph";
     |          ^
  6  |  const roomById = new Map(MUSEUM_ROOMS.map((r) => [r.id, r]));
  7  |  const edgeByKey = new Map(MUSEUM_EDGES.map((e) => [`${e.from}->${e.to}`, e]));
 ❯ TransformPluginContext._formatLog node_modules/.pnpm/vite@7.3.1_@types+node@25.2_a52f0677b877553bd4d89f99f5dd7425/node_modules/vite/dist/node/chunks/config.js:28999:43
 ❯ TransformPluginContext.error node_modules/.pnpm/vite@7.3.1_@types+node@25.2_a52f0677b877553bd4d89f99f5dd7425/node_modules/vite/dist/node/chunks/config.js:28996:14
 ❯ normalizeUrl node_modules/.pnpm/vite@7.3.1_@types+node@25.2_a52f0677b877553bd4d89f99f5dd7425/node_modules/vite/dist/node/chunks/config.js:27119:18
 ❯ node_modules/.pnpm/vite@7.3.1_@types+node@25.2_a52f0677b877553bd4d89f99f5dd7425/node_modules/vite/dist/node/chunks/config.js:27177:32
 ❯ TransformPluginContext.transform node_modules/.pnpm/vite@7.3.1_@types+node@25.2_a52f0677b877553bd4d89f99f5dd7425/node_modules/vite/dist/node/chunks/config.js:27145:4
 ❯ EnvironmentPluginContainer.transform node_modules/.pnpm/vite@7.3.1_@types+node@25.2_a52f0677b877553bd4d89f99f5dd7425/node_modules/vite/dist/node/chunks/config.js:28797:14
 ❯ loadAndTransform node_modules/.pnpm/vite@7.3.1_@types+node@25.2_a52f0677b877553bd4d89f99f5dd7425/node_modules/vite/dist/node/chunks/config.js:22670:26

⎯⎯⎯⎯⎯⎯⎯⎯⎯⎯⎯⎯⎯⎯⎯⎯⎯⎯⎯⎯[106/204]⎯

 FAIL  tests/unit/museum/TileGridAnalyzer.test.ts [ tests/unit/museum/TileGridAnalyzer.test.ts ]
Error: Failed to resolve import "$lib/features/museum/services/tile-grid-analyzer" from "tests/unit/museum/TileGridAnalyzer.test.ts". Does the file exist?
  Plugin: vite:import-analysis
  File: E:/tka-platform/tests/unit/museum/TileGridAnalyzer.test.ts:2:24
  1  |  import { describe, it, expect } from "vitest";
  2  |  import { analyze } from "$lib/features/museum/services/tile-grid-analyzer";
     |                           ^
  3  |  import {
  4  |    createEmptyGrid,
 ❯ TransformPluginContext._formatLog node_modules/.pnpm/vite@7.3.1_@types+node@25.2_a52f0677b877553bd4d89f99f5dd7425/node_modules/vite/dist/node/chunks/config.js:28999:43
 ❯ TransformPluginContext.error node_modules/.pnpm/vite@7.3.1_@types+node@25.2_a52f0677b877553bd4d89f99f5dd7425/node_modules/vite/dist/node/chunks/config.js:28996:14
 ❯ normalizeUrl node_modules/.pnpm/vite@7.3.1_@types+node@25.2_a52f0677b877553bd4d89f99f5dd7425/node_modules/vite/dist/node/chunks/config.js:27119:18
 ❯ node_modules/.pnpm/vite@7.3.1_@types+node@25.2_a52f0677b877553bd4d89f99f5dd7425/node_modules/vite/dist/node/chunks/config.js:27177:32
 ❯ TransformPluginContext.transform node_modules/.pnpm/vite@7.3.1_@types+node@25.2_a52f0677b877553bd4d89f99f5dd7425/node_modules/vite/dist/node/chunks/config.js:27145:4
 ❯ EnvironmentPluginContainer.transform node_modules/.pnpm/vite@7.3.1_@types+node@25.2_a52f0677b877553bd4d89f99f5dd7425/node_modules/vite/dist/node/chunks/config.js:28797:14
 ❯ loadAndTransform node_modules/.pnpm/vite@7.3.1_@types+node@25.2_a52f0677b877553bd4d89f99f5dd7425/node_modules/vite/dist/node/chunks/config.js:22670:26

⎯⎯⎯⎯⎯⎯⎯⎯⎯⎯⎯⎯⎯⎯⎯⎯⎯⎯⎯⎯[107/204]⎯

 FAIL  tests/unit/museum/WallSegmentTypes.test.ts [ tests/unit/museum/WallSegmentTypes.test.ts ]
Error: Failed to resolve import "$lib/features/museum/domain/wall-segment-types" from "tests/unit/museum/WallSegmentTypes.test.ts". Does the file exist?
  Plugin: vite:import-analysis
  File: E:/tka-platform/tests/unit/museum/WallSegmentTypes.test.ts:6:7
  4  |    computeWallLength,
  5  |    computeRoomDimensions
  6  |  } from "$lib/features/museum/domain/wall-segment-types";
     |          ^
  7  |  describe("computeSegmentWidth", () => {
  8  |    it("returns door width from segment", () => {
 ❯ TransformPluginContext._formatLog node_modules/.pnpm/vite@7.3.1_@types+node@25.2_a52f0677b877553bd4d89f99f5dd7425/node_modules/vite/dist/node/chunks/config.js:28999:43
 ❯ TransformPluginContext.error node_modules/.pnpm/vite@7.3.1_@types+node@25.2_a52f0677b877553bd4d89f99f5dd7425/node_modules/vite/dist/node/chunks/config.js:28996:14
 ❯ normalizeUrl node_modules/.pnpm/vite@7.3.1_@types+node@25.2_a52f0677b877553bd4d89f99f5dd7425/node_modules/vite/dist/node/chunks/config.js:27119:18
 ❯ node_modules/.pnpm/vite@7.3.1_@types+node@25.2_a52f0677b877553bd4d89f99f5dd7425/node_modules/vite/dist/node/chunks/config.js:27177:32
 ❯ TransformPluginContext.transform node_modules/.pnpm/vite@7.3.1_@types+node@25.2_a52f0677b877553bd4d89f99f5dd7425/node_modules/vite/dist/node/chunks/config.js:27145:4
 ❯ EnvironmentPluginContainer.transform node_modules/.pnpm/vite@7.3.1_@types+node@25.2_a52f0677b877553bd4d89f99f5dd7425/node_modules/vite/dist/node/chunks/config.js:28797:14
 ❯ loadAndTransform node_modules/.pnpm/vite@7.3.1_@types+node@25.2_a52f0677b877553bd4d89f99f5dd7425/node_modules/vite/dist/node/chunks/config.js:22670:26

⎯⎯⎯⎯⎯⎯⎯⎯⎯⎯⎯⎯⎯⎯⎯⎯⎯⎯⎯⎯[108/204]⎯

 FAIL  tests/unit/pill-nav/pill-summaries.test.ts [ tests/unit/pill-nav/pill-summaries.test.ts ]
Error: Failed to resolve import "$lib/shared/animation-panel/pill-nav/pill-summaries" from "tests/unit/pill-nav/pill-summaries.test.ts". Does the file exist?
  Plugin: vite:import-analysis
  File: E:/tka-platform/tests/unit/pill-nav/pill-summaries.test.ts:8:7
  5  |    computePlaybackSummary,
  6  |    computeExportSummary
  7  |  } from "$lib/shared/animation-panel/pill-nav/pill-summaries";
     |          ^
  8  |  const allOff = {
  9  |    tkaGlyph: false,
 ❯ TransformPluginContext._formatLog node_modules/.pnpm/vite@7.3.1_@types+node@25.2_a52f0677b877553bd4d89f99f5dd7425/node_modules/vite/dist/node/chunks/config.js:28999:43
 ❯ TransformPluginContext.error node_modules/.pnpm/vite@7.3.1_@types+node@25.2_a52f0677b877553bd4d89f99f5dd7425/node_modules/vite/dist/node/chunks/config.js:28996:14
 ❯ normalizeUrl node_modules/.pnpm/vite@7.3.1_@types+node@25.2_a52f0677b877553bd4d89f99f5dd7425/node_modules/vite/dist/node/chunks/config.js:27119:18
 ❯ node_modules/.pnpm/vite@7.3.1_@types+node@25.2_a52f0677b877553bd4d89f99f5dd7425/node_modules/vite/dist/node/chunks/config.js:27177:32
 ❯ TransformPluginContext.transform node_modules/.pnpm/vite@7.3.1_@types+node@25.2_a52f0677b877553bd4d89f99f5dd7425/node_modules/vite/dist/node/chunks/config.js:27145:4
 ❯ EnvironmentPluginContainer.transform node_modules/.pnpm/vite@7.3.1_@types+node@25.2_a52f0677b877553bd4d89f99f5dd7425/node_modules/vite/dist/node/chunks/config.js:28797:14
 ❯ loadAndTransform node_modules/.pnpm/vite@7.3.1_@types+node@25.2_a52f0677b877553bd4d89f99f5dd7425/node_modules/vite/dist/node/chunks/config.js:22670:26

⎯⎯⎯⎯⎯⎯⎯⎯⎯⎯⎯⎯⎯⎯⎯⎯⎯⎯⎯⎯[109/204]⎯

 FAIL  tests/unit/prop-system/CreatorPropFilter.test.ts [ tests/unit/prop-system/CreatorPropFilter.test.ts ]
Error: Failed to resolve import "$lib/shared/auth/firebase" from "src/lib/features/browse/creators/services/creator-prop-filter.ts". Does the file exist?
  Plugin: vite:import-analysis
  File: E:/tka-platform/src/lib/features/browse/creators/services/creator-prop-filter.ts:2:37
  1  |  import { collection, query, where, orderBy, limit as firestoreLimit, getDocs } from "firebase/firestore";
  2  |  import { getFirestoreInstance } from "$lib/shared/auth/firebase";
     |                                        ^
  3  |  export async function queryByProp(prop, maxResults) {
  4  |    const db = await getFirestoreInstance();
 ❯ TransformPluginContext._formatLog node_modules/.pnpm/vite@7.3.1_@types+node@25.2_a52f0677b877553bd4d89f99f5dd7425/node_modules/vite/dist/node/chunks/config.js:28999:43
 ❯ TransformPluginContext.error node_modules/.pnpm/vite@7.3.1_@types+node@25.2_a52f0677b877553bd4d89f99f5dd7425/node_modules/vite/dist/node/chunks/config.js:28996:14
 ❯ normalizeUrl node_modules/.pnpm/vite@7.3.1_@types+node@25.2_a52f0677b877553bd4d89f99f5dd7425/node_modules/vite/dist/node/chunks/config.js:27119:18
 ❯ node_modules/.pnpm/vite@7.3.1_@types+node@25.2_a52f0677b877553bd4d89f99f5dd7425/node_modules/vite/dist/node/chunks/config.js:27177:32
 ❯ TransformPluginContext.transform node_modules/.pnpm/vite@7.3.1_@types+node@25.2_a52f0677b877553bd4d89f99f5dd7425/node_modules/vite/dist/node/chunks/config.js:27145:4
 ❯ EnvironmentPluginContainer.transform node_modules/.pnpm/vite@7.3.1_@types+node@25.2_a52f0677b877553bd4d89f99f5dd7425/node_modules/vite/dist/node/chunks/config.js:28797:14
 ❯ loadAndTransform node_modules/.pnpm/vite@7.3.1_@types+node@25.2_a52f0677b877553bd4d89f99f5dd7425/node_modules/vite/dist/node/chunks/config.js:22670:26

⎯⎯⎯⎯⎯⎯⎯⎯⎯⎯⎯⎯⎯⎯⎯⎯⎯⎯⎯⎯[110/204]⎯

 FAIL  tests/unit/prop-system/PresentationResolver.test.ts [ tests/unit/prop-system/PresentationResolver.test.ts ]
Error: Failed to resolve import "$lib/shared/sequence-viewer/services/presentation-resolver" from "tests/unit/prop-system/PresentationResolver.test.ts". Does the file exist?
  Plugin: vite:import-analysis
  File: E:/tka-platform/tests/unit/prop-system/PresentationResolver.test.ts:2:36
  1  |  import { describe, it, expect } from "vitest";
  2  |  import { resolvePresentation } from "$lib/shared/sequence-viewer/services/presentation-resolver";
     |                                       ^
  3  |  import { PropType } from "$lib/shared/pictograph/prop/domain/enums/PropType";
  4  |  import { createSequenceData } from "$lib/shared/foundation/domain/models/SequenceData";
 ❯ TransformPluginContext._formatLog node_modules/.pnpm/vite@7.3.1_@types+node@25.2_a52f0677b877553bd4d89f99f5dd7425/node_modules/vite/dist/node/chunks/config.js:28999:43
 ❯ TransformPluginContext.error node_modules/.pnpm/vite@7.3.1_@types+node@25.2_a52f0677b877553bd4d89f99f5dd7425/node_modules/vite/dist/node/chunks/config.js:28996:14
 ❯ normalizeUrl node_modules/.pnpm/vite@7.3.1_@types+node@25.2_a52f0677b877553bd4d89f99f5dd7425/node_modules/vite/dist/node/chunks/config.js:27119:18
 ❯ node_modules/.pnpm/vite@7.3.1_@types+node@25.2_a52f0677b877553bd4d89f99f5dd7425/node_modules/vite/dist/node/chunks/config.js:27177:32
 ❯ TransformPluginContext.transform node_modules/.pnpm/vite@7.3.1_@types+node@25.2_a52f0677b877553bd4d89f99f5dd7425/node_modules/vite/dist/node/chunks/config.js:27145:4
 ❯ EnvironmentPluginContainer.transform node_modules/.pnpm/vite@7.3.1_@types+node@25.2_a52f0677b877553bd4d89f99f5dd7425/node_modules/vite/dist/node/chunks/config.js:28797:14
 ❯ loadAndTransform node_modules/.pnpm/vite@7.3.1_@types+node@25.2_a52f0677b877553bd4d89f99f5dd7425/node_modules/vite/dist/node/chunks/config.js:22670:26

⎯⎯⎯⎯⎯⎯⎯⎯⎯⎯⎯⎯⎯⎯⎯⎯⎯⎯⎯⎯[111/204]⎯

 FAIL  tests/unit/prop-system/PropPreferencePersister.test.ts [ tests/unit/prop-system/PropPreferencePersister.test.ts ]
Error: Failed to resolve import "$lib/shared/auth/firebase" from "src/lib/shared/community/services/prop-preference-persister.ts". Does the file exist?
  Plugin: vite:import-analysis
  File: E:/tka-platform/src/lib/shared/community/services/prop-preference-persister.ts:2:37
  1  |  import { doc, getDoc, updateDoc } from "firebase/firestore";
  2  |  import { getFirestoreInstance } from "$lib/shared/auth/firebase";
     |                                        ^
  3  |  const DEFAULT_PREFS = {
  4  |    propsISpinWith: [],
 ❯ TransformPluginContext._formatLog node_modules/.pnpm/vite@7.3.1_@types+node@25.2_a52f0677b877553bd4d89f99f5dd7425/node_modules/vite/dist/node/chunks/config.js:28999:43
 ❯ TransformPluginContext.error node_modules/.pnpm/vite@7.3.1_@types+node@25.2_a52f0677b877553bd4d89f99f5dd7425/node_modules/vite/dist/node/chunks/config.js:28996:14
 ❯ normalizeUrl node_modules/.pnpm/vite@7.3.1_@types+node@25.2_a52f0677b877553bd4d89f99f5dd7425/node_modules/vite/dist/node/chunks/config.js:27119:18
 ❯ node_modules/.pnpm/vite@7.3.1_@types+node@25.2_a52f0677b877553bd4d89f99f5dd7425/node_modules/vite/dist/node/chunks/config.js:27177:32
 ❯ TransformPluginContext.transform node_modules/.pnpm/vite@7.3.1_@types+node@25.2_a52f0677b877553bd4d89f99f5dd7425/node_modules/vite/dist/node/chunks/config.js:27145:4
 ❯ EnvironmentPluginContainer.transform node_modules/.pnpm/vite@7.3.1_@types+node@25.2_a52f0677b877553bd4d89f99f5dd7425/node_modules/vite/dist/node/chunks/config.js:28797:14
 ❯ loadAndTransform node_modules/.pnpm/vite@7.3.1_@types+node@25.2_a52f0677b877553bd4d89f99f5dd7425/node_modules/vite/dist/node/chunks/config.js:22670:26

⎯⎯⎯⎯⎯⎯⎯⎯⎯⎯⎯⎯⎯⎯⎯⎯⎯⎯⎯⎯[112/204]⎯

 FAIL  tests/unit/poi/image-pattern-loader.test.ts [ tests/unit/poi/image-pattern-loader.test.ts ]
Error: Failed to resolve import "$lib/features/poi/services/image-pattern-loader" from "tests/unit/poi/image-pattern-loader.test.ts". Does the file exist?
  Plugin: vite:import-analysis
  File: E:/tka-platform/tests/unit/poi/image-pattern-loader.test.ts:2:61
  1  |  import { describe, it, expect } from "vitest";
  2  |  import { fromImageData, fromDiscImage, fromStripImage } from "$lib/features/poi/services/image-pattern-loader";
     |                                                                ^
  3  |  import { getPixel } from "$lib/shared/poi/domain/StripPattern";
  4  |  if (typeof globalThis.ImageData === "undefined") {
 ❯ TransformPluginContext._formatLog node_modules/.pnpm/vite@7.3.1_@types+node@25.2_a52f0677b877553bd4d89f99f5dd7425/node_modules/vite/dist/node/chunks/config.js:28999:43
 ❯ TransformPluginContext.error node_modules/.pnpm/vite@7.3.1_@types+node@25.2_a52f0677b877553bd4d89f99f5dd7425/node_modules/vite/dist/node/chunks/config.js:28996:14
 ❯ normalizeUrl node_modules/.pnpm/vite@7.3.1_@types+node@25.2_a52f0677b877553bd4d89f99f5dd7425/node_modules/vite/dist/node/chunks/config.js:27119:18
 ❯ node_modules/.pnpm/vite@7.3.1_@types+node@25.2_a52f0677b877553bd4d89f99f5dd7425/node_modules/vite/dist/node/chunks/config.js:27177:32
 ❯ TransformPluginContext.transform node_modules/.pnpm/vite@7.3.1_@types+node@25.2_a52f0677b877553bd4d89f99f5dd7425/node_modules/vite/dist/node/chunks/config.js:27145:4
 ❯ EnvironmentPluginContainer.transform node_modules/.pnpm/vite@7.3.1_@types+node@25.2_a52f0677b877553bd4d89f99f5dd7425/node_modules/vite/dist/node/chunks/config.js:28797:14
 ❯ loadAndTransform node_modules/.pnpm/vite@7.3.1_@types+node@25.2_a52f0677b877553bd4d89f99f5dd7425/node_modules/vite/dist/node/chunks/config.js:22670:26

⎯⎯⎯⎯⎯⎯⎯⎯⎯⎯⎯⎯⎯⎯⎯⎯⎯⎯⎯⎯[113/204]⎯

 FAIL  tests/unit/poi/open-pixel-poi-adapter.test.ts [ tests/unit/poi/open-pixel-poi-adapter.test.ts ]
Error: Failed to resolve import "$lib/features/poi/services/implementations/OpenPixelPoiAdapter" from "tests/unit/poi/open-pixel-poi-adapter.test.ts". Does the file exist?
  Plugin: vite:import-analysis
  File: E:/tka-platform/tests/unit/poi/open-pixel-poi-adapter.test.ts:7:7
  5  |    buildSpeedPacket,
  6  |    chunkPacket
  7  |  } from "$lib/features/poi/services/implementations/OpenPixelPoiAdapter";
     |          ^
  8  |  import { createEmptyPattern, setPixel } from "$lib/shared/poi/domain/StripPattern";
  9  |  import { BLE_START_BYTE, BLE_END_BYTE, BleCommCode } from "$lib/features/poi/domain/DeviceTypes";
 ❯ TransformPluginContext._formatLog node_modules/.pnpm/vite@7.3.1_@types+node@25.2_a52f0677b877553bd4d89f99f5dd7425/node_modules/vite/dist/node/chunks/config.js:28999:43
 ❯ TransformPluginContext.error node_modules/.pnpm/vite@7.3.1_@types+node@25.2_a52f0677b877553bd4d89f99f5dd7425/node_modules/vite/dist/node/chunks/config.js:28996:14
 ❯ normalizeUrl node_modules/.pnpm/vite@7.3.1_@types+node@25.2_a52f0677b877553bd4d89f99f5dd7425/node_modules/vite/dist/node/chunks/config.js:27119:18
 ❯ node_modules/.pnpm/vite@7.3.1_@types+node@25.2_a52f0677b877553bd4d89f99f5dd7425/node_modules/vite/dist/node/chunks/config.js:27177:32
 ❯ TransformPluginContext.transform node_modules/.pnpm/vite@7.3.1_@types+node@25.2_a52f0677b877553bd4d89f99f5dd7425/node_modules/vite/dist/node/chunks/config.js:27145:4
 ❯ EnvironmentPluginContainer.transform node_modules/.pnpm/vite@7.3.1_@types+node@25.2_a52f0677b877553bd4d89f99f5dd7425/node_modules/vite/dist/node/chunks/config.js:28797:14
 ❯ loadAndTransform node_modules/.pnpm/vite@7.3.1_@types+node@25.2_a52f0677b877553bd4d89f99f5dd7425/node_modules/vite/dist/node/chunks/config.js:22670:26

⎯⎯⎯⎯⎯⎯⎯⎯⎯⎯⎯⎯⎯⎯⎯⎯⎯⎯⎯⎯[114/204]⎯

 FAIL  tests/unit/poi/pov-trail-ring.test.ts [ tests/unit/poi/pov-trail-ring.test.ts ]
Error: Failed to resolve import "$lib/shared/3d/effects/poi/PovTrailRing" from "tests/unit/poi/pov-trail-ring.test.ts". Does the file exist?
  Plugin: vite:import-analysis
  File: E:/tka-platform/tests/unit/poi/pov-trail-ring.test.ts:2:52
  1  |  import { describe, it, expect } from "vitest";
  2  |  import { PovTrailRing } from "$lib/shared/3d/effects/poi/PovTrailRing";
     |                                ^
  3  |  describe("PovTrailRing", () => {
  4  |    it("starts empty", () => {
 ❯ TransformPluginContext._formatLog node_modules/.pnpm/vite@7.3.1_@types+node@25.2_a52f0677b877553bd4d89f99f5dd7425/node_modules/vite/dist/node/chunks/config.js:28999:43
 ❯ TransformPluginContext.error node_modules/.pnpm/vite@7.3.1_@types+node@25.2_a52f0677b877553bd4d89f99f5dd7425/node_modules/vite/dist/node/chunks/config.js:28996:14
 ❯ normalizeUrl node_modules/.pnpm/vite@7.3.1_@types+node@25.2_a52f0677b877553bd4d89f99f5dd7425/node_modules/vite/dist/node/chunks/config.js:27119:18
 ❯ node_modules/.pnpm/vite@7.3.1_@types+node@25.2_a52f0677b877553bd4d89f99f5dd7425/node_modules/vite/dist/node/chunks/config.js:27177:32
 ❯ TransformPluginContext.transform node_modules/.pnpm/vite@7.3.1_@types+node@25.2_a52f0677b877553bd4d89f99f5dd7425/node_modules/vite/dist/node/chunks/config.js:27145:4
 ❯ EnvironmentPluginContainer.transform node_modules/.pnpm/vite@7.3.1_@types+node@25.2_a52f0677b877553bd4d89f99f5dd7425/node_modules/vite/dist/node/chunks/config.js:28797:14
 ❯ loadAndTransform node_modules/.pnpm/vite@7.3.1_@types+node@25.2_a52f0677b877553bd4d89f99f5dd7425/node_modules/vite/dist/node/chunks/config.js:22670:26

⎯⎯⎯⎯⎯⎯⎯⎯⎯⎯⎯⎯⎯⎯⎯⎯⎯⎯⎯⎯[115/204]⎯

 FAIL  tests/unit/poi/strip-pattern-engine.test.ts [ tests/unit/poi/strip-pattern-engine.test.ts ]
Error: Failed to resolve import "$lib/features/poi/services/implementations/StripPatternEngine" from "tests/unit/poi/strip-pattern-engine.test.ts". Does the file exist?
  Plugin: vite:import-analysis
  File: E:/tka-platform/tests/unit/poi/strip-pattern-engine.test.ts:2:35
  1  |  import { describe, it, expect } from "vitest";
  2  |  import { StripPatternEngine } from "$lib/features/poi/services/implementations/StripPatternEngine";
     |                                      ^
  3  |  import { getPixel, setPixel, createEmptyPattern } from "$lib/shared/poi/domain/StripPattern";
  4  |  if (typeof globalThis.ImageData === "undefined") {
 ❯ TransformPluginContext._formatLog node_modules/.pnpm/vite@7.3.1_@types+node@25.2_a52f0677b877553bd4d89f99f5dd7425/node_modules/vite/dist/node/chunks/config.js:28999:43
 ❯ TransformPluginContext.error node_modules/.pnpm/vite@7.3.1_@types+node@25.2_a52f0677b877553bd4d89f99f5dd7425/node_modules/vite/dist/node/chunks/config.js:28996:14
 ❯ normalizeUrl node_modules/.pnpm/vite@7.3.1_@types+node@25.2_a52f0677b877553bd4d89f99f5dd7425/node_modules/vite/dist/node/chunks/config.js:27119:18
 ❯ node_modules/.pnpm/vite@7.3.1_@types+node@25.2_a52f0677b877553bd4d89f99f5dd7425/node_modules/vite/dist/node/chunks/config.js:27177:32
 ❯ TransformPluginContext.transform node_modules/.pnpm/vite@7.3.1_@types+node@25.2_a52f0677b877553bd4d89f99f5dd7425/node_modules/vite/dist/node/chunks/config.js:27145:4
 ❯ EnvironmentPluginContainer.transform node_modules/.pnpm/vite@7.3.1_@types+node@25.2_a52f0677b877553bd4d89f99f5dd7425/node_modules/vite/dist/node/chunks/config.js:28797:14
 ❯ loadAndTransform node_modules/.pnpm/vite@7.3.1_@types+node@25.2_a52f0677b877553bd4d89f99f5dd7425/node_modules/vite/dist/node/chunks/config.js:22670:26

⎯⎯⎯⎯⎯⎯⎯⎯⎯⎯⎯⎯⎯⎯⎯⎯⎯⎯⎯⎯[116/204]⎯

 FAIL  tests/unit/render/TextRendererGlyphs.test.ts [ tests/unit/render/TextRendererGlyphs.test.ts ]
Error: Failed to resolve import "$lib/shared/render/services/implementations/TextRenderer" from "tests/unit/render/TextRendererGlyphs.test.ts". Does the file exist?
  Plugin: vite:import-analysis
  File: E:/tka-platform/tests/unit/render/TextRendererGlyphs.test.ts:32:2
  19 |  }
  20 |  vi.stubGlobal("Image", MockImage);
  21 |  const { TextRenderer } = await import("$lib/shared/render/services/implementations/TextRenderer");
     |                                        ^
  22 |  describe("TextRenderer glyph methods", () => {
  23 |    let renderer;
 ❯ TransformPluginContext._formatLog node_modules/.pnpm/vite@7.3.1_@types+node@25.2_a52f0677b877553bd4d89f99f5dd7425/node_modules/vite/dist/node/chunks/config.js:28999:43
 ❯ TransformPluginContext.error node_modules/.pnpm/vite@7.3.1_@types+node@25.2_a52f0677b877553bd4d89f99f5dd7425/node_modules/vite/dist/node/chunks/config.js:28996:14
 ❯ normalizeUrl node_modules/.pnpm/vite@7.3.1_@types+node@25.2_a52f0677b877553bd4d89f99f5dd7425/node_modules/vite/dist/node/chunks/config.js:27119:18
 ❯ node_modules/.pnpm/vite@7.3.1_@types+node@25.2_a52f0677b877553bd4d89f99f5dd7425/node_modules/vite/dist/node/chunks/config.js:27177:32
 ❯ TransformPluginContext.transform node_modules/.pnpm/vite@7.3.1_@types+node@25.2_a52f0677b877553bd4d89f99f5dd7425/node_modules/vite/dist/node/chunks/config.js:27145:4
 ❯ EnvironmentPluginContainer.transform node_modules/.pnpm/vite@7.3.1_@types+node@25.2_a52f0677b877553bd4d89f99f5dd7425/node_modules/vite/dist/node/chunks/config.js:28797:14
 ❯ loadAndTransform node_modules/.pnpm/vite@7.3.1_@types+node@25.2_a52f0677b877553bd4d89f99f5dd7425/node_modules/vite/dist/node/chunks/config.js:22670:26

⎯⎯⎯⎯⎯⎯⎯⎯⎯⎯⎯⎯⎯⎯⎯⎯⎯⎯⎯⎯[117/204]⎯

 FAIL  tests/unit/render/WordTokenizer.test.ts [ tests/unit/render/WordTokenizer.test.ts ]
Error: Failed to resolve import "$lib/shared/pictograph/tka-glyph/utils/word-tokenizer" from "tests/unit/render/WordTokenizer.test.ts". Does the file exist?
  Plugin: vite:import-analysis
  File: E:/tka-platform/tests/unit/render/WordTokenizer.test.ts:2:29
  1  |  import { describe, it, expect } from "vitest";
  2  |  import { tokenizeWord } from "$lib/shared/pictograph/tka-glyph/utils/word-tokenizer";
     |                                ^
  3  |  describe("tokenizeWord", () => {
  4  |    it("splits ASCII word into individual letters", () => {
 ❯ TransformPluginContext._formatLog node_modules/.pnpm/vite@7.3.1_@types+node@25.2_a52f0677b877553bd4d89f99f5dd7425/node_modules/vite/dist/node/chunks/config.js:28999:43
 ❯ TransformPluginContext.error node_modules/.pnpm/vite@7.3.1_@types+node@25.2_a52f0677b877553bd4d89f99f5dd7425/node_modules/vite/dist/node/chunks/config.js:28996:14
 ❯ normalizeUrl node_modules/.pnpm/vite@7.3.1_@types+node@25.2_a52f0677b877553bd4d89f99f5dd7425/node_modules/vite/dist/node/chunks/config.js:27119:18
 ❯ node_modules/.pnpm/vite@7.3.1_@types+node@25.2_a52f0677b877553bd4d89f99f5dd7425/node_modules/vite/dist/node/chunks/config.js:27177:32
 ❯ TransformPluginContext.transform node_modules/.pnpm/vite@7.3.1_@types+node@25.2_a52f0677b877553bd4d89f99f5dd7425/node_modules/vite/dist/node/chunks/config.js:27145:4
 ❯ EnvironmentPluginContainer.transform node_modules/.pnpm/vite@7.3.1_@types+node@25.2_a52f0677b877553bd4d89f99f5dd7425/node_modules/vite/dist/node/chunks/config.js:28797:14
 ❯ loadAndTransform node_modules/.pnpm/vite@7.3.1_@types+node@25.2_a52f0677b877553bd4d89f99f5dd7425/node_modules/vite/dist/node/chunks/config.js:22670:26

⎯⎯⎯⎯⎯⎯⎯⎯⎯⎯⎯⎯⎯⎯⎯⎯⎯⎯⎯⎯[118/204]⎯

 FAIL  tests/unit/render-graph/trail-mesh.test.ts [ tests/unit/render-graph/trail-mesh.test.ts ]
Error: Failed to resolve import "$lib/shared/render-graph/math/trail-mesh" from "tests/unit/render-graph/trail-mesh.test.ts". Does the file exist?
  Plugin: vite:import-analysis
  File: E:/tka-platform/tests/unit/render-graph/trail-mesh.test.ts:9:7
  6  |    MIN_TAIL_WIDTH_RATIO,
  7  |    TRAIL_VERTEX_STRIDE
  8  |  } from "$lib/shared/render-graph/math/trail-mesh";
     |          ^
  9  |  describe("createSmoothCurve", () => {
  10 |    it("returns an empty array for empty input", () => {
 ❯ TransformPluginContext._formatLog node_modules/.pnpm/vite@7.3.1_@types+node@25.2_a52f0677b877553bd4d89f99f5dd7425/node_modules/vite/dist/node/chunks/config.js:28999:43
 ❯ TransformPluginContext.error node_modules/.pnpm/vite@7.3.1_@types+node@25.2_a52f0677b877553bd4d89f99f5dd7425/node_modules/vite/dist/node/chunks/config.js:28996:14
 ❯ normalizeUrl node_modules/.pnpm/vite@7.3.1_@types+node@25.2_a52f0677b877553bd4d89f99f5dd7425/node_modules/vite/dist/node/chunks/config.js:27119:18
 ❯ node_modules/.pnpm/vite@7.3.1_@types+node@25.2_a52f0677b877553bd4d89f99f5dd7425/node_modules/vite/dist/node/chunks/config.js:27177:32
 ❯ TransformPluginContext.transform node_modules/.pnpm/vite@7.3.1_@types+node@25.2_a52f0677b877553bd4d89f99f5dd7425/node_modules/vite/dist/node/chunks/config.js:27145:4
 ❯ EnvironmentPluginContainer.transform node_modules/.pnpm/vite@7.3.1_@types+node@25.2_a52f0677b877553bd4d89f99f5dd7425/node_modules/vite/dist/node/chunks/config.js:28797:14
 ❯ loadAndTransform node_modules/.pnpm/vite@7.3.1_@types+node@25.2_a52f0677b877553bd4d89f99f5dd7425/node_modules/vite/dist/node/chunks/config.js:22670:26

⎯⎯⎯⎯⎯⎯⎯⎯⎯⎯⎯⎯⎯⎯⎯⎯⎯⎯⎯⎯[119/204]⎯

 FAIL  tests/unit/render-graph/TrailTranslator.test.ts [ tests/unit/render-graph/TrailTranslator.test.ts ]
Error: Failed to resolve import "$lib/shared/render-graph/translators/TrailTranslator" from "tests/unit/render-graph/TrailTranslator.test.ts". Does the file exist?
  Plugin: vite:import-analysis
  File: E:/tka-platform/tests/unit/render-graph/TrailTranslator.test.ts:2:35
  1  |  import { describe, it, expect } from "vitest";
  2  |  import { toTrailPassPayload } from "$lib/shared/render-graph/translators/TrailTranslator";
     |                                      ^
  3  |  import { MIN_TAIL_WIDTH_RATIO, FADE_EXPONENT } from "$lib/shared/render-graph/math/trail-mesh";
  4  |  const baseIntent = {
 ❯ TransformPluginContext._formatLog node_modules/.pnpm/vite@7.3.1_@types+node@25.2_a52f0677b877553bd4d89f99f5dd7425/node_modules/vite/dist/node/chunks/config.js:28999:43
 ❯ TransformPluginContext.error node_modules/.pnpm/vite@7.3.1_@types+node@25.2_a52f0677b877553bd4d89f99f5dd7425/node_modules/vite/dist/node/chunks/config.js:28996:14
 ❯ normalizeUrl node_modules/.pnpm/vite@7.3.1_@types+node@25.2_a52f0677b877553bd4d89f99f5dd7425/node_modules/vite/dist/node/chunks/config.js:27119:18
 ❯ node_modules/.pnpm/vite@7.3.1_@types+node@25.2_a52f0677b877553bd4d89f99f5dd7425/node_modules/vite/dist/node/chunks/config.js:27177:32
 ❯ TransformPluginContext.transform node_modules/.pnpm/vite@7.3.1_@types+node@25.2_a52f0677b877553bd4d89f99f5dd7425/node_modules/vite/dist/node/chunks/config.js:27145:4
 ❯ EnvironmentPluginContainer.transform node_modules/.pnpm/vite@7.3.1_@types+node@25.2_a52f0677b877553bd4d89f99f5dd7425/node_modules/vite/dist/node/chunks/config.js:28797:14
 ❯ loadAndTransform node_modules/.pnpm/vite@7.3.1_@types+node@25.2_a52f0677b877553bd4d89f99f5dd7425/node_modules/vite/dist/node/chunks/config.js:22670:26

⎯⎯⎯⎯⎯⎯⎯⎯⎯⎯⎯⎯⎯⎯⎯⎯⎯⎯⎯⎯[120/204]⎯

 FAIL  tests/unit/sequence-viewer/viewer-visibility-state.test.ts [ tests/unit/sequence-viewer/viewer-visibility-state.test.ts ]
Error: Failed to resolve import "$lib/shared/sequence-viewer/state/viewer-visibility-state.svelte" from "tests/unit/sequence-viewer/viewer-visibility-state.test.ts". Does the file exist?
  Plugin: vite:import-analysis
  File: E:/tka-platform/tests/unit/sequence-viewer/viewer-visibility-state.test.ts:2:46
  1  |  import { describe, it, expect } from "vitest";
  2  |  import { SequenceViewerVisibilityState } from "$lib/shared/sequence-viewer/state/viewer-visibility-state.svelte";
     |                                                 ^
  3  |  describe("SequenceViewerVisibilityState", () => {
  4  |    it("starts with both motions visible", () => {
 ❯ TransformPluginContext._formatLog node_modules/.pnpm/vite@7.3.1_@types+node@25.2_a52f0677b877553bd4d89f99f5dd7425/node_modules/vite/dist/node/chunks/config.js:28999:43
 ❯ TransformPluginContext.error node_modules/.pnpm/vite@7.3.1_@types+node@25.2_a52f0677b877553bd4d89f99f5dd7425/node_modules/vite/dist/node/chunks/config.js:28996:14
 ❯ normalizeUrl node_modules/.pnpm/vite@7.3.1_@types+node@25.2_a52f0677b877553bd4d89f99f5dd7425/node_modules/vite/dist/node/chunks/config.js:27119:18
 ❯ node_modules/.pnpm/vite@7.3.1_@types+node@25.2_a52f0677b877553bd4d89f99f5dd7425/node_modules/vite/dist/node/chunks/config.js:27177:32
 ❯ TransformPluginContext.transform node_modules/.pnpm/vite@7.3.1_@types+node@25.2_a52f0677b877553bd4d89f99f5dd7425/node_modules/vite/dist/node/chunks/config.js:27145:4
 ❯ EnvironmentPluginContainer.transform node_modules/.pnpm/vite@7.3.1_@types+node@25.2_a52f0677b877553bd4d89f99f5dd7425/node_modules/vite/dist/node/chunks/config.js:28797:14
 ❯ loadAndTransform node_modules/.pnpm/vite@7.3.1_@types+node@25.2_a52f0677b877553bd4d89f99f5dd7425/node_modules/vite/dist/node/chunks/config.js:22670:26

⎯⎯⎯⎯⎯⎯⎯⎯⎯⎯⎯⎯⎯⎯⎯⎯⎯⎯⎯⎯[121/204]⎯

 FAIL  tests/unit/scene-features/scene-feature-state.test.ts [ tests/unit/scene-features/scene-feature-state.test.ts ]
Error: Failed to resolve import "$lib/shared/3d/scene-features/state/scene-feature-state.svelte" from "tests/unit/scene-features/scene-feature-state.test.ts". Does the file exist?
  Plugin: vite:import-analysis
  File: E:/tka-platform/tests/unit/scene-features/scene-feature-state.test.ts:11:40
  6  |    removeItem: (key) => mockStorage.delete(key)
  7  |  });
  8  |  import { createSceneFeatureState } from "$lib/shared/3d/scene-features/state/scene-feature-state.svelte";
     |                                           ^
  9  |  import { SCENE_FEATURES } from "$lib/shared/3d/scene-features/domain/scene-feature-registry";
  10 |  describe("createSceneFeatureState", () => {
 ❯ TransformPluginContext._formatLog node_modules/.pnpm/vite@7.3.1_@types+node@25.2_a52f0677b877553bd4d89f99f5dd7425/node_modules/vite/dist/node/chunks/config.js:28999:43
 ❯ TransformPluginContext.error node_modules/.pnpm/vite@7.3.1_@types+node@25.2_a52f0677b877553bd4d89f99f5dd7425/node_modules/vite/dist/node/chunks/config.js:28996:14
 ❯ normalizeUrl node_modules/.pnpm/vite@7.3.1_@types+node@25.2_a52f0677b877553bd4d89f99f5dd7425/node_modules/vite/dist/node/chunks/config.js:27119:18
 ❯ node_modules/.pnpm/vite@7.3.1_@types+node@25.2_a52f0677b877553bd4d89f99f5dd7425/node_modules/vite/dist/node/chunks/config.js:27177:32
 ❯ TransformPluginContext.transform node_modules/.pnpm/vite@7.3.1_@types+node@25.2_a52f0677b877553bd4d89f99f5dd7425/node_modules/vite/dist/node/chunks/config.js:27145:4
 ❯ EnvironmentPluginContainer.transform node_modules/.pnpm/vite@7.3.1_@types+node@25.2_a52f0677b877553bd4d89f99f5dd7425/node_modules/vite/dist/node/chunks/config.js:28797:14
 ❯ loadAndTransform node_modules/.pnpm/vite@7.3.1_@types+node@25.2_a52f0677b877553bd4d89f99f5dd7425/node_modules/vite/dist/node/chunks/config.js:22670:26

⎯⎯⎯⎯⎯⎯⎯⎯⎯⎯⎯⎯⎯⎯⎯⎯⎯⎯⎯⎯[122/204]⎯

 FAIL  tests/unit/services/CompositionalEncoding.test.ts [ tests/unit/services/CompositionalEncoding.test.ts ]
Error: Failed to resolve import "$lib/shared/navigation/services/sequence-codec" from "tests/unit/services/CompositionalEncoding.test.ts". Does the file exist?
  Plugin: vite:import-analysis
  File: E:/tka-platform/tests/unit/services/CompositionalEncoding.test.ts:2:48
  1  |  import { describe, expect, it } from "vitest";
  2  |  import { compressForQR, decompressFromQR } from "$lib/shared/navigation/services/sequence-codec";
     |                                                   ^
  3  |  import { encodeSequence, decodeSequence, encodeSequenceForQR, decodeSequenceFromQR, isInlineEncoded } from "$lib/shar...
  4  |  import { CompositionalDecoder } from "$lib/shared/qr/services/implementations/CompositionalDecoder";
 ❯ TransformPluginContext._formatLog node_modules/.pnpm/vite@7.3.1_@types+node@25.2_a52f0677b877553bd4d89f99f5dd7425/node_modules/vite/dist/node/chunks/config.js:28999:43
 ❯ TransformPluginContext.error node_modules/.pnpm/vite@7.3.1_@types+node@25.2_a52f0677b877553bd4d89f99f5dd7425/node_modules/vite/dist/node/chunks/config.js:28996:14
 ❯ normalizeUrl node_modules/.pnpm/vite@7.3.1_@types+node@25.2_a52f0677b877553bd4d89f99f5dd7425/node_modules/vite/dist/node/chunks/config.js:27119:18
 ❯ node_modules/.pnpm/vite@7.3.1_@types+node@25.2_a52f0677b877553bd4d89f99f5dd7425/node_modules/vite/dist/node/chunks/config.js:27177:32
 ❯ TransformPluginContext.transform node_modules/.pnpm/vite@7.3.1_@types+node@25.2_a52f0677b877553bd4d89f99f5dd7425/node_modules/vite/dist/node/chunks/config.js:27145:4
 ❯ EnvironmentPluginContainer.transform node_modules/.pnpm/vite@7.3.1_@types+node@25.2_a52f0677b877553bd4d89f99f5dd7425/node_modules/vite/dist/node/chunks/config.js:28797:14
 ❯ loadAndTransform node_modules/.pnpm/vite@7.3.1_@types+node@25.2_a52f0677b877553bd4d89f99f5dd7425/node_modules/vite/dist/node/chunks/config.js:22670:26

⎯⎯⎯⎯⎯⎯⎯⎯⎯⎯⎯⎯⎯⎯⎯⎯⎯⎯⎯⎯[123/204]⎯

 FAIL  tests/unit/services/DeviceIdService.test.ts [ tests/unit/services/DeviceIdService.test.ts ]
Error: Failed to resolve import "$lib/shared/auth/services/device-id-service" from "tests/unit/services/DeviceIdService.test.ts". Does the file exist?
  Plugin: vite:import-analysis
  File: E:/tka-platform/tests/unit/services/DeviceIdService.test.ts:11:0
  5  |    serverTimestamp: vi.fn(() => ({ _type: "timestamp" }))
  6  |  }));
  7  |  const __vi_import_0__ = await import("$lib/shared/auth/services/device-id-service");
     |                                       ^
  8  |  import { describe, expect, it, beforeEach, vi } from "vitest";
  9  |  
 ❯ TransformPluginContext._formatLog node_modules/.pnpm/vite@7.3.1_@types+node@25.2_a52f0677b877553bd4d89f99f5dd7425/node_modules/vite/dist/node/chunks/config.js:28999:43
 ❯ TransformPluginContext.error node_modules/.pnpm/vite@7.3.1_@types+node@25.2_a52f0677b877553bd4d89f99f5dd7425/node_modules/vite/dist/node/chunks/config.js:28996:14
 ❯ normalizeUrl node_modules/.pnpm/vite@7.3.1_@types+node@25.2_a52f0677b877553bd4d89f99f5dd7425/node_modules/vite/dist/node/chunks/config.js:27119:18
 ❯ node_modules/.pnpm/vite@7.3.1_@types+node@25.2_a52f0677b877553bd4d89f99f5dd7425/node_modules/vite/dist/node/chunks/config.js:27177:32
 ❯ TransformPluginContext.transform node_modules/.pnpm/vite@7.3.1_@types+node@25.2_a52f0677b877553bd4d89f99f5dd7425/node_modules/vite/dist/node/chunks/config.js:27145:4
 ❯ EnvironmentPluginContainer.transform node_modules/.pnpm/vite@7.3.1_@types+node@25.2_a52f0677b877553bd4d89f99f5dd7425/node_modules/vite/dist/node/chunks/config.js:28797:14
 ❯ loadAndTransform node_modules/.pnpm/vite@7.3.1_@types+node@25.2_a52f0677b877553bd4d89f99f5dd7425/node_modules/vite/dist/node/chunks/config.js:22670:26

⎯⎯⎯⎯⎯⎯⎯⎯⎯⎯⎯⎯⎯⎯⎯⎯⎯⎯⎯⎯[124/204]⎯

 FAIL  tests/unit/services/sequence-codec.test.ts [ tests/unit/services/sequence-codec.test.ts ]
Error: Failed to resolve import "$lib/shared/navigation/services/sequence-codec" from "tests/unit/services/sequence-codec.test.ts". Does the file exist?
  Plugin: vite:import-analysis
  File: E:/tka-platform/tests/unit/services/sequence-codec.test.ts:7:7
  5  |    compressForQR,
  6  |    decompressFromQR
  7  |  } from "$lib/shared/navigation/services/sequence-codec";
     |          ^
  8  |  const SAMPLE_DATA = "noeak1pS:soeatupS|1snoiStDno2R|2sneaShDso1R|3ssoeaPrDwe1R|4sweaShDno1R|5snoiStDno2R|6sneaShDso1R...
  9  |  const TINY_DATA = "A|B";
 ❯ TransformPluginContext._formatLog node_modules/.pnpm/vite@7.3.1_@types+node@25.2_a52f0677b877553bd4d89f99f5dd7425/node_modules/vite/dist/node/chunks/config.js:28999:43
 ❯ TransformPluginContext.error node_modules/.pnpm/vite@7.3.1_@types+node@25.2_a52f0677b877553bd4d89f99f5dd7425/node_modules/vite/dist/node/chunks/config.js:28996:14
 ❯ normalizeUrl node_modules/.pnpm/vite@7.3.1_@types+node@25.2_a52f0677b877553bd4d89f99f5dd7425/node_modules/vite/dist/node/chunks/config.js:27119:18
 ❯ node_modules/.pnpm/vite@7.3.1_@types+node@25.2_a52f0677b877553bd4d89f99f5dd7425/node_modules/vite/dist/node/chunks/config.js:27177:32
 ❯ TransformPluginContext.transform node_modules/.pnpm/vite@7.3.1_@types+node@25.2_a52f0677b877553bd4d89f99f5dd7425/node_modules/vite/dist/node/chunks/config.js:27145:4
 ❯ EnvironmentPluginContainer.transform node_modules/.pnpm/vite@7.3.1_@types+node@25.2_a52f0677b877553bd4d89f99f5dd7425/node_modules/vite/dist/node/chunks/config.js:28797:14
 ❯ loadAndTransform node_modules/.pnpm/vite@7.3.1_@types+node@25.2_a52f0677b877553bd4d89f99f5dd7425/node_modules/vite/dist/node/chunks/config.js:22670:26

⎯⎯⎯⎯⎯⎯⎯⎯⎯⎯⎯⎯⎯⎯⎯⎯⎯⎯⎯⎯[125/204]⎯

 FAIL  tests/unit/services/SequenceEncoder.test.ts [ tests/unit/services/SequenceEncoder.test.ts ]
Error: Failed to resolve import "$lib/shared/navigation/services/sequence-encoder" from "tests/unit/services/SequenceEncoder.test.ts". Does the file exist?
  Plugin: vite:import-analysis
  File: E:/tka-platform/tests/unit/services/SequenceEncoder.test.ts:2:158
  1  |  import { describe, expect, it } from "vitest";
  2  |  ...on, parseSequenceRouteId, generateSequenceRoutePath } from "$lib/shared/navigation/services/sequence-encoder";
     |                                                                 ^
  3  |  import {
  4  |    createSequenceData
 ❯ TransformPluginContext._formatLog node_modules/.pnpm/vite@7.3.1_@types+node@25.2_a52f0677b877553bd4d89f99f5dd7425/node_modules/vite/dist/node/chunks/config.js:28999:43
 ❯ TransformPluginContext.error node_modules/.pnpm/vite@7.3.1_@types+node@25.2_a52f0677b877553bd4d89f99f5dd7425/node_modules/vite/dist/node/chunks/config.js:28996:14
 ❯ normalizeUrl node_modules/.pnpm/vite@7.3.1_@types+node@25.2_a52f0677b877553bd4d89f99f5dd7425/node_modules/vite/dist/node/chunks/config.js:27119:18
 ❯ node_modules/.pnpm/vite@7.3.1_@types+node@25.2_a52f0677b877553bd4d89f99f5dd7425/node_modules/vite/dist/node/chunks/config.js:27177:32
 ❯ TransformPluginContext.transform node_modules/.pnpm/vite@7.3.1_@types+node@25.2_a52f0677b877553bd4d89f99f5dd7425/node_modules/vite/dist/node/chunks/config.js:27145:4
 ❯ EnvironmentPluginContainer.transform node_modules/.pnpm/vite@7.3.1_@types+node@25.2_a52f0677b877553bd4d89f99f5dd7425/node_modules/vite/dist/node/chunks/config.js:28797:14
 ❯ loadAndTransform node_modules/.pnpm/vite@7.3.1_@types+node@25.2_a52f0677b877553bd4d89f99f5dd7425/node_modules/vite/dist/node/chunks/config.js:22670:26

⎯⎯⎯⎯⎯⎯⎯⎯⎯⎯⎯⎯⎯⎯⎯⎯⎯⎯⎯⎯[126/204]⎯

 FAIL  tests/unit/services/SequenceEncoder.verifyRoundTrip.test.ts [ tests/unit/services/SequenceEncoder.verifyRoundTrip.test.ts ]
Error: Failed to resolve import "$lib/shared/navigation/services/sequence-encoder" from "tests/unit/services/SequenceEncoder.verifyRoundTrip.test.ts". Does the file exist?
  Plugin: vite:import-analysis
  File: E:/tka-platform/tests/unit/services/SequenceEncoder.verifyRoundTrip.test.ts:2:71
  1  |  import { describe, expect, it } from "vitest";
  2  |  ...odeSequenceWithCompression, verifySequenceRoundTrip } from "$lib/shared/navigation/services/sequence-encoder";
     |                                                                 ^
  3  |  import { createSequenceData } from "$lib/shared/foundation/domain/models/SequenceData";
  4  |  import { createMotionData } from "$lib/shared/pictograph/shared/domain/models/MotionData";
 ❯ TransformPluginContext._formatLog node_modules/.pnpm/vite@7.3.1_@types+node@25.2_a52f0677b877553bd4d89f99f5dd7425/node_modules/vite/dist/node/chunks/config.js:28999:43
 ❯ TransformPluginContext.error node_modules/.pnpm/vite@7.3.1_@types+node@25.2_a52f0677b877553bd4d89f99f5dd7425/node_modules/vite/dist/node/chunks/config.js:28996:14
 ❯ normalizeUrl node_modules/.pnpm/vite@7.3.1_@types+node@25.2_a52f0677b877553bd4d89f99f5dd7425/node_modules/vite/dist/node/chunks/config.js:27119:18
 ❯ node_modules/.pnpm/vite@7.3.1_@types+node@25.2_a52f0677b877553bd4d89f99f5dd7425/node_modules/vite/dist/node/chunks/config.js:27177:32
 ❯ TransformPluginContext.transform node_modules/.pnpm/vite@7.3.1_@types+node@25.2_a52f0677b877553bd4d89f99f5dd7425/node_modules/vite/dist/node/chunks/config.js:27145:4
 ❯ EnvironmentPluginContainer.transform node_modules/.pnpm/vite@7.3.1_@types+node@25.2_a52f0677b877553bd4d89f99f5dd7425/node_modules/vite/dist/node/chunks/config.js:28797:14
 ❯ loadAndTransform node_modules/.pnpm/vite@7.3.1_@types+node@25.2_a52f0677b877553bd4d89f99f5dd7425/node_modules/vite/dist/node/chunks/config.js:22670:26

⎯⎯⎯⎯⎯⎯⎯⎯⎯⎯⎯⎯⎯⎯⎯⎯⎯⎯⎯⎯[127/204]⎯

 FAIL  tests/unit/services/SequenceHydrator.test.ts [ tests/unit/services/SequenceHydrator.test.ts ]
Error: Failed to resolve import "$lib/shared/navigation/services/sequence-encoder" from "tests/unit/services/SequenceHydrator.test.ts". Does the file exist?
  Plugin: vite:import-analysis
  File: E:/tka-platform/tests/unit/services/SequenceHydrator.test.ts:3:77
  1  |  import { describe, expect, it } from "vitest";
  2  |  ...uenceWithCompression, decodeSequenceWithCompression } from "$lib/shared/navigation/services/sequence-encoder";
     |                                                                 ^
  3  |  import { PositionDeriver } from "$lib/shared/navigation/services/implementations/PositionDeriver";
  4  |  import { gridPositionDeriver } from "$lib/shared/pictograph/grid/services/implementations/GridPositionDeriver";
 ❯ TransformPluginContext._formatLog node_modules/.pnpm/vite@7.3.1_@types+node@25.2_a52f0677b877553bd4d89f99f5dd7425/node_modules/vite/dist/node/chunks/config.js:28999:43
 ❯ TransformPluginContext.error node_modules/.pnpm/vite@7.3.1_@types+node@25.2_a52f0677b877553bd4d89f99f5dd7425/node_modules/vite/dist/node/chunks/config.js:28996:14
 ❯ normalizeUrl node_modules/.pnpm/vite@7.3.1_@types+node@25.2_a52f0677b877553bd4d89f99f5dd7425/node_modules/vite/dist/node/chunks/config.js:27119:18
 ❯ node_modules/.pnpm/vite@7.3.1_@types+node@25.2_a52f0677b877553bd4d89f99f5dd7425/node_modules/vite/dist/node/chunks/config.js:27177:32
 ❯ TransformPluginContext.transform node_modules/.pnpm/vite@7.3.1_@types+node@25.2_a52f0677b877553bd4d89f99f5dd7425/node_modules/vite/dist/node/chunks/config.js:27145:4
 ❯ EnvironmentPluginContainer.transform node_modules/.pnpm/vite@7.3.1_@types+node@25.2_a52f0677b877553bd4d89f99f5dd7425/node_modules/vite/dist/node/chunks/config.js:28797:14
 ❯ loadAndTransform node_modules/.pnpm/vite@7.3.1_@types+node@25.2_a52f0677b877553bd4d89f99f5dd7425/node_modules/vite/dist/node/chunks/config.js:22670:26

⎯⎯⎯⎯⎯⎯⎯⎯⎯⎯⎯⎯⎯⎯⎯⎯⎯⎯⎯⎯[128/204]⎯

 FAIL  tests/unit/stage/clip-registry.test.ts [ tests/unit/stage/clip-registry.test.ts ]
Error: Failed to resolve import "$lib/features/stage/locomotion/clip-registry" from "tests/unit/stage/clip-registry.test.ts". Does the file exist?
  Plugin: vite:import-analysis
  File: E:/tka-platform/tests/unit/stage/clip-registry.test.ts:5:7
  3  |    computeBlendWeights,
  4  |    computeTimeScale
  5  |  } from "$lib/features/stage/locomotion/clip-registry";
     |          ^
  6  |  describe("clip-registry", () => {
  7  |    describe("computeBlendWeights", () => {
 ❯ TransformPluginContext._formatLog node_modules/.pnpm/vite@7.3.1_@types+node@25.2_a52f0677b877553bd4d89f99f5dd7425/node_modules/vite/dist/node/chunks/config.js:28999:43
 ❯ TransformPluginContext.error node_modules/.pnpm/vite@7.3.1_@types+node@25.2_a52f0677b877553bd4d89f99f5dd7425/node_modules/vite/dist/node/chunks/config.js:28996:14
 ❯ normalizeUrl node_modules/.pnpm/vite@7.3.1_@types+node@25.2_a52f0677b877553bd4d89f99f5dd7425/node_modules/vite/dist/node/chunks/config.js:27119:18
 ❯ node_modules/.pnpm/vite@7.3.1_@types+node@25.2_a52f0677b877553bd4d89f99f5dd7425/node_modules/vite/dist/node/chunks/config.js:27177:32
 ❯ TransformPluginContext.transform node_modules/.pnpm/vite@7.3.1_@types+node@25.2_a52f0677b877553bd4d89f99f5dd7425/node_modules/vite/dist/node/chunks/config.js:27145:4
 ❯ EnvironmentPluginContainer.transform node_modules/.pnpm/vite@7.3.1_@types+node@25.2_a52f0677b877553bd4d89f99f5dd7425/node_modules/vite/dist/node/chunks/config.js:28797:14
 ❯ loadAndTransform node_modules/.pnpm/vite@7.3.1_@types+node@25.2_a52f0677b877553bd4d89f99f5dd7425/node_modules/vite/dist/node/chunks/config.js:22670:26

⎯⎯⎯⎯⎯⎯⎯⎯⎯⎯⎯⎯⎯⎯⎯⎯⎯⎯⎯⎯[129/204]⎯

 FAIL  tests/unit/stage/formation-interpolator.test.ts [ tests/unit/stage/formation-interpolator.test.ts ]
Error: Failed to resolve import "$lib/features/stage/state/formation-interpolator" from "tests/unit/stage/formation-interpolator.test.ts". Does the file exist?
  Plugin: vite:import-analysis
  File: E:/tka-platform/tests/unit/stage/formation-interpolator.test.ts:5:7
  3  |    interpolateFormation,
  4  |    applyEasing
  5  |  } from "$lib/features/stage/state/formation-interpolator";
     |          ^
  6  |  describe("formation-interpolator", () => {
  7  |    const from = {
 ❯ TransformPluginContext._formatLog node_modules/.pnpm/vite@7.3.1_@types+node@25.2_a52f0677b877553bd4d89f99f5dd7425/node_modules/vite/dist/node/chunks/config.js:28999:43
 ❯ TransformPluginContext.error node_modules/.pnpm/vite@7.3.1_@types+node@25.2_a52f0677b877553bd4d89f99f5dd7425/node_modules/vite/dist/node/chunks/config.js:28996:14
 ❯ normalizeUrl node_modules/.pnpm/vite@7.3.1_@types+node@25.2_a52f0677b877553bd4d89f99f5dd7425/node_modules/vite/dist/node/chunks/config.js:27119:18
 ❯ node_modules/.pnpm/vite@7.3.1_@types+node@25.2_a52f0677b877553bd4d89f99f5dd7425/node_modules/vite/dist/node/chunks/config.js:27177:32
 ❯ TransformPluginContext.transform node_modules/.pnpm/vite@7.3.1_@types+node@25.2_a52f0677b877553bd4d89f99f5dd7425/node_modules/vite/dist/node/chunks/config.js:27145:4
 ❯ EnvironmentPluginContainer.transform node_modules/.pnpm/vite@7.3.1_@types+node@25.2_a52f0677b877553bd4d89f99f5dd7425/node_modules/vite/dist/node/chunks/config.js:28797:14
 ❯ loadAndTransform node_modules/.pnpm/vite@7.3.1_@types+node@25.2_a52f0677b877553bd4d89f99f5dd7425/node_modules/vite/dist/node/chunks/config.js:22670:26

⎯⎯⎯⎯⎯⎯⎯⎯⎯⎯⎯⎯⎯⎯⎯⎯⎯⎯⎯⎯[130/204]⎯

 FAIL  tests/unit/spatial-lab/body-rotation-solver.test.ts [ tests/unit/spatial-lab/body-rotation-solver.test.ts ]
Error: Failed to resolve import "$lib/features/lab/tabs/spatial-lab/services/body-rotation-solver" from "tests/unit/spatial-lab/body-rotation-solver.test.ts". Does the file exist?
  Plugin: vite:import-analysis
  File: E:/tka-platform/tests/unit/spatial-lab/body-rotation-solver.test.ts:5:7
  3  |    computeTargetRotation,
  4  |    stepRotation
  5  |  } from "$lib/features/lab/tabs/spatial-lab/services/body-rotation-solver";
     |          ^
  6  |  describe("computeTargetRotation", () => {
  7  |    const body = { x: 300, y: 330 };
 ❯ TransformPluginContext._formatLog node_modules/.pnpm/vite@7.3.1_@types+node@25.2_a52f0677b877553bd4d89f99f5dd7425/node_modules/vite/dist/node/chunks/config.js:28999:43
 ❯ TransformPluginContext.error node_modules/.pnpm/vite@7.3.1_@types+node@25.2_a52f0677b877553bd4d89f99f5dd7425/node_modules/vite/dist/node/chunks/config.js:28996:14
 ❯ normalizeUrl node_modules/.pnpm/vite@7.3.1_@types+node@25.2_a52f0677b877553bd4d89f99f5dd7425/node_modules/vite/dist/node/chunks/config.js:27119:18
 ❯ node_modules/.pnpm/vite@7.3.1_@types+node@25.2_a52f0677b877553bd4d89f99f5dd7425/node_modules/vite/dist/node/chunks/config.js:27177:32
 ❯ TransformPluginContext.transform node_modules/.pnpm/vite@7.3.1_@types+node@25.2_a52f0677b877553bd4d89f99f5dd7425/node_modules/vite/dist/node/chunks/config.js:27145:4
 ❯ EnvironmentPluginContainer.transform node_modules/.pnpm/vite@7.3.1_@types+node@25.2_a52f0677b877553bd4d89f99f5dd7425/node_modules/vite/dist/node/chunks/config.js:28797:14
 ❯ loadAndTransform node_modules/.pnpm/vite@7.3.1_@types+node@25.2_a52f0677b877553bd4d89f99f5dd7425/node_modules/vite/dist/node/chunks/config.js:22670:26

⎯⎯⎯⎯⎯⎯⎯⎯⎯⎯⎯⎯⎯⎯⎯⎯⎯⎯⎯⎯[131/204]⎯

 FAIL  tests/unit/spatial-lab/crossing-detector.test.ts [ tests/unit/spatial-lab/crossing-detector.test.ts ]
Error: Failed to resolve import "$lib/features/lab/tabs/spatial-lab/services/crossing-detector" from "tests/unit/spatial-lab/crossing-detector.test.ts". Does the file exist?
  Plugin: vite:import-analysis
  File: E:/tka-platform/tests/unit/spatial-lab/crossing-detector.test.ts:2:31
  1  |  import { describe, it, expect } from "vitest";
  2  |  import { detectCrossing } from "$lib/features/lab/tabs/spatial-lab/services/crossing-detector";
     |                                  ^
  3  |  describe("detectCrossing", () => {
  4  |    it("detects X-shaped crossing", () => {
 ❯ TransformPluginContext._formatLog node_modules/.pnpm/vite@7.3.1_@types+node@25.2_a52f0677b877553bd4d89f99f5dd7425/node_modules/vite/dist/node/chunks/config.js:28999:43
 ❯ TransformPluginContext.error node_modules/.pnpm/vite@7.3.1_@types+node@25.2_a52f0677b877553bd4d89f99f5dd7425/node_modules/vite/dist/node/chunks/config.js:28996:14
 ❯ normalizeUrl node_modules/.pnpm/vite@7.3.1_@types+node@25.2_a52f0677b877553bd4d89f99f5dd7425/node_modules/vite/dist/node/chunks/config.js:27119:18
 ❯ node_modules/.pnpm/vite@7.3.1_@types+node@25.2_a52f0677b877553bd4d89f99f5dd7425/node_modules/vite/dist/node/chunks/config.js:27177:32
 ❯ TransformPluginContext.transform node_modules/.pnpm/vite@7.3.1_@types+node@25.2_a52f0677b877553bd4d89f99f5dd7425/node_modules/vite/dist/node/chunks/config.js:27145:4
 ❯ EnvironmentPluginContainer.transform node_modules/.pnpm/vite@7.3.1_@types+node@25.2_a52f0677b877553bd4d89f99f5dd7425/node_modules/vite/dist/node/chunks/config.js:28797:14
 ❯ loadAndTransform node_modules/.pnpm/vite@7.3.1_@types+node@25.2_a52f0677b877553bd4d89f99f5dd7425/node_modules/vite/dist/node/chunks/config.js:22670:26

⎯⎯⎯⎯⎯⎯⎯⎯⎯⎯⎯⎯⎯⎯⎯⎯⎯⎯⎯⎯[132/204]⎯

 FAIL  tests/unit/spatial-lab/grid-snap.test.ts [ tests/unit/spatial-lab/grid-snap.test.ts ]
Error: Failed to resolve import "$lib/shared/pictograph/grid/domain/enums/grid-enums" from "src/lib/features/lab/tabs/spatial-lab/services/grid-snap.ts". Does the file exist?
  Plugin: vite:import-analysis
  File: E:/tka-platform/src/lib/features/lab/tabs/spatial-lab/services/grid-snap.ts:3:29
  1  |  import { GridLocation } from "$lib/shared/pictograph/grid/domain/enums/grid-enums";
     |                                ^
  2  |  import { getAllGridPositions } from "$lib/shared/3d/services/plane-coordinate-mapper";
  3  |  const ALL_LOCATIONS = [
 ❯ TransformPluginContext._formatLog node_modules/.pnpm/vite@7.3.1_@types+node@25.2_a52f0677b877553bd4d89f99f5dd7425/node_modules/vite/dist/node/chunks/config.js:28999:43
 ❯ TransformPluginContext.error node_modules/.pnpm/vite@7.3.1_@types+node@25.2_a52f0677b877553bd4d89f99f5dd7425/node_modules/vite/dist/node/chunks/config.js:28996:14
 ❯ normalizeUrl node_modules/.pnpm/vite@7.3.1_@types+node@25.2_a52f0677b877553bd4d89f99f5dd7425/node_modules/vite/dist/node/chunks/config.js:27119:18
 ❯ node_modules/.pnpm/vite@7.3.1_@types+node@25.2_a52f0677b877553bd4d89f99f5dd7425/node_modules/vite/dist/node/chunks/config.js:27177:32
 ❯ TransformPluginContext.transform node_modules/.pnpm/vite@7.3.1_@types+node@25.2_a52f0677b877553bd4d89f99f5dd7425/node_modules/vite/dist/node/chunks/config.js:27145:4
 ❯ EnvironmentPluginContainer.transform node_modules/.pnpm/vite@7.3.1_@types+node@25.2_a52f0677b877553bd4d89f99f5dd7425/node_modules/vite/dist/node/chunks/config.js:28797:14
 ❯ loadAndTransform node_modules/.pnpm/vite@7.3.1_@types+node@25.2_a52f0677b877553bd4d89f99f5dd7425/node_modules/vite/dist/node/chunks/config.js:22670:26

⎯⎯⎯⎯⎯⎯⎯⎯⎯⎯⎯⎯⎯⎯⎯⎯⎯⎯⎯⎯[133/204]⎯

 FAIL  tests/unit/spatial-lab/plane-split-detector.test.ts [ tests/unit/spatial-lab/plane-split-detector.test.ts ]
Error: Failed to resolve import "$lib/features/lab/tabs/spatial-lab/services/plane-split-detector" from "tests/unit/spatial-lab/plane-split-detector.test.ts". Does the file exist?
  Plugin: vite:import-analysis
  File: E:/tka-platform/tests/unit/spatial-lab/plane-split-detector.test.ts:2:33
  1  |  import { describe, it, expect } from "vitest";
  2  |  import { detectPlaneSplit } from "$lib/features/lab/tabs/spatial-lab/services/plane-split-detector";
     |                                    ^
  3  |  describe("detectPlaneSplit", () => {
  4  |    const bodyY = 330;
 ❯ TransformPluginContext._formatLog node_modules/.pnpm/vite@7.3.1_@types+node@25.2_a52f0677b877553bd4d89f99f5dd7425/node_modules/vite/dist/node/chunks/config.js:28999:43
 ❯ TransformPluginContext.error node_modules/.pnpm/vite@7.3.1_@types+node@25.2_a52f0677b877553bd4d89f99f5dd7425/node_modules/vite/dist/node/chunks/config.js:28996:14
 ❯ normalizeUrl node_modules/.pnpm/vite@7.3.1_@types+node@25.2_a52f0677b877553bd4d89f99f5dd7425/node_modules/vite/dist/node/chunks/config.js:27119:18
 ❯ node_modules/.pnpm/vite@7.3.1_@types+node@25.2_a52f0677b877553bd4d89f99f5dd7425/node_modules/vite/dist/node/chunks/config.js:27177:32
 ❯ TransformPluginContext.transform node_modules/.pnpm/vite@7.3.1_@types+node@25.2_a52f0677b877553bd4d89f99f5dd7425/node_modules/vite/dist/node/chunks/config.js:27145:4
 ❯ EnvironmentPluginContainer.transform node_modules/.pnpm/vite@7.3.1_@types+node@25.2_a52f0677b877553bd4d89f99f5dd7425/node_modules/vite/dist/node/chunks/config.js:28797:14
 ❯ loadAndTransform node_modules/.pnpm/vite@7.3.1_@types+node@25.2_a52f0677b877553bd4d89f99f5dd7425/node_modules/vite/dist/node/chunks/config.js:22670:26

⎯⎯⎯⎯⎯⎯⎯⎯⎯⎯⎯⎯⎯⎯⎯⎯⎯⎯⎯⎯[134/204]⎯

 FAIL  tests/unit/spatial-lab/projection.test.ts [ tests/unit/spatial-lab/projection.test.ts ]
Error: Failed to resolve import "$lib/features/lab/tabs/spatial-lab/services/projection" from "tests/unit/spatial-lab/projection.test.ts". Does the file exist?
  Plugin: vite:import-analysis
  File: E:/tka-platform/tests/unit/spatial-lab/projection.test.ts:9:7
  6  |    getViewConfig,
  7  |    getBodyEllipseParams
  8  |  } from "$lib/features/lab/tabs/spatial-lab/services/projection";
     |          ^
  9  |  describe("project3Dto2D", () => {
  10 |    const origin = { x: 0, y: 0, z: 0 };
 ❯ TransformPluginContext._formatLog node_modules/.pnpm/vite@7.3.1_@types+node@25.2_a52f0677b877553bd4d89f99f5dd7425/node_modules/vite/dist/node/chunks/config.js:28999:43
 ❯ TransformPluginContext.error node_modules/.pnpm/vite@7.3.1_@types+node@25.2_a52f0677b877553bd4d89f99f5dd7425/node_modules/vite/dist/node/chunks/config.js:28996:14
 ❯ normalizeUrl node_modules/.pnpm/vite@7.3.1_@types+node@25.2_a52f0677b877553bd4d89f99f5dd7425/node_modules/vite/dist/node/chunks/config.js:27119:18
 ❯ node_modules/.pnpm/vite@7.3.1_@types+node@25.2_a52f0677b877553bd4d89f99f5dd7425/node_modules/vite/dist/node/chunks/config.js:27177:32
 ❯ TransformPluginContext.transform node_modules/.pnpm/vite@7.3.1_@types+node@25.2_a52f0677b877553bd4d89f99f5dd7425/node_modules/vite/dist/node/chunks/config.js:27145:4
 ❯ EnvironmentPluginContainer.transform node_modules/.pnpm/vite@7.3.1_@types+node@25.2_a52f0677b877553bd4d89f99f5dd7425/node_modules/vite/dist/node/chunks/config.js:28797:14
 ❯ loadAndTransform node_modules/.pnpm/vite@7.3.1_@types+node@25.2_a52f0677b877553bd4d89f99f5dd7425/node_modules/vite/dist/node/chunks/config.js:22670:26

⎯⎯⎯⎯⎯⎯⎯⎯⎯⎯⎯⎯⎯⎯⎯⎯⎯⎯⎯⎯[135/204]⎯

 FAIL  tests/unit/spatial-lab/reach-calculator.test.ts [ tests/unit/spatial-lab/reach-calculator.test.ts ]
Error: Failed to resolve import "$lib/features/lab/tabs/spatial-lab/services/reach-calculator" from "tests/unit/spatial-lab/reach-calculator.test.ts". Does the file exist?
  Plugin: vite:import-analysis
  File: E:/tka-platform/tests/unit/spatial-lab/reach-calculator.test.ts:5:7
  3  |    getShoulderPosition,
  4  |    computeReachPercentage
  5  |  } from "$lib/features/lab/tabs/spatial-lab/services/reach-calculator";
     |          ^
  6  |  describe("getShoulderPosition", () => {
  7  |    const body = { x: 300, y: 330 };
 ❯ TransformPluginContext._formatLog node_modules/.pnpm/vite@7.3.1_@types+node@25.2_a52f0677b877553bd4d89f99f5dd7425/node_modules/vite/dist/node/chunks/config.js:28999:43
 ❯ TransformPluginContext.error node_modules/.pnpm/vite@7.3.1_@types+node@25.2_a52f0677b877553bd4d89f99f5dd7425/node_modules/vite/dist/node/chunks/config.js:28996:14
 ❯ normalizeUrl node_modules/.pnpm/vite@7.3.1_@types+node@25.2_a52f0677b877553bd4d89f99f5dd7425/node_modules/vite/dist/node/chunks/config.js:27119:18
 ❯ node_modules/.pnpm/vite@7.3.1_@types+node@25.2_a52f0677b877553bd4d89f99f5dd7425/node_modules/vite/dist/node/chunks/config.js:27177:32
 ❯ TransformPluginContext.transform node_modules/.pnpm/vite@7.3.1_@types+node@25.2_a52f0677b877553bd4d89f99f5dd7425/node_modules/vite/dist/node/chunks/config.js:27145:4
 ❯ EnvironmentPluginContainer.transform node_modules/.pnpm/vite@7.3.1_@types+node@25.2_a52f0677b877553bd4d89f99f5dd7425/node_modules/vite/dist/node/chunks/config.js:28797:14
 ❯ loadAndTransform node_modules/.pnpm/vite@7.3.1_@types+node@25.2_a52f0677b877553bd4d89f99f5dd7425/node_modules/vite/dist/node/chunks/config.js:22670:26

⎯⎯⎯⎯⎯⎯⎯⎯⎯⎯⎯⎯⎯⎯⎯⎯⎯⎯⎯⎯[136/204]⎯

 FAIL  tests/unit/spatial-lab/sequence-mode.test.ts [ tests/unit/spatial-lab/sequence-mode.test.ts ]
Error: Failed to resolve import "$lib/shared/pictograph/grid/domain/enums/grid-enums" from "src/lib/features/lab/tabs/spatial-lab/services/demo-sequences.ts". Does the file exist?
  Plugin: vite:import-analysis
  File: E:/tka-platform/src/lib/features/lab/tabs/spatial-lab/services/demo-sequences.ts:1:29
  1  |  import { GridLocation } from "$lib/shared/pictograph/grid/domain/enums/grid-enums";
     |                                ^
  2  |  import { Plane } from "@austencloud/scene-3d";
  3  |  export const DEMO_SEQUENCES = [
 ❯ TransformPluginContext._formatLog node_modules/.pnpm/vite@7.3.1_@types+node@25.2_a52f0677b877553bd4d89f99f5dd7425/node_modules/vite/dist/node/chunks/config.js:28999:43
 ❯ TransformPluginContext.error node_modules/.pnpm/vite@7.3.1_@types+node@25.2_a52f0677b877553bd4d89f99f5dd7425/node_modules/vite/dist/node/chunks/config.js:28996:14
 ❯ normalizeUrl node_modules/.pnpm/vite@7.3.1_@types+node@25.2_a52f0677b877553bd4d89f99f5dd7425/node_modules/vite/dist/node/chunks/config.js:27119:18
 ❯ node_modules/.pnpm/vite@7.3.1_@types+node@25.2_a52f0677b877553bd4d89f99f5dd7425/node_modules/vite/dist/node/chunks/config.js:27177:32
 ❯ TransformPluginContext.transform node_modules/.pnpm/vite@7.3.1_@types+node@25.2_a52f0677b877553bd4d89f99f5dd7425/node_modules/vite/dist/node/chunks/config.js:27145:4
 ❯ EnvironmentPluginContainer.transform node_modules/.pnpm/vite@7.3.1_@types+node@25.2_a52f0677b877553bd4d89f99f5dd7425/node_modules/vite/dist/node/chunks/config.js:28797:14
 ❯ loadAndTransform node_modules/.pnpm/vite@7.3.1_@types+node@25.2_a52f0677b877553bd4d89f99f5dd7425/node_modules/vite/dist/node/chunks/config.js:22670:26

⎯⎯⎯⎯⎯⎯⎯⎯⎯⎯⎯⎯⎯⎯⎯⎯⎯⎯⎯⎯[137/204]⎯

 FAIL  tests/unit/state/ReversalDetectionService.test.ts [ tests/unit/state/ReversalDetectionService.test.ts ]
Error: Failed to resolve import "$lib/shared/pictograph/shared/domain/enums/pictograph-enums" from "src/lib/shared/create/services/reversal-detector.ts". Does the file exist?
  Plugin: vite:import-analysis
  File: E:/tka-platform/src/lib/shared/create/services/reversal-detector.ts:11:28
  1  |  import { MotionColor } from "$lib/shared/pictograph/shared/domain/enums/pictograph-enums";
     |                               ^
  2  |  import { createStepData } from "$lib/shared/create/factories/createStepData";
  3  |  export function processReversals(sequence) {
 ❯ TransformPluginContext._formatLog node_modules/.pnpm/vite@7.3.1_@types+node@25.2_a52f0677b877553bd4d89f99f5dd7425/node_modules/vite/dist/node/chunks/config.js:28999:43
 ❯ TransformPluginContext.error node_modules/.pnpm/vite@7.3.1_@types+node@25.2_a52f0677b877553bd4d89f99f5dd7425/node_modules/vite/dist/node/chunks/config.js:28996:14
 ❯ normalizeUrl node_modules/.pnpm/vite@7.3.1_@types+node@25.2_a52f0677b877553bd4d89f99f5dd7425/node_modules/vite/dist/node/chunks/config.js:27119:18
 ❯ node_modules/.pnpm/vite@7.3.1_@types+node@25.2_a52f0677b877553bd4d89f99f5dd7425/node_modules/vite/dist/node/chunks/config.js:27177:32
 ❯ TransformPluginContext.transform node_modules/.pnpm/vite@7.3.1_@types+node@25.2_a52f0677b877553bd4d89f99f5dd7425/node_modules/vite/dist/node/chunks/config.js:27145:4
 ❯ EnvironmentPluginContainer.transform node_modules/.pnpm/vite@7.3.1_@types+node@25.2_a52f0677b877553bd4d89f99f5dd7425/node_modules/vite/dist/node/chunks/config.js:28797:14
 ❯ loadAndTransform node_modules/.pnpm/vite@7.3.1_@types+node@25.2_a52f0677b877553bd4d89f99f5dd7425/node_modules/vite/dist/node/chunks/config.js:22670:26

⎯⎯⎯⎯⎯⎯⎯⎯⎯⎯⎯⎯⎯⎯⎯⎯⎯⎯⎯⎯[138/204]⎯

 FAIL  tests/unit/sync/HybridLogicalClock.test.ts [ tests/unit/sync/HybridLogicalClock.test.ts ]
Error: Failed to resolve import "$lib/shared/sync/services/implementations/HybridLogicalClock" from "tests/unit/sync/HybridLogicalClock.test.ts". Does the file exist?
  Plugin: vite:import-analysis
  File: E:/tka-platform/tests/unit/sync/HybridLogicalClock.test.ts:12:35
  1  |  import { describe, it, expect, beforeEach } from "vitest";
  2  |  import { HybridLogicalClock } from "$lib/shared/sync/services/implementations/HybridLogicalClock";
     |                                      ^
  3  |  describe("HybridLogicalClock", () => {
  4  |    let clock;
 ❯ TransformPluginContext._formatLog node_modules/.pnpm/vite@7.3.1_@types+node@25.2_a52f0677b877553bd4d89f99f5dd7425/node_modules/vite/dist/node/chunks/config.js:28999:43
 ❯ TransformPluginContext.error node_modules/.pnpm/vite@7.3.1_@types+node@25.2_a52f0677b877553bd4d89f99f5dd7425/node_modules/vite/dist/node/chunks/config.js:28996:14
 ❯ normalizeUrl node_modules/.pnpm/vite@7.3.1_@types+node@25.2_a52f0677b877553bd4d89f99f5dd7425/node_modules/vite/dist/node/chunks/config.js:27119:18
 ❯ node_modules/.pnpm/vite@7.3.1_@types+node@25.2_a52f0677b877553bd4d89f99f5dd7425/node_modules/vite/dist/node/chunks/config.js:27177:32
 ❯ TransformPluginContext.transform node_modules/.pnpm/vite@7.3.1_@types+node@25.2_a52f0677b877553bd4d89f99f5dd7425/node_modules/vite/dist/node/chunks/config.js:27145:4
 ❯ EnvironmentPluginContainer.transform node_modules/.pnpm/vite@7.3.1_@types+node@25.2_a52f0677b877553bd4d89f99f5dd7425/node_modules/vite/dist/node/chunks/config.js:28797:14
 ❯ loadAndTransform node_modules/.pnpm/vite@7.3.1_@types+node@25.2_a52f0677b877553bd4d89f99f5dd7425/node_modules/vite/dist/node/chunks/config.js:22670:26

⎯⎯⎯⎯⎯⎯⎯⎯⎯⎯⎯⎯⎯⎯⎯⎯⎯⎯⎯⎯[139/204]⎯

 FAIL  tests/unit/sync/PlaybackPositionCalculator.test.ts [ tests/unit/sync/PlaybackPositionCalculator.test.ts ]
Error: Failed to resolve import "$lib/shared/sync/services/implementations/PlaybackPositionCalculator" from "tests/unit/sync/PlaybackPositionCalculator.test.ts". Does the file exist?
  Plugin: vite:import-analysis
  File: E:/tka-platform/tests/unit/sync/PlaybackPositionCalculator.test.ts:14:43
  1  |  import { describe, it, expect, beforeEach } from "vitest";
  2  |  import { PlaybackPositionCalculator } from "$lib/shared/sync/services/implementations/PlaybackPositionCalculator";
     |                                              ^
  3  |  describe("PlaybackPositionCalculator", () => {
  4  |    let calculator;
 ❯ TransformPluginContext._formatLog node_modules/.pnpm/vite@7.3.1_@types+node@25.2_a52f0677b877553bd4d89f99f5dd7425/node_modules/vite/dist/node/chunks/config.js:28999:43
 ❯ TransformPluginContext.error node_modules/.pnpm/vite@7.3.1_@types+node@25.2_a52f0677b877553bd4d89f99f5dd7425/node_modules/vite/dist/node/chunks/config.js:28996:14
 ❯ normalizeUrl node_modules/.pnpm/vite@7.3.1_@types+node@25.2_a52f0677b877553bd4d89f99f5dd7425/node_modules/vite/dist/node/chunks/config.js:27119:18
 ❯ node_modules/.pnpm/vite@7.3.1_@types+node@25.2_a52f0677b877553bd4d89f99f5dd7425/node_modules/vite/dist/node/chunks/config.js:27177:32
 ❯ TransformPluginContext.transform node_modules/.pnpm/vite@7.3.1_@types+node@25.2_a52f0677b877553bd4d89f99f5dd7425/node_modules/vite/dist/node/chunks/config.js:27145:4
 ❯ EnvironmentPluginContainer.transform node_modules/.pnpm/vite@7.3.1_@types+node@25.2_a52f0677b877553bd4d89f99f5dd7425/node_modules/vite/dist/node/chunks/config.js:28797:14
 ❯ loadAndTransform node_modules/.pnpm/vite@7.3.1_@types+node@25.2_a52f0677b877553bd4d89f99f5dd7425/node_modules/vite/dist/node/chunks/config.js:22670:26

⎯⎯⎯⎯⎯⎯⎯⎯⎯⎯⎯⎯⎯⎯⎯⎯⎯⎯⎯⎯[140/204]⎯

 FAIL  tests/unit/sync/StateMerger.test.ts [ tests/unit/sync/StateMerger.test.ts ]
Error: Failed to resolve import "$lib/shared/sync/services/implementations/StateMerger" from "tests/unit/sync/StateMerger.test.ts". Does the file exist?
  Plugin: vite:import-analysis
  File: E:/tka-platform/tests/unit/sync/StateMerger.test.ts:12:28
  1  |  import { describe, it, expect, beforeEach } from "vitest";
  2  |  import { StateMerger } from "$lib/shared/sync/services/implementations/StateMerger";
     |                               ^
  3  |  import { HybridLogicalClock } from "$lib/shared/sync/services/implementations/HybridLogicalClock";
  4  |  describe("StateMerger", () => {
 ❯ TransformPluginContext._formatLog node_modules/.pnpm/vite@7.3.1_@types+node@25.2_a52f0677b877553bd4d89f99f5dd7425/node_modules/vite/dist/node/chunks/config.js:28999:43
 ❯ TransformPluginContext.error node_modules/.pnpm/vite@7.3.1_@types+node@25.2_a52f0677b877553bd4d89f99f5dd7425/node_modules/vite/dist/node/chunks/config.js:28996:14
 ❯ normalizeUrl node_modules/.pnpm/vite@7.3.1_@types+node@25.2_a52f0677b877553bd4d89f99f5dd7425/node_modules/vite/dist/node/chunks/config.js:27119:18
 ❯ node_modules/.pnpm/vite@7.3.1_@types+node@25.2_a52f0677b877553bd4d89f99f5dd7425/node_modules/vite/dist/node/chunks/config.js:27177:32
 ❯ TransformPluginContext.transform node_modules/.pnpm/vite@7.3.1_@types+node@25.2_a52f0677b877553bd4d89f99f5dd7425/node_modules/vite/dist/node/chunks/config.js:27145:4
 ❯ EnvironmentPluginContainer.transform node_modules/.pnpm/vite@7.3.1_@types+node@25.2_a52f0677b877553bd4d89f99f5dd7425/node_modules/vite/dist/node/chunks/config.js:28797:14
 ❯ loadAndTransform node_modules/.pnpm/vite@7.3.1_@types+node@25.2_a52f0677b877553bd4d89f99f5dd7425/node_modules/vite/dist/node/chunks/config.js:22670:26

⎯⎯⎯⎯⎯⎯⎯⎯⎯⎯⎯⎯⎯⎯⎯⎯⎯⎯⎯⎯[141/204]⎯

 FAIL  tests/unit/themes-lab/theme-types.test.ts [ tests/unit/themes-lab/theme-types.test.ts ]
Error: Failed to resolve import "$lib/features/themes-lab/domain/theme-types" from "tests/unit/themes-lab/theme-types.test.ts". Does the file exist?
  Plugin: vite:import-analysis
  File: E:/tka-platform/tests/unit/themes-lab/theme-types.test.ts:7:7
  4  |    THEME_OPTIONS,
  5  |    getThemeOption
  6  |  } from "$lib/features/themes-lab/domain/theme-types";
     |          ^
  7  |  describe("THEME_OPTIONS", () => {
  8  |    it("has exactly 10 themes", () => {
 ❯ TransformPluginContext._formatLog node_modules/.pnpm/vite@7.3.1_@types+node@25.2_a52f0677b877553bd4d89f99f5dd7425/node_modules/vite/dist/node/chunks/config.js:28999:43
 ❯ TransformPluginContext.error node_modules/.pnpm/vite@7.3.1_@types+node@25.2_a52f0677b877553bd4d89f99f5dd7425/node_modules/vite/dist/node/chunks/config.js:28996:14
 ❯ normalizeUrl node_modules/.pnpm/vite@7.3.1_@types+node@25.2_a52f0677b877553bd4d89f99f5dd7425/node_modules/vite/dist/node/chunks/config.js:27119:18
 ❯ node_modules/.pnpm/vite@7.3.1_@types+node@25.2_a52f0677b877553bd4d89f99f5dd7425/node_modules/vite/dist/node/chunks/config.js:27177:32
 ❯ TransformPluginContext.transform node_modules/.pnpm/vite@7.3.1_@types+node@25.2_a52f0677b877553bd4d89f99f5dd7425/node_modules/vite/dist/node/chunks/config.js:27145:4
 ❯ EnvironmentPluginContainer.transform node_modules/.pnpm/vite@7.3.1_@types+node@25.2_a52f0677b877553bd4d89f99f5dd7425/node_modules/vite/dist/node/chunks/config.js:28797:14
 ❯ loadAndTransform node_modules/.pnpm/vite@7.3.1_@types+node@25.2_a52f0677b877553bd4d89f99f5dd7425/node_modules/vite/dist/node/chunks/config.js:22670:26

⎯⎯⎯⎯⎯⎯⎯⎯⎯⎯⎯⎯⎯⎯⎯⎯⎯⎯⎯⎯[142/204]⎯

 FAIL  tests/unit/themes-lab/themes-lab-state.test.ts [ tests/unit/themes-lab/themes-lab-state.test.ts ]
Error: Failed to resolve import "$lib/features/themes-lab/state/themes-lab-state.svelte" from "tests/unit/themes-lab/themes-lab-state.test.ts". Does the file exist?
  Plugin: vite:import-analysis
  File: E:/tka-platform/tests/unit/themes-lab/themes-lab-state.test.ts:67:0
  47 |    })
  48 |  );
  49 |  const __vi_import_0__ = await import("$lib/features/themes-lab/state/themes-lab-state.svelte");
     |                                       ^
  50 |  import { describe, it, expect, vi, beforeEach } from "vitest";
  51 |  const mockStorage = /* @__PURE__ */ new Map();
 ❯ TransformPluginContext._formatLog node_modules/.pnpm/vite@7.3.1_@types+node@25.2_a52f0677b877553bd4d89f99f5dd7425/node_modules/vite/dist/node/chunks/config.js:28999:43
 ❯ TransformPluginContext.error node_modules/.pnpm/vite@7.3.1_@types+node@25.2_a52f0677b877553bd4d89f99f5dd7425/node_modules/vite/dist/node/chunks/config.js:28996:14
 ❯ normalizeUrl node_modules/.pnpm/vite@7.3.1_@types+node@25.2_a52f0677b877553bd4d89f99f5dd7425/node_modules/vite/dist/node/chunks/config.js:27119:18
 ❯ node_modules/.pnpm/vite@7.3.1_@types+node@25.2_a52f0677b877553bd4d89f99f5dd7425/node_modules/vite/dist/node/chunks/config.js:27177:32
 ❯ TransformPluginContext.transform node_modules/.pnpm/vite@7.3.1_@types+node@25.2_a52f0677b877553bd4d89f99f5dd7425/node_modules/vite/dist/node/chunks/config.js:27145:4
 ❯ EnvironmentPluginContainer.transform node_modules/.pnpm/vite@7.3.1_@types+node@25.2_a52f0677b877553bd4d89f99f5dd7425/node_modules/vite/dist/node/chunks/config.js:28797:14
 ❯ loadAndTransform node_modules/.pnpm/vite@7.3.1_@types+node@25.2_a52f0677b877553bd4d89f99f5dd7425/node_modules/vite/dist/node/chunks/config.js:22670:26

⎯⎯⎯⎯⎯⎯⎯⎯⎯⎯⎯⎯⎯⎯⎯⎯⎯⎯⎯⎯[143/204]⎯

 FAIL  tests/unit/sticker-lab/LocalStickerSheetRepository.test.ts [ tests/unit/sticker-lab/LocalStickerSheetRepository.test.ts ]
Error: Failed to resolve import "$lib/features/sticker-lab/services/LocalStickerSheetRepository" from "tests/unit/sticker-lab/LocalStickerSheetRepository.test.ts". Does the file exist?
  Plugin: vite:import-analysis
  File: E:/tka-platform/tests/unit/sticker-lab/LocalStickerSheetRepository.test.ts:2:44
  1  |  import { describe, it, expect, beforeEach } from "vitest";
  2  |  import { LocalStickerSheetRepository } from "$lib/features/sticker-lab/services/LocalStickerSheetRepository";
     |                                               ^
  3  |  import {
  4  |    createDefaultStickerSheet,
 ❯ TransformPluginContext._formatLog node_modules/.pnpm/vite@7.3.1_@types+node@25.2_a52f0677b877553bd4d89f99f5dd7425/node_modules/vite/dist/node/chunks/config.js:28999:43
 ❯ TransformPluginContext.error node_modules/.pnpm/vite@7.3.1_@types+node@25.2_a52f0677b877553bd4d89f99f5dd7425/node_modules/vite/dist/node/chunks/config.js:28996:14
 ❯ normalizeUrl node_modules/.pnpm/vite@7.3.1_@types+node@25.2_a52f0677b877553bd4d89f99f5dd7425/node_modules/vite/dist/node/chunks/config.js:27119:18
 ❯ node_modules/.pnpm/vite@7.3.1_@types+node@25.2_a52f0677b877553bd4d89f99f5dd7425/node_modules/vite/dist/node/chunks/config.js:27177:32
 ❯ TransformPluginContext.transform node_modules/.pnpm/vite@7.3.1_@types+node@25.2_a52f0677b877553bd4d89f99f5dd7425/node_modules/vite/dist/node/chunks/config.js:27145:4
 ❯ EnvironmentPluginContainer.transform node_modules/.pnpm/vite@7.3.1_@types+node@25.2_a52f0677b877553bd4d89f99f5dd7425/node_modules/vite/dist/node/chunks/config.js:28797:14
 ❯ loadAndTransform node_modules/.pnpm/vite@7.3.1_@types+node@25.2_a52f0677b877553bd4d89f99f5dd7425/node_modules/vite/dist/node/chunks/config.js:22670:26

⎯⎯⎯⎯⎯⎯⎯⎯⎯⎯⎯⎯⎯⎯⎯⎯⎯⎯⎯⎯[144/204]⎯

 FAIL  tests/unit/sticker-lab/sticker-lab-state.test.ts [ tests/unit/sticker-lab/sticker-lab-state.test.ts ]
Error: Failed to resolve import "$lib/features/sticker-lab/state/sticker-lab-state.svelte" from "tests/unit/sticker-lab/sticker-lab-state.test.ts". Does the file exist?
  Plugin: vite:import-analysis
  File: E:/tka-platform/tests/unit/sticker-lab/sticker-lab-state.test.ts:2:38
  1  |  import { describe, it, expect, vi } from "vitest";
  2  |  import { createStickerLabState } from "$lib/features/sticker-lab/state/sticker-lab-state.svelte";
     |                                         ^
  3  |  function mockRepo(initial = null) {
  4  |    let stored = initial;
 ❯ TransformPluginContext._formatLog node_modules/.pnpm/vite@7.3.1_@types+node@25.2_a52f0677b877553bd4d89f99f5dd7425/node_modules/vite/dist/node/chunks/config.js:28999:43
 ❯ TransformPluginContext.error node_modules/.pnpm/vite@7.3.1_@types+node@25.2_a52f0677b877553bd4d89f99f5dd7425/node_modules/vite/dist/node/chunks/config.js:28996:14
 ❯ normalizeUrl node_modules/.pnpm/vite@7.3.1_@types+node@25.2_a52f0677b877553bd4d89f99f5dd7425/node_modules/vite/dist/node/chunks/config.js:27119:18
 ❯ node_modules/.pnpm/vite@7.3.1_@types+node@25.2_a52f0677b877553bd4d89f99f5dd7425/node_modules/vite/dist/node/chunks/config.js:27177:32
 ❯ TransformPluginContext.transform node_modules/.pnpm/vite@7.3.1_@types+node@25.2_a52f0677b877553bd4d89f99f5dd7425/node_modules/vite/dist/node/chunks/config.js:27145:4
 ❯ EnvironmentPluginContainer.transform node_modules/.pnpm/vite@7.3.1_@types+node@25.2_a52f0677b877553bd4d89f99f5dd7425/node_modules/vite/dist/node/chunks/config.js:28797:14
 ❯ loadAndTransform node_modules/.pnpm/vite@7.3.1_@types+node@25.2_a52f0677b877553bd4d89f99f5dd7425/node_modules/vite/dist/node/chunks/config.js:22670:26

⎯⎯⎯⎯⎯⎯⎯⎯⎯⎯⎯⎯⎯⎯⎯⎯⎯⎯⎯⎯[145/204]⎯

 FAIL  tests/unit/sticker-lab/sticker-types.test.ts [ tests/unit/sticker-lab/sticker-types.test.ts ]
Error: Failed to resolve import "$lib/features/sticker-lab/domain/sticker-types" from "tests/unit/sticker-lab/sticker-types.test.ts". Does the file exist?
  Plugin: vite:import-analysis
  File: E:/tka-platform/tests/unit/sticker-lab/sticker-types.test.ts:6:7
  3  |    createDefaultStickerUnit,
  4  |    createDefaultStickerSheet
  5  |  } from "$lib/features/sticker-lab/domain/sticker-types";
     |          ^
  6  |  const testRef = {
  7  |    shapeHash: "shape-abc",
 ❯ TransformPluginContext._formatLog node_modules/.pnpm/vite@7.3.1_@types+node@25.2_a52f0677b877553bd4d89f99f5dd7425/node_modules/vite/dist/node/chunks/config.js:28999:43
 ❯ TransformPluginContext.error node_modules/.pnpm/vite@7.3.1_@types+node@25.2_a52f0677b877553bd4d89f99f5dd7425/node_modules/vite/dist/node/chunks/config.js:28996:14
 ❯ normalizeUrl node_modules/.pnpm/vite@7.3.1_@types+node@25.2_a52f0677b877553bd4d89f99f5dd7425/node_modules/vite/dist/node/chunks/config.js:27119:18
 ❯ node_modules/.pnpm/vite@7.3.1_@types+node@25.2_a52f0677b877553bd4d89f99f5dd7425/node_modules/vite/dist/node/chunks/config.js:27177:32
 ❯ TransformPluginContext.transform node_modules/.pnpm/vite@7.3.1_@types+node@25.2_a52f0677b877553bd4d89f99f5dd7425/node_modules/vite/dist/node/chunks/config.js:27145:4
 ❯ EnvironmentPluginContainer.transform node_modules/.pnpm/vite@7.3.1_@types+node@25.2_a52f0677b877553bd4d89f99f5dd7425/node_modules/vite/dist/node/chunks/config.js:28797:14
 ❯ loadAndTransform node_modules/.pnpm/vite@7.3.1_@types+node@25.2_a52f0677b877553bd4d89f99f5dd7425/node_modules/vite/dist/node/chunks/config.js:22670:26

⎯⎯⎯⎯⎯⎯⎯⎯⎯⎯⎯⎯⎯⎯⎯⎯⎯⎯⎯⎯[146/204]⎯

 FAIL  tests/unit/sticker-lab/StickerSheetPdfExporter.test.ts [ tests/unit/sticker-lab/StickerSheetPdfExporter.test.ts ]
Error: Failed to resolve import "$lib/features/sticker-lab/services/StickerSheetPdfExporter" from "tests/unit/sticker-lab/StickerSheetPdfExporter.test.ts". Does the file exist?
  Plugin: vite:import-analysis
  File: E:/tka-platform/tests/unit/sticker-lab/StickerSheetPdfExporter.test.ts:3:0
  3  |  }));
  4  |  const __vi_import_0__ = await import("pdf-lib");
  5  |  const __vi_import_1__ = await import("$lib/features/sticker-lab/services/StickerSheetPdfExporter");
     |                                       ^
  6  |  const __vi_import_2__ = await import("$lib/features/sticker-lab/domain/sticker-types");
  7  |  import { describe, it, expect, vi, beforeEach } from "vitest";
 ❯ TransformPluginContext._formatLog node_modules/.pnpm/vite@7.3.1_@types+node@25.2_a52f0677b877553bd4d89f99f5dd7425/node_modules/vite/dist/node/chunks/config.js:28999:43
 ❯ TransformPluginContext.error node_modules/.pnpm/vite@7.3.1_@types+node@25.2_a52f0677b877553bd4d89f99f5dd7425/node_modules/vite/dist/node/chunks/config.js:28996:14
 ❯ normalizeUrl node_modules/.pnpm/vite@7.3.1_@types+node@25.2_a52f0677b877553bd4d89f99f5dd7425/node_modules/vite/dist/node/chunks/config.js:27119:18
 ❯ node_modules/.pnpm/vite@7.3.1_@types+node@25.2_a52f0677b877553bd4d89f99f5dd7425/node_modules/vite/dist/node/chunks/config.js:27177:32
 ❯ TransformPluginContext.transform node_modules/.pnpm/vite@7.3.1_@types+node@25.2_a52f0677b877553bd4d89f99f5dd7425/node_modules/vite/dist/node/chunks/config.js:27145:4
 ❯ EnvironmentPluginContainer.transform node_modules/.pnpm/vite@7.3.1_@types+node@25.2_a52f0677b877553bd4d89f99f5dd7425/node_modules/vite/dist/node/chunks/config.js:28797:14
 ❯ loadAndTransform node_modules/.pnpm/vite@7.3.1_@types+node@25.2_a52f0677b877553bd4d89f99f5dd7425/node_modules/vite/dist/node/chunks/config.js:22670:26

⎯⎯⎯⎯⎯⎯⎯⎯⎯⎯⎯⎯⎯⎯⎯⎯⎯⎯⎯⎯[147/204]⎯

 FAIL  tests/unit/sticker-lab/StickerUnitRenderer.test.ts [ tests/unit/sticker-lab/StickerUnitRenderer.test.ts ]
Error: Failed to resolve import "$lib/features/sticker-lab/services/sticker-unit-renderer" from "tests/unit/sticker-lab/StickerUnitRenderer.test.ts". Does the file exist?
  Plugin: vite:import-analysis
  File: E:/tka-platform/tests/unit/sticker-lab/StickerUnitRenderer.test.ts:2:37
  1  |  import { describe, it, expect } from "vitest";
  2  |  import { renderStickerUnitSVG } from "$lib/features/sticker-lab/services/sticker-unit-renderer";
     |                                        ^
  3  |  import {
  4  |    createDefaultStickerUnit
 ❯ TransformPluginContext._formatLog node_modules/.pnpm/vite@7.3.1_@types+node@25.2_a52f0677b877553bd4d89f99f5dd7425/node_modules/vite/dist/node/chunks/config.js:28999:43
 ❯ TransformPluginContext.error node_modules/.pnpm/vite@7.3.1_@types+node@25.2_a52f0677b877553bd4d89f99f5dd7425/node_modules/vite/dist/node/chunks/config.js:28996:14
 ❯ normalizeUrl node_modules/.pnpm/vite@7.3.1_@types+node@25.2_a52f0677b877553bd4d89f99f5dd7425/node_modules/vite/dist/node/chunks/config.js:27119:18
 ❯ node_modules/.pnpm/vite@7.3.1_@types+node@25.2_a52f0677b877553bd4d89f99f5dd7425/node_modules/vite/dist/node/chunks/config.js:27177:32
 ❯ TransformPluginContext.transform node_modules/.pnpm/vite@7.3.1_@types+node@25.2_a52f0677b877553bd4d89f99f5dd7425/node_modules/vite/dist/node/chunks/config.js:27145:4
 ❯ EnvironmentPluginContainer.transform node_modules/.pnpm/vite@7.3.1_@types+node@25.2_a52f0677b877553bd4d89f99f5dd7425/node_modules/vite/dist/node/chunks/config.js:28797:14
 ❯ loadAndTransform node_modules/.pnpm/vite@7.3.1_@types+node@25.2_a52f0677b877553bd4d89f99f5dd7425/node_modules/vite/dist/node/chunks/config.js:22670:26

⎯⎯⎯⎯⎯⎯⎯⎯⎯⎯⎯⎯⎯⎯⎯⎯⎯⎯⎯⎯[148/204]⎯

 FAIL  tests/unit/tika/svg-sanitizer.test.ts [ tests/unit/tika/svg-sanitizer.test.ts ]
Error: Failed to resolve import "$lib/features/tika/services/svg-sanitizer" from "tests/unit/tika/svg-sanitizer.test.ts". Does the file exist?
  Plugin: vite:import-analysis
  File: E:/tka-platform/tests/unit/tika/svg-sanitizer.test.ts:2:28
  1  |  import { describe, it, expect } from "vitest";
  2  |  import { sanitizeSvg } from "$lib/features/tika/services/svg-sanitizer";
     |                               ^
  3  |  describe("SvgSanitizer", () => {
  4  |    it("preserves valid SVG elements", () => {
 ❯ TransformPluginContext._formatLog node_modules/.pnpm/vite@7.3.1_@types+node@25.2_a52f0677b877553bd4d89f99f5dd7425/node_modules/vite/dist/node/chunks/config.js:28999:43
 ❯ TransformPluginContext.error node_modules/.pnpm/vite@7.3.1_@types+node@25.2_a52f0677b877553bd4d89f99f5dd7425/node_modules/vite/dist/node/chunks/config.js:28996:14
 ❯ normalizeUrl node_modules/.pnpm/vite@7.3.1_@types+node@25.2_a52f0677b877553bd4d89f99f5dd7425/node_modules/vite/dist/node/chunks/config.js:27119:18
 ❯ node_modules/.pnpm/vite@7.3.1_@types+node@25.2_a52f0677b877553bd4d89f99f5dd7425/node_modules/vite/dist/node/chunks/config.js:27177:32
 ❯ TransformPluginContext.transform node_modules/.pnpm/vite@7.3.1_@types+node@25.2_a52f0677b877553bd4d89f99f5dd7425/node_modules/vite/dist/node/chunks/config.js:27145:4
 ❯ EnvironmentPluginContainer.transform node_modules/.pnpm/vite@7.3.1_@types+node@25.2_a52f0677b877553bd4d89f99f5dd7425/node_modules/vite/dist/node/chunks/config.js:28797:14
 ❯ loadAndTransform node_modules/.pnpm/vite@7.3.1_@types+node@25.2_a52f0677b877553bd4d89f99f5dd7425/node_modules/vite/dist/node/chunks/config.js:22670:26

⎯⎯⎯⎯⎯⎯⎯⎯⎯⎯⎯⎯⎯⎯⎯⎯⎯⎯⎯⎯[149/204]⎯

 FAIL  tests/unit/timeline/animator-playback-adapter.test.ts [ tests/unit/timeline/animator-playback-adapter.test.ts ]
Error: Failed to resolve import "$lib/shared/timeline/adapters/animator-playback-adapter.svelte" from "tests/unit/timeline/animator-playback-adapter.test.ts". Does the file exist?
  Plugin: vite:import-analysis
  File: E:/tka-platform/tests/unit/timeline/animator-playback-adapter.test.ts:9:7
  6  |    computeSeekTarget,
  7  |    computeBeatMarkerPositions
  8  |  } from "$lib/shared/timeline/adapters/animator-playback-adapter.svelte";
     |          ^
  9  |  describe("animator-playback-adapter", () => {
  10 |    describe("computeOverallProgress", () => {
 ❯ TransformPluginContext._formatLog node_modules/.pnpm/vite@7.3.1_@types+node@25.2_a52f0677b877553bd4d89f99f5dd7425/node_modules/vite/dist/node/chunks/config.js:28999:43
 ❯ TransformPluginContext.error node_modules/.pnpm/vite@7.3.1_@types+node@25.2_a52f0677b877553bd4d89f99f5dd7425/node_modules/vite/dist/node/chunks/config.js:28996:14
 ❯ normalizeUrl node_modules/.pnpm/vite@7.3.1_@types+node@25.2_a52f0677b877553bd4d89f99f5dd7425/node_modules/vite/dist/node/chunks/config.js:27119:18
 ❯ node_modules/.pnpm/vite@7.3.1_@types+node@25.2_a52f0677b877553bd4d89f99f5dd7425/node_modules/vite/dist/node/chunks/config.js:27177:32
 ❯ TransformPluginContext.transform node_modules/.pnpm/vite@7.3.1_@types+node@25.2_a52f0677b877553bd4d89f99f5dd7425/node_modules/vite/dist/node/chunks/config.js:27145:4
 ❯ EnvironmentPluginContainer.transform node_modules/.pnpm/vite@7.3.1_@types+node@25.2_a52f0677b877553bd4d89f99f5dd7425/node_modules/vite/dist/node/chunks/config.js:28797:14
 ❯ loadAndTransform node_modules/.pnpm/vite@7.3.1_@types+node@25.2_a52f0677b877553bd4d89f99f5dd7425/node_modules/vite/dist/node/chunks/config.js:22670:26

⎯⎯⎯⎯⎯⎯⎯⎯⎯⎯⎯⎯⎯⎯⎯⎯⎯⎯⎯⎯[150/204]⎯

 FAIL  tests/unit/timeline/avatar-playback-adapter.test.ts [ tests/unit/timeline/avatar-playback-adapter.test.ts ]
Error: Failed to resolve import "$lib/shared/timeline/adapters/avatar-playback-adapter.svelte" from "tests/unit/timeline/avatar-playback-adapter.test.ts". Does the file exist?
  Plugin: vite:import-analysis
  File: E:/tka-platform/tests/unit/timeline/avatar-playback-adapter.test.ts:6:7
  3  |    computeOverallProgress3D,
  4  |    computeSeek3D
  5  |  } from "$lib/shared/timeline/adapters/avatar-playback-adapter.svelte";
     |          ^
  6  |  describe("avatar-playback-adapter", () => {
  7  |    describe("computeOverallProgress3D", () => {
 ❯ TransformPluginContext._formatLog node_modules/.pnpm/vite@7.3.1_@types+node@25.2_a52f0677b877553bd4d89f99f5dd7425/node_modules/vite/dist/node/chunks/config.js:28999:43
 ❯ TransformPluginContext.error node_modules/.pnpm/vite@7.3.1_@types+node@25.2_a52f0677b877553bd4d89f99f5dd7425/node_modules/vite/dist/node/chunks/config.js:28996:14
 ❯ normalizeUrl node_modules/.pnpm/vite@7.3.1_@types+node@25.2_a52f0677b877553bd4d89f99f5dd7425/node_modules/vite/dist/node/chunks/config.js:27119:18
 ❯ node_modules/.pnpm/vite@7.3.1_@types+node@25.2_a52f0677b877553bd4d89f99f5dd7425/node_modules/vite/dist/node/chunks/config.js:27177:32
 ❯ TransformPluginContext.transform node_modules/.pnpm/vite@7.3.1_@types+node@25.2_a52f0677b877553bd4d89f99f5dd7425/node_modules/vite/dist/node/chunks/config.js:27145:4
 ❯ EnvironmentPluginContainer.transform node_modules/.pnpm/vite@7.3.1_@types+node@25.2_a52f0677b877553bd4d89f99f5dd7425/node_modules/vite/dist/node/chunks/config.js:28797:14
 ❯ loadAndTransform node_modules/.pnpm/vite@7.3.1_@types+node@25.2_a52f0677b877553bd4d89f99f5dd7425/node_modules/vite/dist/node/chunks/config.js:22670:26

⎯⎯⎯⎯⎯⎯⎯⎯⎯⎯⎯⎯⎯⎯⎯⎯⎯⎯⎯⎯[151/204]⎯

 FAIL  tests/unit/video-export/CameraKeyframeBuffer.test.ts [ tests/unit/video-export/CameraKeyframeBuffer.test.ts ]
Error: Failed to resolve import "$lib/shared/video-export/domain/CameraKeyframe" from "tests/unit/video-export/CameraKeyframeBuffer.test.ts". Does the file exist?
  Plugin: vite:import-analysis
  File: E:/tka-platform/tests/unit/video-export/CameraKeyframeBuffer.test.ts:2:37
  1  |  import { describe, it, expect, vi, beforeEach, afterEach } from "vitest";
  2  |  import { CameraKeyframeBuffer } from "$lib/shared/video-export/domain/CameraKeyframe";
     |                                        ^
  3  |  describe("CameraKeyframeBuffer", () => {
  4  |    let buffer;
 ❯ TransformPluginContext._formatLog node_modules/.pnpm/vite@7.3.1_@types+node@25.2_a52f0677b877553bd4d89f99f5dd7425/node_modules/vite/dist/node/chunks/config.js:28999:43
 ❯ TransformPluginContext.error node_modules/.pnpm/vite@7.3.1_@types+node@25.2_a52f0677b877553bd4d89f99f5dd7425/node_modules/vite/dist/node/chunks/config.js:28996:14
 ❯ normalizeUrl node_modules/.pnpm/vite@7.3.1_@types+node@25.2_a52f0677b877553bd4d89f99f5dd7425/node_modules/vite/dist/node/chunks/config.js:27119:18
 ❯ node_modules/.pnpm/vite@7.3.1_@types+node@25.2_a52f0677b877553bd4d89f99f5dd7425/node_modules/vite/dist/node/chunks/config.js:27177:32
 ❯ TransformPluginContext.transform node_modules/.pnpm/vite@7.3.1_@types+node@25.2_a52f0677b877553bd4d89f99f5dd7425/node_modules/vite/dist/node/chunks/config.js:27145:4
 ❯ EnvironmentPluginContainer.transform node_modules/.pnpm/vite@7.3.1_@types+node@25.2_a52f0677b877553bd4d89f99f5dd7425/node_modules/vite/dist/node/chunks/config.js:28797:14
 ❯ loadAndTransform node_modules/.pnpm/vite@7.3.1_@types+node@25.2_a52f0677b877553bd4d89f99f5dd7425/node_modules/vite/dist/node/chunks/config.js:22670:26

⎯⎯⎯⎯⎯⎯⎯⎯⎯⎯⎯⎯⎯⎯⎯⎯⎯⎯⎯⎯[152/204]⎯

 FAIL  tests/unit/video-export/CameraKeyframeInterpolator.test.ts [ tests/unit/video-export/CameraKeyframeInterpolator.test.ts ]
Error: Failed to resolve import "$lib/shared/video-export/services/camera-keyframe-interpolator" from "tests/unit/video-export/CameraKeyframeInterpolator.test.ts". Does the file exist?
  Plugin: vite:import-analysis
  File: E:/tka-platform/tests/unit/video-export/CameraKeyframeInterpolator.test.ts:2:37
  1  |  import { describe, it, expect } from "vitest";
  2  |  import { interpolateKeyframes } from "$lib/shared/video-export/services/camera-keyframe-interpolator";
     |                                        ^
  3  |  function makeKeyframe(t, pos, quat = [0, 0, 0, 1], fov = 50) {
  4  |    return { timestamp: t, position: pos, quaternion: quat, fov };
 ❯ TransformPluginContext._formatLog node_modules/.pnpm/vite@7.3.1_@types+node@25.2_a52f0677b877553bd4d89f99f5dd7425/node_modules/vite/dist/node/chunks/config.js:28999:43
 ❯ TransformPluginContext.error node_modules/.pnpm/vite@7.3.1_@types+node@25.2_a52f0677b877553bd4d89f99f5dd7425/node_modules/vite/dist/node/chunks/config.js:28996:14
 ❯ normalizeUrl node_modules/.pnpm/vite@7.3.1_@types+node@25.2_a52f0677b877553bd4d89f99f5dd7425/node_modules/vite/dist/node/chunks/config.js:27119:18
 ❯ node_modules/.pnpm/vite@7.3.1_@types+node@25.2_a52f0677b877553bd4d89f99f5dd7425/node_modules/vite/dist/node/chunks/config.js:27177:32
 ❯ TransformPluginContext.transform node_modules/.pnpm/vite@7.3.1_@types+node@25.2_a52f0677b877553bd4d89f99f5dd7425/node_modules/vite/dist/node/chunks/config.js:27145:4
 ❯ EnvironmentPluginContainer.transform node_modules/.pnpm/vite@7.3.1_@types+node@25.2_a52f0677b877553bd4d89f99f5dd7425/node_modules/vite/dist/node/chunks/config.js:28797:14
 ❯ loadAndTransform node_modules/.pnpm/vite@7.3.1_@types+node@25.2_a52f0677b877553bd4d89f99f5dd7425/node_modules/vite/dist/node/chunks/config.js:22670:26

⎯⎯⎯⎯⎯⎯⎯⎯⎯⎯⎯⎯⎯⎯⎯⎯⎯⎯⎯⎯[153/204]⎯

 FAIL  tests/unit/video-export/CanvasFrameCapturer.test.ts [ tests/unit/video-export/CanvasFrameCapturer.test.ts ]
Error: Failed to resolve import "$lib/shared/video-export/services/implementations/CanvasFrameCapturer" from "tests/unit/video-export/CanvasFrameCapturer.test.ts". Does the file exist?
  Plugin: vite:import-analysis
  File: E:/tka-platform/tests/unit/video-export/CanvasFrameCapturer.test.ts:2:36
  1  |  import { describe, it, expect, beforeEach, afterEach, vi } from "vitest";
  2  |  import { CanvasFrameCapturer } from "$lib/shared/video-export/services/implementations/CanvasFrameCapturer";
     |                                       ^
  3  |  describe("CanvasFrameCapturer", () => {
  4  |    const originalVideoFrame = globalThis.VideoFrame;
 ❯ TransformPluginContext._formatLog node_modules/.pnpm/vite@7.3.1_@types+node@25.2_a52f0677b877553bd4d89f99f5dd7425/node_modules/vite/dist/node/chunks/config.js:28999:43
 ❯ TransformPluginContext.error node_modules/.pnpm/vite@7.3.1_@types+node@25.2_a52f0677b877553bd4d89f99f5dd7425/node_modules/vite/dist/node/chunks/config.js:28996:14
 ❯ normalizeUrl node_modules/.pnpm/vite@7.3.1_@types+node@25.2_a52f0677b877553bd4d89f99f5dd7425/node_modules/vite/dist/node/chunks/config.js:27119:18
 ❯ node_modules/.pnpm/vite@7.3.1_@types+node@25.2_a52f0677b877553bd4d89f99f5dd7425/node_modules/vite/dist/node/chunks/config.js:27177:32
 ❯ TransformPluginContext.transform node_modules/.pnpm/vite@7.3.1_@types+node@25.2_a52f0677b877553bd4d89f99f5dd7425/node_modules/vite/dist/node/chunks/config.js:27145:4
 ❯ EnvironmentPluginContainer.transform node_modules/.pnpm/vite@7.3.1_@types+node@25.2_a52f0677b877553bd4d89f99f5dd7425/node_modules/vite/dist/node/chunks/config.js:28797:14
 ❯ loadAndTransform node_modules/.pnpm/vite@7.3.1_@types+node@25.2_a52f0677b877553bd4d89f99f5dd7425/node_modules/vite/dist/node/chunks/config.js:22670:26

⎯⎯⎯⎯⎯⎯⎯⎯⎯⎯⎯⎯⎯⎯⎯⎯⎯⎯⎯⎯[154/204]⎯

 FAIL  tests/unit/video-trails/color-endpoint-detector.test.ts [ tests/unit/video-trails/color-endpoint-detector.test.ts ]
Error: Failed to resolve import "$lib/features/video/video-trails/services/implementations/ColorEndpointDetector" from "tests/unit/video-trails/color-endpoint-detector.test.ts". Does the file exist?
  Plugin: vite:import-analysis
  File: E:/tka-platform/tests/unit/video-trails/color-endpoint-detector.test.ts:4:38
  1  |  import { describe, it, expect, beforeAll } from "vitest";
  2  |  import { ColorEndpointDetector } from "$lib/features/video/video-trails/services/implementations/ColorEndpointDetector";
     |                                         ^
  3  |  beforeAll(() => {
  4  |    if (typeof globalThis.ImageData === "undefined") {
 ❯ TransformPluginContext._formatLog node_modules/.pnpm/vite@7.3.1_@types+node@25.2_a52f0677b877553bd4d89f99f5dd7425/node_modules/vite/dist/node/chunks/config.js:28999:43
 ❯ TransformPluginContext.error node_modules/.pnpm/vite@7.3.1_@types+node@25.2_a52f0677b877553bd4d89f99f5dd7425/node_modules/vite/dist/node/chunks/config.js:28996:14
 ❯ normalizeUrl node_modules/.pnpm/vite@7.3.1_@types+node@25.2_a52f0677b877553bd4d89f99f5dd7425/node_modules/vite/dist/node/chunks/config.js:27119:18
 ❯ node_modules/.pnpm/vite@7.3.1_@types+node@25.2_a52f0677b877553bd4d89f99f5dd7425/node_modules/vite/dist/node/chunks/config.js:27177:32
 ❯ TransformPluginContext.transform node_modules/.pnpm/vite@7.3.1_@types+node@25.2_a52f0677b877553bd4d89f99f5dd7425/node_modules/vite/dist/node/chunks/config.js:27145:4
 ❯ EnvironmentPluginContainer.transform node_modules/.pnpm/vite@7.3.1_@types+node@25.2_a52f0677b877553bd4d89f99f5dd7425/node_modules/vite/dist/node/chunks/config.js:28797:14
 ❯ loadAndTransform node_modules/.pnpm/vite@7.3.1_@types+node@25.2_a52f0677b877553bd4d89f99f5dd7425/node_modules/vite/dist/node/chunks/config.js:22670:26

⎯⎯⎯⎯⎯⎯⎯⎯⎯⎯⎯⎯⎯⎯⎯⎯⎯⎯⎯⎯[155/204]⎯

 FAIL  tests/unit/video-trails/detection-corrector.test.ts [ tests/unit/video-trails/detection-corrector.test.ts ]
Error: Failed to resolve import "$lib/features/video/video-trails/services/detection-corrector" from "tests/unit/video-trails/detection-corrector.test.ts". Does the file exist?
  Plugin: vite:import-analysis
  File: E:/tka-platform/tests/unit/video-trails/detection-corrector.test.ts:4:33
  1  |  import { describe, it, expect } from "vitest";
  2  |  import { applyCorrections } from "$lib/features/video/video-trails/services/detection-corrector";
     |                                    ^
  3  |  function makeEndpoint(overrides = {}) {
  4  |    return { x: 100, y: 100, brightness: 1, confidence: 0.9, propIndex: 0, tipIndex: 0, frameIndex: 5, ...overrides };
 ❯ TransformPluginContext._formatLog node_modules/.pnpm/vite@7.3.1_@types+node@25.2_a52f0677b877553bd4d89f99f5dd7425/node_modules/vite/dist/node/chunks/config.js:28999:43
 ❯ TransformPluginContext.error node_modules/.pnpm/vite@7.3.1_@types+node@25.2_a52f0677b877553bd4d89f99f5dd7425/node_modules/vite/dist/node/chunks/config.js:28996:14
 ❯ normalizeUrl node_modules/.pnpm/vite@7.3.1_@types+node@25.2_a52f0677b877553bd4d89f99f5dd7425/node_modules/vite/dist/node/chunks/config.js:27119:18
 ❯ node_modules/.pnpm/vite@7.3.1_@types+node@25.2_a52f0677b877553bd4d89f99f5dd7425/node_modules/vite/dist/node/chunks/config.js:27177:32
 ❯ TransformPluginContext.transform node_modules/.pnpm/vite@7.3.1_@types+node@25.2_a52f0677b877553bd4d89f99f5dd7425/node_modules/vite/dist/node/chunks/config.js:27145:4
 ❯ EnvironmentPluginContainer.transform node_modules/.pnpm/vite@7.3.1_@types+node@25.2_a52f0677b877553bd4d89f99f5dd7425/node_modules/vite/dist/node/chunks/config.js:28797:14
 ❯ loadAndTransform node_modules/.pnpm/vite@7.3.1_@types+node@25.2_a52f0677b877553bd4d89f99f5dd7425/node_modules/vite/dist/node/chunks/config.js:22670:26

⎯⎯⎯⎯⎯⎯⎯⎯⎯⎯⎯⎯⎯⎯⎯⎯⎯⎯⎯⎯[156/204]⎯

 FAIL  tests/unit/video-trails/led-threshold-detector.test.ts [ tests/unit/video-trails/led-threshold-detector.test.ts ]
Error: Failed to resolve import "$lib/features/video/video-trails/services/implementations/LedThresholdDetector" from "tests/unit/video-trails/led-threshold-detector.test.ts". Does the file exist?
  Plugin: vite:import-analysis
  File: E:/tka-platform/tests/unit/video-trails/led-threshold-detector.test.ts:4:37
  1  |  import { describe, it, expect, beforeAll } from "vitest";
  2  |  import { LedThresholdDetector } from "$lib/features/video/video-trails/services/implementations/LedThresholdDetector";
     |                                        ^
  3  |  beforeAll(() => {
  4  |    if (typeof globalThis.ImageData === "undefined") {
 ❯ TransformPluginContext._formatLog node_modules/.pnpm/vite@7.3.1_@types+node@25.2_a52f0677b877553bd4d89f99f5dd7425/node_modules/vite/dist/node/chunks/config.js:28999:43
 ❯ TransformPluginContext.error node_modules/.pnpm/vite@7.3.1_@types+node@25.2_a52f0677b877553bd4d89f99f5dd7425/node_modules/vite/dist/node/chunks/config.js:28996:14
 ❯ normalizeUrl node_modules/.pnpm/vite@7.3.1_@types+node@25.2_a52f0677b877553bd4d89f99f5dd7425/node_modules/vite/dist/node/chunks/config.js:27119:18
 ❯ node_modules/.pnpm/vite@7.3.1_@types+node@25.2_a52f0677b877553bd4d89f99f5dd7425/node_modules/vite/dist/node/chunks/config.js:27177:32
 ❯ TransformPluginContext.transform node_modules/.pnpm/vite@7.3.1_@types+node@25.2_a52f0677b877553bd4d89f99f5dd7425/node_modules/vite/dist/node/chunks/config.js:27145:4
 ❯ EnvironmentPluginContainer.transform node_modules/.pnpm/vite@7.3.1_@types+node@25.2_a52f0677b877553bd4d89f99f5dd7425/node_modules/vite/dist/node/chunks/config.js:28797:14
 ❯ loadAndTransform node_modules/.pnpm/vite@7.3.1_@types+node@25.2_a52f0677b877553bd4d89f99f5dd7425/node_modules/vite/dist/node/chunks/config.js:22670:26

⎯⎯⎯⎯⎯⎯⎯⎯⎯⎯⎯⎯⎯⎯⎯⎯⎯⎯⎯⎯[157/204]⎯

 FAIL  tests/unit/video-trails/video-tip-adapter.test.ts [ tests/unit/video-trails/video-tip-adapter.test.ts ]
Error: Failed to resolve import "$lib/features/video/video-trails/services/implementations/VideoTipAdapter" from "tests/unit/video-trails/video-tip-adapter.test.ts". Does the file exist?
  Plugin: vite:import-analysis
  File: E:/tka-platform/tests/unit/video-trails/video-tip-adapter.test.ts:4:32
  1  |  import { describe, it, expect, beforeEach } from "vitest";
  2  |  import { VideoTipAdapter } from "$lib/features/video/video-trails/services/implementations/VideoTipAdapter";
     |                                   ^
  3  |  function makeEndpoint(overrides = {}) {
  4  |    return {
 ❯ TransformPluginContext._formatLog node_modules/.pnpm/vite@7.3.1_@types+node@25.2_a52f0677b877553bd4d89f99f5dd7425/node_modules/vite/dist/node/chunks/config.js:28999:43
 ❯ TransformPluginContext.error node_modules/.pnpm/vite@7.3.1_@types+node@25.2_a52f0677b877553bd4d89f99f5dd7425/node_modules/vite/dist/node/chunks/config.js:28996:14
 ❯ normalizeUrl node_modules/.pnpm/vite@7.3.1_@types+node@25.2_a52f0677b877553bd4d89f99f5dd7425/node_modules/vite/dist/node/chunks/config.js:27119:18
 ❯ node_modules/.pnpm/vite@7.3.1_@types+node@25.2_a52f0677b877553bd4d89f99f5dd7425/node_modules/vite/dist/node/chunks/config.js:27177:32
 ❯ TransformPluginContext.transform node_modules/.pnpm/vite@7.3.1_@types+node@25.2_a52f0677b877553bd4d89f99f5dd7425/node_modules/vite/dist/node/chunks/config.js:27145:4
 ❯ EnvironmentPluginContainer.transform node_modules/.pnpm/vite@7.3.1_@types+node@25.2_a52f0677b877553bd4d89f99f5dd7425/node_modules/vite/dist/node/chunks/config.js:28797:14
 ❯ loadAndTransform node_modules/.pnpm/vite@7.3.1_@types+node@25.2_a52f0677b877553bd4d89f99f5dd7425/node_modules/vite/dist/node/chunks/config.js:22670:26

⎯⎯⎯⎯⎯⎯⎯⎯⎯⎯⎯⎯⎯⎯⎯⎯⎯⎯⎯⎯[158/204]⎯

 FAIL  tests/unit/village/CircleSystem.test.ts [ tests/unit/village/CircleSystem.test.ts ]
Error: Failed to resolve import "$lib/features/village/engine/systems/CircleSystem" from "tests/unit/village/CircleSystem.test.ts". Does the file exist?
  Plugin: vite:import-analysis
  File: E:/tka-platform/tests/unit/village/CircleSystem.test.ts:2:29
  1  |  import { describe, it, expect } from "vitest";
  2  |  import { CircleSystem } from "$lib/features/village/engine/systems/CircleSystem";
     |                                ^
  3  |  import {
  4  |    createVillageWorld,
 ❯ TransformPluginContext._formatLog node_modules/.pnpm/vite@7.3.1_@types+node@25.2_a52f0677b877553bd4d89f99f5dd7425/node_modules/vite/dist/node/chunks/config.js:28999:43
 ❯ TransformPluginContext.error node_modules/.pnpm/vite@7.3.1_@types+node@25.2_a52f0677b877553bd4d89f99f5dd7425/node_modules/vite/dist/node/chunks/config.js:28996:14
 ❯ normalizeUrl node_modules/.pnpm/vite@7.3.1_@types+node@25.2_a52f0677b877553bd4d89f99f5dd7425/node_modules/vite/dist/node/chunks/config.js:27119:18
 ❯ node_modules/.pnpm/vite@7.3.1_@types+node@25.2_a52f0677b877553bd4d89f99f5dd7425/node_modules/vite/dist/node/chunks/config.js:27177:32
 ❯ TransformPluginContext.transform node_modules/.pnpm/vite@7.3.1_@types+node@25.2_a52f0677b877553bd4d89f99f5dd7425/node_modules/vite/dist/node/chunks/config.js:27145:4
 ❯ EnvironmentPluginContainer.transform node_modules/.pnpm/vite@7.3.1_@types+node@25.2_a52f0677b877553bd4d89f99f5dd7425/node_modules/vite/dist/node/chunks/config.js:28797:14
 ❯ loadAndTransform node_modules/.pnpm/vite@7.3.1_@types+node@25.2_a52f0677b877553bd4d89f99f5dd7425/node_modules/vite/dist/node/chunks/config.js:22670:26

⎯⎯⎯⎯⎯⎯⎯⎯⎯⎯⎯⎯⎯⎯⎯⎯⎯⎯⎯⎯[159/204]⎯

 FAIL  tests/unit/village/DecaySystem.test.ts [ tests/unit/village/DecaySystem.test.ts ]
Error: Failed to resolve import "$lib/features/village/engine/systems/DecaySystem" from "tests/unit/village/DecaySystem.test.ts". Does the file exist?
  Plugin: vite:import-analysis
  File: E:/tka-platform/tests/unit/village/DecaySystem.test.ts:2:28
  1  |  import { describe, it, expect } from "vitest";
  2  |  import { DecaySystem } from "$lib/features/village/engine/systems/DecaySystem";
     |                               ^
  3  |  import {
  4  |    createVillageWorld,
 ❯ TransformPluginContext._formatLog node_modules/.pnpm/vite@7.3.1_@types+node@25.2_a52f0677b877553bd4d89f99f5dd7425/node_modules/vite/dist/node/chunks/config.js:28999:43
 ❯ TransformPluginContext.error node_modules/.pnpm/vite@7.3.1_@types+node@25.2_a52f0677b877553bd4d89f99f5dd7425/node_modules/vite/dist/node/chunks/config.js:28996:14
 ❯ normalizeUrl node_modules/.pnpm/vite@7.3.1_@types+node@25.2_a52f0677b877553bd4d89f99f5dd7425/node_modules/vite/dist/node/chunks/config.js:27119:18
 ❯ node_modules/.pnpm/vite@7.3.1_@types+node@25.2_a52f0677b877553bd4d89f99f5dd7425/node_modules/vite/dist/node/chunks/config.js:27177:32
 ❯ TransformPluginContext.transform node_modules/.pnpm/vite@7.3.1_@types+node@25.2_a52f0677b877553bd4d89f99f5dd7425/node_modules/vite/dist/node/chunks/config.js:27145:4
 ❯ EnvironmentPluginContainer.transform node_modules/.pnpm/vite@7.3.1_@types+node@25.2_a52f0677b877553bd4d89f99f5dd7425/node_modules/vite/dist/node/chunks/config.js:28797:14
 ❯ loadAndTransform node_modules/.pnpm/vite@7.3.1_@types+node@25.2_a52f0677b877553bd4d89f99f5dd7425/node_modules/vite/dist/node/chunks/config.js:22670:26

⎯⎯⎯⎯⎯⎯⎯⎯⎯⎯⎯⎯⎯⎯⎯⎯⎯⎯⎯⎯[160/204]⎯

 FAIL  tests/unit/village/EgoIntegration.test.ts [ tests/unit/village/EgoIntegration.test.ts ]
Error: Failed to resolve import "$lib/features/village/engine/systems/TeachingSystem" from "tests/unit/village/EgoIntegration.test.ts". Does the file exist?
  Plugin: vite:import-analysis
  File: E:/tka-platform/tests/unit/village/EgoIntegration.test.ts:2:31
  1  |  import { describe, it, expect } from "vitest";
  2  |  import { TeachingSystem } from "$lib/features/village/engine/systems/TeachingSystem";
     |                                  ^
  3  |  import { SocialSystem } from "$lib/features/village/engine/systems/SocialSystem";
  4  |  import { LifecycleSystem } from "$lib/features/village/engine/systems/LifecycleSystem";
 ❯ TransformPluginContext._formatLog node_modules/.pnpm/vite@7.3.1_@types+node@25.2_a52f0677b877553bd4d89f99f5dd7425/node_modules/vite/dist/node/chunks/config.js:28999:43
 ❯ TransformPluginContext.error node_modules/.pnpm/vite@7.3.1_@types+node@25.2_a52f0677b877553bd4d89f99f5dd7425/node_modules/vite/dist/node/chunks/config.js:28996:14
 ❯ normalizeUrl node_modules/.pnpm/vite@7.3.1_@types+node@25.2_a52f0677b877553bd4d89f99f5dd7425/node_modules/vite/dist/node/chunks/config.js:27119:18
 ❯ node_modules/.pnpm/vite@7.3.1_@types+node@25.2_a52f0677b877553bd4d89f99f5dd7425/node_modules/vite/dist/node/chunks/config.js:27177:32
 ❯ TransformPluginContext.transform node_modules/.pnpm/vite@7.3.1_@types+node@25.2_a52f0677b877553bd4d89f99f5dd7425/node_modules/vite/dist/node/chunks/config.js:27145:4
 ❯ EnvironmentPluginContainer.transform node_modules/.pnpm/vite@7.3.1_@types+node@25.2_a52f0677b877553bd4d89f99f5dd7425/node_modules/vite/dist/node/chunks/config.js:28797:14
 ❯ loadAndTransform node_modules/.pnpm/vite@7.3.1_@types+node@25.2_a52f0677b877553bd4d89f99f5dd7425/node_modules/vite/dist/node/chunks/config.js:22670:26

⎯⎯⎯⎯⎯⎯⎯⎯⎯⎯⎯⎯⎯⎯⎯⎯⎯⎯⎯⎯[161/204]⎯

 FAIL  tests/unit/village/FuneralSystem.test.ts [ tests/unit/village/FuneralSystem.test.ts ]
Error: Failed to resolve import "$lib/features/village/engine/systems/FuneralSystem" from "tests/unit/village/FuneralSystem.test.ts". Does the file exist?
  Plugin: vite:import-analysis
  File: E:/tka-platform/tests/unit/village/FuneralSystem.test.ts:2:30
  1  |  import { describe, it, expect } from "vitest";
  2  |  import { FuneralSystem } from "$lib/features/village/engine/systems/FuneralSystem";
     |                                 ^
  3  |  import {
  4  |    createVillageWorld,
 ❯ TransformPluginContext._formatLog node_modules/.pnpm/vite@7.3.1_@types+node@25.2_a52f0677b877553bd4d89f99f5dd7425/node_modules/vite/dist/node/chunks/config.js:28999:43
 ❯ TransformPluginContext.error node_modules/.pnpm/vite@7.3.1_@types+node@25.2_a52f0677b877553bd4d89f99f5dd7425/node_modules/vite/dist/node/chunks/config.js:28996:14
 ❯ normalizeUrl node_modules/.pnpm/vite@7.3.1_@types+node@25.2_a52f0677b877553bd4d89f99f5dd7425/node_modules/vite/dist/node/chunks/config.js:27119:18
 ❯ node_modules/.pnpm/vite@7.3.1_@types+node@25.2_a52f0677b877553bd4d89f99f5dd7425/node_modules/vite/dist/node/chunks/config.js:27177:32
 ❯ TransformPluginContext.transform node_modules/.pnpm/vite@7.3.1_@types+node@25.2_a52f0677b877553bd4d89f99f5dd7425/node_modules/vite/dist/node/chunks/config.js:27145:4
 ❯ EnvironmentPluginContainer.transform node_modules/.pnpm/vite@7.3.1_@types+node@25.2_a52f0677b877553bd4d89f99f5dd7425/node_modules/vite/dist/node/chunks/config.js:28797:14
 ❯ loadAndTransform node_modules/.pnpm/vite@7.3.1_@types+node@25.2_a52f0677b877553bd4d89f99f5dd7425/node_modules/vite/dist/node/chunks/config.js:22670:26

⎯⎯⎯⎯⎯⎯⎯⎯⎯⎯⎯⎯⎯⎯⎯⎯⎯⎯⎯⎯[162/204]⎯

 FAIL  tests/unit/village/GiftIntegration.test.ts [ tests/unit/village/GiftIntegration.test.ts ]
Error: Failed to resolve import "$lib/features/village/engine/systems/SocialSystem" from "tests/unit/village/GiftIntegration.test.ts". Does the file exist?
  Plugin: vite:import-analysis
  File: E:/tka-platform/tests/unit/village/GiftIntegration.test.ts:2:29
  1  |  import { describe, it, expect, vi } from "vitest";
  2  |  import { SocialSystem } from "$lib/features/village/engine/systems/SocialSystem";
     |                                ^
  3  |  import {
  4  |    createVillageWorld,
 ❯ TransformPluginContext._formatLog node_modules/.pnpm/vite@7.3.1_@types+node@25.2_a52f0677b877553bd4d89f99f5dd7425/node_modules/vite/dist/node/chunks/config.js:28999:43
 ❯ TransformPluginContext.error node_modules/.pnpm/vite@7.3.1_@types+node@25.2_a52f0677b877553bd4d89f99f5dd7425/node_modules/vite/dist/node/chunks/config.js:28996:14
 ❯ normalizeUrl node_modules/.pnpm/vite@7.3.1_@types+node@25.2_a52f0677b877553bd4d89f99f5dd7425/node_modules/vite/dist/node/chunks/config.js:27119:18
 ❯ node_modules/.pnpm/vite@7.3.1_@types+node@25.2_a52f0677b877553bd4d89f99f5dd7425/node_modules/vite/dist/node/chunks/config.js:27177:32
 ❯ TransformPluginContext.transform node_modules/.pnpm/vite@7.3.1_@types+node@25.2_a52f0677b877553bd4d89f99f5dd7425/node_modules/vite/dist/node/chunks/config.js:27145:4
 ❯ EnvironmentPluginContainer.transform node_modules/.pnpm/vite@7.3.1_@types+node@25.2_a52f0677b877553bd4d89f99f5dd7425/node_modules/vite/dist/node/chunks/config.js:28797:14
 ❯ loadAndTransform node_modules/.pnpm/vite@7.3.1_@types+node@25.2_a52f0677b877553bd4d89f99f5dd7425/node_modules/vite/dist/node/chunks/config.js:22670:26

⎯⎯⎯⎯⎯⎯⎯⎯⎯⎯⎯⎯⎯⎯⎯⎯⎯⎯⎯⎯[163/204]⎯

 FAIL  tests/unit/village/LifecycleSystem.test.ts [ tests/unit/village/LifecycleSystem.test.ts ]
Error: Failed to resolve import "$lib/features/village/engine/systems/LifecycleSystem" from "tests/unit/village/LifecycleSystem.test.ts". Does the file exist?
  Plugin: vite:import-analysis
  File: E:/tka-platform/tests/unit/village/LifecycleSystem.test.ts:2:32
  1  |  import { describe, it, expect } from "vitest";
  2  |  import { LifecycleSystem } from "$lib/features/village/engine/systems/LifecycleSystem";
     |                                   ^
  3  |  import {
  4  |    createVillageWorld,
 ❯ TransformPluginContext._formatLog node_modules/.pnpm/vite@7.3.1_@types+node@25.2_a52f0677b877553bd4d89f99f5dd7425/node_modules/vite/dist/node/chunks/config.js:28999:43
 ❯ TransformPluginContext.error node_modules/.pnpm/vite@7.3.1_@types+node@25.2_a52f0677b877553bd4d89f99f5dd7425/node_modules/vite/dist/node/chunks/config.js:28996:14
 ❯ normalizeUrl node_modules/.pnpm/vite@7.3.1_@types+node@25.2_a52f0677b877553bd4d89f99f5dd7425/node_modules/vite/dist/node/chunks/config.js:27119:18
 ❯ node_modules/.pnpm/vite@7.3.1_@types+node@25.2_a52f0677b877553bd4d89f99f5dd7425/node_modules/vite/dist/node/chunks/config.js:27177:32
 ❯ TransformPluginContext.transform node_modules/.pnpm/vite@7.3.1_@types+node@25.2_a52f0677b877553bd4d89f99f5dd7425/node_modules/vite/dist/node/chunks/config.js:27145:4
 ❯ EnvironmentPluginContainer.transform node_modules/.pnpm/vite@7.3.1_@types+node@25.2_a52f0677b877553bd4d89f99f5dd7425/node_modules/vite/dist/node/chunks/config.js:28797:14
 ❯ loadAndTransform node_modules/.pnpm/vite@7.3.1_@types+node@25.2_a52f0677b877553bd4d89f99f5dd7425/node_modules/vite/dist/node/chunks/config.js:22670:26

⎯⎯⎯⎯⎯⎯⎯⎯⎯⎯⎯⎯⎯⎯⎯⎯⎯⎯⎯⎯[164/204]⎯

 FAIL  tests/unit/village/MonumentSystem.test.ts [ tests/unit/village/MonumentSystem.test.ts ]
Error: Failed to resolve import "$lib/features/village/engine/systems/MonumentSystem" from "tests/unit/village/MonumentSystem.test.ts". Does the file exist?
  Plugin: vite:import-analysis
  File: E:/tka-platform/tests/unit/village/MonumentSystem.test.ts:2:31
  1  |  import { describe, it, expect } from "vitest";
  2  |  import { MonumentSystem } from "$lib/features/village/engine/systems/MonumentSystem";
     |                                  ^
  3  |  import {
  4  |    createVillageWorld,
 ❯ TransformPluginContext._formatLog node_modules/.pnpm/vite@7.3.1_@types+node@25.2_a52f0677b877553bd4d89f99f5dd7425/node_modules/vite/dist/node/chunks/config.js:28999:43
 ❯ TransformPluginContext.error node_modules/.pnpm/vite@7.3.1_@types+node@25.2_a52f0677b877553bd4d89f99f5dd7425/node_modules/vite/dist/node/chunks/config.js:28996:14
 ❯ normalizeUrl node_modules/.pnpm/vite@7.3.1_@types+node@25.2_a52f0677b877553bd4d89f99f5dd7425/node_modules/vite/dist/node/chunks/config.js:27119:18
 ❯ node_modules/.pnpm/vite@7.3.1_@types+node@25.2_a52f0677b877553bd4d89f99f5dd7425/node_modules/vite/dist/node/chunks/config.js:27177:32
 ❯ TransformPluginContext.transform node_modules/.pnpm/vite@7.3.1_@types+node@25.2_a52f0677b877553bd4d89f99f5dd7425/node_modules/vite/dist/node/chunks/config.js:27145:4
 ❯ EnvironmentPluginContainer.transform node_modules/.pnpm/vite@7.3.1_@types+node@25.2_a52f0677b877553bd4d89f99f5dd7425/node_modules/vite/dist/node/chunks/config.js:28797:14
 ❯ loadAndTransform node_modules/.pnpm/vite@7.3.1_@types+node@25.2_a52f0677b877553bd4d89f99f5dd7425/node_modules/vite/dist/node/chunks/config.js:22670:26

⎯⎯⎯⎯⎯⎯⎯⎯⎯⎯⎯⎯⎯⎯⎯⎯⎯⎯⎯⎯[165/204]⎯

 FAIL  tests/unit/village/MovementSystem.test.ts [ tests/unit/village/MovementSystem.test.ts ]
Error: Failed to resolve import "$lib/features/village/engine/systems/MovementSystem" from "tests/unit/village/MovementSystem.test.ts". Does the file exist?
  Plugin: vite:import-analysis
  File: E:/tka-platform/tests/unit/village/MovementSystem.test.ts:2:31
  1  |  import { describe, it, expect } from "vitest";
  2  |  import { MovementSystem } from "$lib/features/village/engine/systems/MovementSystem";
     |                                  ^
  3  |  import {
  4  |    createVillageWorld,
 ❯ TransformPluginContext._formatLog node_modules/.pnpm/vite@7.3.1_@types+node@25.2_a52f0677b877553bd4d89f99f5dd7425/node_modules/vite/dist/node/chunks/config.js:28999:43
 ❯ TransformPluginContext.error node_modules/.pnpm/vite@7.3.1_@types+node@25.2_a52f0677b877553bd4d89f99f5dd7425/node_modules/vite/dist/node/chunks/config.js:28996:14
 ❯ normalizeUrl node_modules/.pnpm/vite@7.3.1_@types+node@25.2_a52f0677b877553bd4d89f99f5dd7425/node_modules/vite/dist/node/chunks/config.js:27119:18
 ❯ node_modules/.pnpm/vite@7.3.1_@types+node@25.2_a52f0677b877553bd4d89f99f5dd7425/node_modules/vite/dist/node/chunks/config.js:27177:32
 ❯ TransformPluginContext.transform node_modules/.pnpm/vite@7.3.1_@types+node@25.2_a52f0677b877553bd4d89f99f5dd7425/node_modules/vite/dist/node/chunks/config.js:27145:4
 ❯ EnvironmentPluginContainer.transform node_modules/.pnpm/vite@7.3.1_@types+node@25.2_a52f0677b877553bd4d89f99f5dd7425/node_modules/vite/dist/node/chunks/config.js:28797:14
 ❯ loadAndTransform node_modules/.pnpm/vite@7.3.1_@types+node@25.2_a52f0677b877553bd4d89f99f5dd7425/node_modules/vite/dist/node/chunks/config.js:22670:26

⎯⎯⎯⎯⎯⎯⎯⎯⎯⎯⎯⎯⎯⎯⎯⎯⎯⎯⎯⎯[166/204]⎯

 FAIL  tests/unit/village/PerformanceSystem.test.ts [ tests/unit/village/PerformanceSystem.test.ts ]
Error: Failed to resolve import "$lib/features/village/engine/systems/PerformanceSystem" from "tests/unit/village/PerformanceSystem.test.ts". Does the file exist?
  Plugin: vite:import-analysis
  File: E:/tka-platform/tests/unit/village/PerformanceSystem.test.ts:2:34
  1  |  import { describe, it, expect } from "vitest";
  2  |  import { PerformanceSystem } from "$lib/features/village/engine/systems/PerformanceSystem";
     |                                     ^
  3  |  import {
  4  |    createVillageWorld,
 ❯ TransformPluginContext._formatLog node_modules/.pnpm/vite@7.3.1_@types+node@25.2_a52f0677b877553bd4d89f99f5dd7425/node_modules/vite/dist/node/chunks/config.js:28999:43
 ❯ TransformPluginContext.error node_modules/.pnpm/vite@7.3.1_@types+node@25.2_a52f0677b877553bd4d89f99f5dd7425/node_modules/vite/dist/node/chunks/config.js:28996:14
 ❯ normalizeUrl node_modules/.pnpm/vite@7.3.1_@types+node@25.2_a52f0677b877553bd4d89f99f5dd7425/node_modules/vite/dist/node/chunks/config.js:27119:18
 ❯ node_modules/.pnpm/vite@7.3.1_@types+node@25.2_a52f0677b877553bd4d89f99f5dd7425/node_modules/vite/dist/node/chunks/config.js:27177:32
 ❯ TransformPluginContext.transform node_modules/.pnpm/vite@7.3.1_@types+node@25.2_a52f0677b877553bd4d89f99f5dd7425/node_modules/vite/dist/node/chunks/config.js:27145:4
 ❯ EnvironmentPluginContainer.transform node_modules/.pnpm/vite@7.3.1_@types+node@25.2_a52f0677b877553bd4d89f99f5dd7425/node_modules/vite/dist/node/chunks/config.js:28797:14
 ❯ loadAndTransform node_modules/.pnpm/vite@7.3.1_@types+node@25.2_a52f0677b877553bd4d89f99f5dd7425/node_modules/vite/dist/node/chunks/config.js:22670:26

⎯⎯⎯⎯⎯⎯⎯⎯⎯⎯⎯⎯⎯⎯⎯⎯⎯⎯⎯⎯[167/204]⎯

 FAIL  tests/unit/village/PersonalityGenerator.test.ts [ tests/unit/village/PersonalityGenerator.test.ts ]
Error: Failed to resolve import "$lib/features/village/services/personality-generator" from "tests/unit/village/PersonalityGenerator.test.ts". Does the file exist?
  Plugin: vite:import-analysis
  File: E:/tka-platform/tests/unit/village/PersonalityGenerator.test.ts:2:36
  1  |  import { describe, it, expect } from "vitest";
  2  |  import { generatePersonality } from "$lib/features/village/services/personality-generator";
     |                                       ^
  3  |  describe("PersonalityGenerator", () => {
  4  |    it("generates all five traits", () => {
 ❯ TransformPluginContext._formatLog node_modules/.pnpm/vite@7.3.1_@types+node@25.2_a52f0677b877553bd4d89f99f5dd7425/node_modules/vite/dist/node/chunks/config.js:28999:43
 ❯ TransformPluginContext.error node_modules/.pnpm/vite@7.3.1_@types+node@25.2_a52f0677b877553bd4d89f99f5dd7425/node_modules/vite/dist/node/chunks/config.js:28996:14
 ❯ normalizeUrl node_modules/.pnpm/vite@7.3.1_@types+node@25.2_a52f0677b877553bd4d89f99f5dd7425/node_modules/vite/dist/node/chunks/config.js:27119:18
 ❯ node_modules/.pnpm/vite@7.3.1_@types+node@25.2_a52f0677b877553bd4d89f99f5dd7425/node_modules/vite/dist/node/chunks/config.js:27177:32
 ❯ TransformPluginContext.transform node_modules/.pnpm/vite@7.3.1_@types+node@25.2_a52f0677b877553bd4d89f99f5dd7425/node_modules/vite/dist/node/chunks/config.js:27145:4
 ❯ EnvironmentPluginContainer.transform node_modules/.pnpm/vite@7.3.1_@types+node@25.2_a52f0677b877553bd4d89f99f5dd7425/node_modules/vite/dist/node/chunks/config.js:28797:14
 ❯ loadAndTransform node_modules/.pnpm/vite@7.3.1_@types+node@25.2_a52f0677b877553bd4d89f99f5dd7425/node_modules/vite/dist/node/chunks/config.js:22670:26

⎯⎯⎯⎯⎯⎯⎯⎯⎯⎯⎯⎯⎯⎯⎯⎯⎯⎯⎯⎯[168/204]⎯

 FAIL  tests/unit/village/PopulationSystem.test.ts [ tests/unit/village/PopulationSystem.test.ts ]
Error: Failed to resolve import "$lib/features/village/engine/systems/PopulationSystem" from "tests/unit/village/PopulationSystem.test.ts". Does the file exist?
  Plugin: vite:import-analysis
  File: E:/tka-platform/tests/unit/village/PopulationSystem.test.ts:2:33
  1  |  import { describe, it, expect } from "vitest";
  2  |  import { PopulationSystem } from "$lib/features/village/engine/systems/PopulationSystem";
     |                                    ^
  3  |  import {
  4  |    createVillageWorld,
 ❯ TransformPluginContext._formatLog node_modules/.pnpm/vite@7.3.1_@types+node@25.2_a52f0677b877553bd4d89f99f5dd7425/node_modules/vite/dist/node/chunks/config.js:28999:43
 ❯ TransformPluginContext.error node_modules/.pnpm/vite@7.3.1_@types+node@25.2_a52f0677b877553bd4d89f99f5dd7425/node_modules/vite/dist/node/chunks/config.js:28996:14
 ❯ normalizeUrl node_modules/.pnpm/vite@7.3.1_@types+node@25.2_a52f0677b877553bd4d89f99f5dd7425/node_modules/vite/dist/node/chunks/config.js:27119:18
 ❯ node_modules/.pnpm/vite@7.3.1_@types+node@25.2_a52f0677b877553bd4d89f99f5dd7425/node_modules/vite/dist/node/chunks/config.js:27177:32
 ❯ TransformPluginContext.transform node_modules/.pnpm/vite@7.3.1_@types+node@25.2_a52f0677b877553bd4d89f99f5dd7425/node_modules/vite/dist/node/chunks/config.js:27145:4
 ❯ EnvironmentPluginContainer.transform node_modules/.pnpm/vite@7.3.1_@types+node@25.2_a52f0677b877553bd4d89f99f5dd7425/node_modules/vite/dist/node/chunks/config.js:28797:14
 ❯ loadAndTransform node_modules/.pnpm/vite@7.3.1_@types+node@25.2_a52f0677b877553bd4d89f99f5dd7425/node_modules/vite/dist/node/chunks/config.js:22670:26

⎯⎯⎯⎯⎯⎯⎯⎯⎯⎯⎯⎯⎯⎯⎯⎯⎯⎯⎯⎯[169/204]⎯

 FAIL  tests/unit/village/PropSystem.test.ts [ tests/unit/village/PropSystem.test.ts ]
Error: Failed to resolve import "$lib/features/village/engine/systems/PropSystem" from "tests/unit/village/PropSystem.test.ts". Does the file exist?
  Plugin: vite:import-analysis
  File: E:/tka-platform/tests/unit/village/PropSystem.test.ts:2:27
  1  |  import { describe, it, expect } from "vitest";
  2  |  import { PropSystem } from "$lib/features/village/engine/systems/PropSystem";
     |                              ^
  3  |  import {
  4  |    createVillageWorld,
 ❯ TransformPluginContext._formatLog node_modules/.pnpm/vite@7.3.1_@types+node@25.2_a52f0677b877553bd4d89f99f5dd7425/node_modules/vite/dist/node/chunks/config.js:28999:43
 ❯ TransformPluginContext.error node_modules/.pnpm/vite@7.3.1_@types+node@25.2_a52f0677b877553bd4d89f99f5dd7425/node_modules/vite/dist/node/chunks/config.js:28996:14
 ❯ normalizeUrl node_modules/.pnpm/vite@7.3.1_@types+node@25.2_a52f0677b877553bd4d89f99f5dd7425/node_modules/vite/dist/node/chunks/config.js:27119:18
 ❯ node_modules/.pnpm/vite@7.3.1_@types+node@25.2_a52f0677b877553bd4d89f99f5dd7425/node_modules/vite/dist/node/chunks/config.js:27177:32
 ❯ TransformPluginContext.transform node_modules/.pnpm/vite@7.3.1_@types+node@25.2_a52f0677b877553bd4d89f99f5dd7425/node_modules/vite/dist/node/chunks/config.js:27145:4
 ❯ EnvironmentPluginContainer.transform node_modules/.pnpm/vite@7.3.1_@types+node@25.2_a52f0677b877553bd4d89f99f5dd7425/node_modules/vite/dist/node/chunks/config.js:28797:14
 ❯ loadAndTransform node_modules/.pnpm/vite@7.3.1_@types+node@25.2_a52f0677b877553bd4d89f99f5dd7425/node_modules/vite/dist/node/chunks/config.js:22670:26

⎯⎯⎯⎯⎯⎯⎯⎯⎯⎯⎯⎯⎯⎯⎯⎯⎯⎯⎯⎯[170/204]⎯

 FAIL  tests/unit/village/ProximityLearningSystem.test.ts [ tests/unit/village/ProximityLearningSystem.test.ts ]
Error: Failed to resolve import "$lib/features/village/engine/systems/ProximityLearningSystem" from "tests/unit/village/ProximityLearningSystem.test.ts". Does the file exist?
  Plugin: vite:import-analysis
  File: E:/tka-platform/tests/unit/village/ProximityLearningSystem.test.ts:2:40
  1  |  import { describe, it, expect } from "vitest";
  2  |  import { ProximityLearningSystem } from "$lib/features/village/engine/systems/ProximityLearningSystem";
     |                                           ^
  3  |  import {
  4  |    createVillageWorld,
 ❯ TransformPluginContext._formatLog node_modules/.pnpm/vite@7.3.1_@types+node@25.2_a52f0677b877553bd4d89f99f5dd7425/node_modules/vite/dist/node/chunks/config.js:28999:43
 ❯ TransformPluginContext.error node_modules/.pnpm/vite@7.3.1_@types+node@25.2_a52f0677b877553bd4d89f99f5dd7425/node_modules/vite/dist/node/chunks/config.js:28996:14
 ❯ normalizeUrl node_modules/.pnpm/vite@7.3.1_@types+node@25.2_a52f0677b877553bd4d89f99f5dd7425/node_modules/vite/dist/node/chunks/config.js:27119:18
 ❯ node_modules/.pnpm/vite@7.3.1_@types+node@25.2_a52f0677b877553bd4d89f99f5dd7425/node_modules/vite/dist/node/chunks/config.js:27177:32
 ❯ TransformPluginContext.transform node_modules/.pnpm/vite@7.3.1_@types+node@25.2_a52f0677b877553bd4d89f99f5dd7425/node_modules/vite/dist/node/chunks/config.js:27145:4
 ❯ EnvironmentPluginContainer.transform node_modules/.pnpm/vite@7.3.1_@types+node@25.2_a52f0677b877553bd4d89f99f5dd7425/node_modules/vite/dist/node/chunks/config.js:28797:14
 ❯ loadAndTransform node_modules/.pnpm/vite@7.3.1_@types+node@25.2_a52f0677b877553bd4d89f99f5dd7425/node_modules/vite/dist/node/chunks/config.js:22670:26

⎯⎯⎯⎯⎯⎯⎯⎯⎯⎯⎯⎯⎯⎯⎯⎯⎯⎯⎯⎯[171/204]⎯

 FAIL  tests/unit/village/RecombinationSystem.test.ts [ tests/unit/village/RecombinationSystem.test.ts ]
Error: Failed to resolve import "$lib/features/village/engine/systems/RecombinationSystem" from "tests/unit/village/RecombinationSystem.test.ts". Does the file exist?
  Plugin: vite:import-analysis
  File: E:/tka-platform/tests/unit/village/RecombinationSystem.test.ts:2:36
  1  |  import { describe, it, expect, vi } from "vitest";
  2  |  import { RecombinationSystem } from "$lib/features/village/engine/systems/RecombinationSystem";
     |                                       ^
  3  |  import {
  4  |    createVillageWorld,
 ❯ TransformPluginContext._formatLog node_modules/.pnpm/vite@7.3.1_@types+node@25.2_a52f0677b877553bd4d89f99f5dd7425/node_modules/vite/dist/node/chunks/config.js:28999:43
 ❯ TransformPluginContext.error node_modules/.pnpm/vite@7.3.1_@types+node@25.2_a52f0677b877553bd4d89f99f5dd7425/node_modules/vite/dist/node/chunks/config.js:28996:14
 ❯ normalizeUrl node_modules/.pnpm/vite@7.3.1_@types+node@25.2_a52f0677b877553bd4d89f99f5dd7425/node_modules/vite/dist/node/chunks/config.js:27119:18
 ❯ node_modules/.pnpm/vite@7.3.1_@types+node@25.2_a52f0677b877553bd4d89f99f5dd7425/node_modules/vite/dist/node/chunks/config.js:27177:32
 ❯ TransformPluginContext.transform node_modules/.pnpm/vite@7.3.1_@types+node@25.2_a52f0677b877553bd4d89f99f5dd7425/node_modules/vite/dist/node/chunks/config.js:27145:4
 ❯ EnvironmentPluginContainer.transform node_modules/.pnpm/vite@7.3.1_@types+node@25.2_a52f0677b877553bd4d89f99f5dd7425/node_modules/vite/dist/node/chunks/config.js:28797:14
 ❯ loadAndTransform node_modules/.pnpm/vite@7.3.1_@types+node@25.2_a52f0677b877553bd4d89f99f5dd7425/node_modules/vite/dist/node/chunks/config.js:22670:26

⎯⎯⎯⎯⎯⎯⎯⎯⎯⎯⎯⎯⎯⎯⎯⎯⎯⎯⎯⎯[172/204]⎯

 FAIL  tests/unit/village/SeasonSystem.test.ts [ tests/unit/village/SeasonSystem.test.ts ]
Error: Failed to resolve import "$lib/features/village/engine/systems/SeasonSystem" from "tests/unit/village/SeasonSystem.test.ts". Does the file exist?
  Plugin: vite:import-analysis
  File: E:/tka-platform/tests/unit/village/SeasonSystem.test.ts:2:29
  1  |  import { describe, it, expect } from "vitest";
  2  |  import { SeasonSystem } from "$lib/features/village/engine/systems/SeasonSystem";
     |                                ^
  3  |  import {
  4  |    createVillageWorld,
 ❯ TransformPluginContext._formatLog node_modules/.pnpm/vite@7.3.1_@types+node@25.2_a52f0677b877553bd4d89f99f5dd7425/node_modules/vite/dist/node/chunks/config.js:28999:43
 ❯ TransformPluginContext.error node_modules/.pnpm/vite@7.3.1_@types+node@25.2_a52f0677b877553bd4d89f99f5dd7425/node_modules/vite/dist/node/chunks/config.js:28996:14
 ❯ normalizeUrl node_modules/.pnpm/vite@7.3.1_@types+node@25.2_a52f0677b877553bd4d89f99f5dd7425/node_modules/vite/dist/node/chunks/config.js:27119:18
 ❯ node_modules/.pnpm/vite@7.3.1_@types+node@25.2_a52f0677b877553bd4d89f99f5dd7425/node_modules/vite/dist/node/chunks/config.js:27177:32
 ❯ TransformPluginContext.transform node_modules/.pnpm/vite@7.3.1_@types+node@25.2_a52f0677b877553bd4d89f99f5dd7425/node_modules/vite/dist/node/chunks/config.js:27145:4
 ❯ EnvironmentPluginContainer.transform node_modules/.pnpm/vite@7.3.1_@types+node@25.2_a52f0677b877553bd4d89f99f5dd7425/node_modules/vite/dist/node/chunks/config.js:28797:14
 ❯ loadAndTransform node_modules/.pnpm/vite@7.3.1_@types+node@25.2_a52f0677b877553bd4d89f99f5dd7425/node_modules/vite/dist/node/chunks/config.js:22670:26

⎯⎯⎯⎯⎯⎯⎯⎯⎯⎯⎯⎯⎯⎯⎯⎯⎯⎯⎯⎯[173/204]⎯

 FAIL  tests/unit/village/SocialSystem.test.ts [ tests/unit/village/SocialSystem.test.ts ]
Error: Failed to resolve import "$lib/features/village/engine/systems/SocialSystem" from "tests/unit/village/SocialSystem.test.ts". Does the file exist?
  Plugin: vite:import-analysis
  File: E:/tka-platform/tests/unit/village/SocialSystem.test.ts:2:29
  1  |  import { describe, it, expect } from "vitest";
  2  |  import { SocialSystem } from "$lib/features/village/engine/systems/SocialSystem";
     |                                ^
  3  |  import {
  4  |    createVillageWorld,
 ❯ TransformPluginContext._formatLog node_modules/.pnpm/vite@7.3.1_@types+node@25.2_a52f0677b877553bd4d89f99f5dd7425/node_modules/vite/dist/node/chunks/config.js:28999:43
 ❯ TransformPluginContext.error node_modules/.pnpm/vite@7.3.1_@types+node@25.2_a52f0677b877553bd4d89f99f5dd7425/node_modules/vite/dist/node/chunks/config.js:28996:14
 ❯ normalizeUrl node_modules/.pnpm/vite@7.3.1_@types+node@25.2_a52f0677b877553bd4d89f99f5dd7425/node_modules/vite/dist/node/chunks/config.js:27119:18
 ❯ node_modules/.pnpm/vite@7.3.1_@types+node@25.2_a52f0677b877553bd4d89f99f5dd7425/node_modules/vite/dist/node/chunks/config.js:27177:32
 ❯ TransformPluginContext.transform node_modules/.pnpm/vite@7.3.1_@types+node@25.2_a52f0677b877553bd4d89f99f5dd7425/node_modules/vite/dist/node/chunks/config.js:27145:4
 ❯ EnvironmentPluginContainer.transform node_modules/.pnpm/vite@7.3.1_@types+node@25.2_a52f0677b877553bd4d89f99f5dd7425/node_modules/vite/dist/node/chunks/config.js:28797:14
 ❯ loadAndTransform node_modules/.pnpm/vite@7.3.1_@types+node@25.2_a52f0677b877553bd4d89f99f5dd7425/node_modules/vite/dist/node/chunks/config.js:22670:26

⎯⎯⎯⎯⎯⎯⎯⎯⎯⎯⎯⎯⎯⎯⎯⎯⎯⎯⎯⎯[174/204]⎯

 FAIL  tests/unit/village/StyleDriftSystem.test.ts [ tests/unit/village/StyleDriftSystem.test.ts ]
Error: Failed to resolve import "$lib/features/village/engine/systems/StyleDriftSystem" from "tests/unit/village/StyleDriftSystem.test.ts". Does the file exist?
  Plugin: vite:import-analysis
  File: E:/tka-platform/tests/unit/village/StyleDriftSystem.test.ts:2:33
  1  |  import { describe, it, expect } from "vitest";
  2  |  import { StyleDriftSystem } from "$lib/features/village/engine/systems/StyleDriftSystem";
     |                                    ^
  3  |  import {
  4  |    createVillageWorld,
 ❯ TransformPluginContext._formatLog node_modules/.pnpm/vite@7.3.1_@types+node@25.2_a52f0677b877553bd4d89f99f5dd7425/node_modules/vite/dist/node/chunks/config.js:28999:43
 ❯ TransformPluginContext.error node_modules/.pnpm/vite@7.3.1_@types+node@25.2_a52f0677b877553bd4d89f99f5dd7425/node_modules/vite/dist/node/chunks/config.js:28996:14
 ❯ normalizeUrl node_modules/.pnpm/vite@7.3.1_@types+node@25.2_a52f0677b877553bd4d89f99f5dd7425/node_modules/vite/dist/node/chunks/config.js:27119:18
 ❯ node_modules/.pnpm/vite@7.3.1_@types+node@25.2_a52f0677b877553bd4d89f99f5dd7425/node_modules/vite/dist/node/chunks/config.js:27177:32
 ❯ TransformPluginContext.transform node_modules/.pnpm/vite@7.3.1_@types+node@25.2_a52f0677b877553bd4d89f99f5dd7425/node_modules/vite/dist/node/chunks/config.js:27145:4
 ❯ EnvironmentPluginContainer.transform node_modules/.pnpm/vite@7.3.1_@types+node@25.2_a52f0677b877553bd4d89f99f5dd7425/node_modules/vite/dist/node/chunks/config.js:28797:14
 ❯ loadAndTransform node_modules/.pnpm/vite@7.3.1_@types+node@25.2_a52f0677b877553bd4d89f99f5dd7425/node_modules/vite/dist/node/chunks/config.js:22670:26

⎯⎯⎯⎯⎯⎯⎯⎯⎯⎯⎯⎯⎯⎯⎯⎯⎯⎯⎯⎯[175/204]⎯

 FAIL  tests/unit/village/StyleInheritance.test.ts [ tests/unit/village/StyleInheritance.test.ts ]
Error: Failed to resolve import "$lib/features/village/engine/systems/TeachingSystem" from "tests/unit/village/StyleInheritance.test.ts". Does the file exist?
  Plugin: vite:import-analysis
  File: E:/tka-platform/tests/unit/village/StyleInheritance.test.ts:2:31
  1  |  import { describe, it, expect } from "vitest";
  2  |  import { TeachingSystem } from "$lib/features/village/engine/systems/TeachingSystem";
     |                                  ^
  3  |  import { SocialSystem } from "$lib/features/village/engine/systems/SocialSystem";
  4  |  import {
 ❯ TransformPluginContext._formatLog node_modules/.pnpm/vite@7.3.1_@types+node@25.2_a52f0677b877553bd4d89f99f5dd7425/node_modules/vite/dist/node/chunks/config.js:28999:43
 ❯ TransformPluginContext.error node_modules/.pnpm/vite@7.3.1_@types+node@25.2_a52f0677b877553bd4d89f99f5dd7425/node_modules/vite/dist/node/chunks/config.js:28996:14
 ❯ normalizeUrl node_modules/.pnpm/vite@7.3.1_@types+node@25.2_a52f0677b877553bd4d89f99f5dd7425/node_modules/vite/dist/node/chunks/config.js:27119:18
 ❯ node_modules/.pnpm/vite@7.3.1_@types+node@25.2_a52f0677b877553bd4d89f99f5dd7425/node_modules/vite/dist/node/chunks/config.js:27177:32
 ❯ TransformPluginContext.transform node_modules/.pnpm/vite@7.3.1_@types+node@25.2_a52f0677b877553bd4d89f99f5dd7425/node_modules/vite/dist/node/chunks/config.js:27145:4
 ❯ EnvironmentPluginContainer.transform node_modules/.pnpm/vite@7.3.1_@types+node@25.2_a52f0677b877553bd4d89f99f5dd7425/node_modules/vite/dist/node/chunks/config.js:28797:14
 ❯ loadAndTransform node_modules/.pnpm/vite@7.3.1_@types+node@25.2_a52f0677b877553bd4d89f99f5dd7425/node_modules/vite/dist/node/chunks/config.js:22670:26

⎯⎯⎯⎯⎯⎯⎯⎯⎯⎯⎯⎯⎯⎯⎯⎯⎯⎯⎯⎯[176/204]⎯

 FAIL  tests/unit/village/TeachingSystem.test.ts [ tests/unit/village/TeachingSystem.test.ts ]
Error: Failed to resolve import "$lib/features/village/engine/systems/TeachingSystem" from "tests/unit/village/TeachingSystem.test.ts". Does the file exist?
  Plugin: vite:import-analysis
  File: E:/tka-platform/tests/unit/village/TeachingSystem.test.ts:2:31
  1  |  import { describe, it, expect } from "vitest";
  2  |  import { TeachingSystem } from "$lib/features/village/engine/systems/TeachingSystem";
     |                                  ^
  3  |  import {
  4  |    createVillageWorld,
 ❯ TransformPluginContext._formatLog node_modules/.pnpm/vite@7.3.1_@types+node@25.2_a52f0677b877553bd4d89f99f5dd7425/node_modules/vite/dist/node/chunks/config.js:28999:43
 ❯ TransformPluginContext.error node_modules/.pnpm/vite@7.3.1_@types+node@25.2_a52f0677b877553bd4d89f99f5dd7425/node_modules/vite/dist/node/chunks/config.js:28996:14
 ❯ normalizeUrl node_modules/.pnpm/vite@7.3.1_@types+node@25.2_a52f0677b877553bd4d89f99f5dd7425/node_modules/vite/dist/node/chunks/config.js:27119:18
 ❯ node_modules/.pnpm/vite@7.3.1_@types+node@25.2_a52f0677b877553bd4d89f99f5dd7425/node_modules/vite/dist/node/chunks/config.js:27177:32
 ❯ TransformPluginContext.transform node_modules/.pnpm/vite@7.3.1_@types+node@25.2_a52f0677b877553bd4d89f99f5dd7425/node_modules/vite/dist/node/chunks/config.js:27145:4
 ❯ EnvironmentPluginContainer.transform node_modules/.pnpm/vite@7.3.1_@types+node@25.2_a52f0677b877553bd4d89f99f5dd7425/node_modules/vite/dist/node/chunks/config.js:28797:14
 ❯ loadAndTransform node_modules/.pnpm/vite@7.3.1_@types+node@25.2_a52f0677b877553bd4d89f99f5dd7425/node_modules/vite/dist/node/chunks/config.js:22670:26

⎯⎯⎯⎯⎯⎯⎯⎯⎯⎯⎯⎯⎯⎯⎯⎯⎯⎯⎯⎯[177/204]⎯

 FAIL  tests/unit/village/VillageOrchestrator.test.ts [ tests/unit/village/VillageOrchestrator.test.ts ]
Error: Failed to resolve import "$lib/features/village/engine/VillageOrchestrator" from "tests/unit/village/VillageOrchestrator.test.ts". Does the file exist?
  Plugin: vite:import-analysis
  File: E:/tka-platform/tests/unit/village/VillageOrchestrator.test.ts:2:36
  1  |  import { describe, it, expect, vi } from "vitest";
  2  |  import { VillageOrchestrator } from "$lib/features/village/engine/VillageOrchestrator";
     |                                       ^
  3  |  import { createDefaultConfig } from "$lib/features/village/engine/VillageConfig";
  4  |  function makeMockMutator() {
 ❯ TransformPluginContext._formatLog node_modules/.pnpm/vite@7.3.1_@types+node@25.2_a52f0677b877553bd4d89f99f5dd7425/node_modules/vite/dist/node/chunks/config.js:28999:43
 ❯ TransformPluginContext.error node_modules/.pnpm/vite@7.3.1_@types+node@25.2_a52f0677b877553bd4d89f99f5dd7425/node_modules/vite/dist/node/chunks/config.js:28996:14
 ❯ normalizeUrl node_modules/.pnpm/vite@7.3.1_@types+node@25.2_a52f0677b877553bd4d89f99f5dd7425/node_modules/vite/dist/node/chunks/config.js:27119:18
 ❯ node_modules/.pnpm/vite@7.3.1_@types+node@25.2_a52f0677b877553bd4d89f99f5dd7425/node_modules/vite/dist/node/chunks/config.js:27177:32
 ❯ TransformPluginContext.transform node_modules/.pnpm/vite@7.3.1_@types+node@25.2_a52f0677b877553bd4d89f99f5dd7425/node_modules/vite/dist/node/chunks/config.js:27145:4
 ❯ EnvironmentPluginContainer.transform node_modules/.pnpm/vite@7.3.1_@types+node@25.2_a52f0677b877553bd4d89f99f5dd7425/node_modules/vite/dist/node/chunks/config.js:28797:14
 ❯ loadAndTransform node_modules/.pnpm/vite@7.3.1_@types+node@25.2_a52f0677b877553bd4d89f99f5dd7425/node_modules/vite/dist/node/chunks/config.js:22670:26

⎯⎯⎯⎯⎯⎯⎯⎯⎯⎯⎯⎯⎯⎯⎯⎯⎯⎯⎯⎯[178/204]⎯

 FAIL  tests/unit/village/VillageWorld.test.ts [ tests/unit/village/VillageWorld.test.ts ]
Error: Failed to resolve import "$lib/features/village/engine/VillageWorld" from "tests/unit/village/VillageWorld.test.ts". Does the file exist?
  Plugin: vite:import-analysis
  File: E:/tka-platform/tests/unit/village/VillageWorld.test.ts:5:7
  3  |    createVillageWorld,
  4  |    createAvatarEntity
  5  |  } from "$lib/features/village/engine/VillageWorld";
     |          ^
  6  |  import * as personalityGenerator from "$lib/features/village/services/personality-generator";
  7  |  describe("VillageWorld", () => {
 ❯ TransformPluginContext._formatLog node_modules/.pnpm/vite@7.3.1_@types+node@25.2_a52f0677b877553bd4d89f99f5dd7425/node_modules/vite/dist/node/chunks/config.js:28999:43
 ❯ TransformPluginContext.error node_modules/.pnpm/vite@7.3.1_@types+node@25.2_a52f0677b877553bd4d89f99f5dd7425/node_modules/vite/dist/node/chunks/config.js:28996:14
 ❯ normalizeUrl node_modules/.pnpm/vite@7.3.1_@types+node@25.2_a52f0677b877553bd4d89f99f5dd7425/node_modules/vite/dist/node/chunks/config.js:27119:18
 ❯ node_modules/.pnpm/vite@7.3.1_@types+node@25.2_a52f0677b877553bd4d89f99f5dd7425/node_modules/vite/dist/node/chunks/config.js:27177:32
 ❯ TransformPluginContext.transform node_modules/.pnpm/vite@7.3.1_@types+node@25.2_a52f0677b877553bd4d89f99f5dd7425/node_modules/vite/dist/node/chunks/config.js:27145:4
 ❯ EnvironmentPluginContainer.transform node_modules/.pnpm/vite@7.3.1_@types+node@25.2_a52f0677b877553bd4d89f99f5dd7425/node_modules/vite/dist/node/chunks/config.js:28797:14
 ❯ loadAndTransform node_modules/.pnpm/vite@7.3.1_@types+node@25.2_a52f0677b877553bd4d89f99f5dd7425/node_modules/vite/dist/node/chunks/config.js:22670:26

⎯⎯⎯⎯⎯⎯⎯⎯⎯⎯⎯⎯⎯⎯⎯⎯⎯⎯⎯⎯[179/204]⎯

 FAIL  tests/unit/3d/scene-features/scene-feature-registry.test.ts [ tests/unit/3d/scene-features/scene-feature-registry.test.ts ]
Error: Failed to resolve import "$lib/shared/3d/scene-features/domain/scene-feature-registry" from "tests/unit/3d/scene-features/scene-feature-registry.test.ts". Does the file exist?
  Plugin: vite:import-analysis
  File: E:/tka-platform/tests/unit/3d/scene-features/scene-feature-registry.test.ts:2:31
  1  |  import { describe, it, expect } from "vitest";
  2  |  import { SCENE_FEATURES } from "$lib/shared/3d/scene-features/domain/scene-feature-registry";
     |                                  ^
  3  |  describe("SCENE_FEATURES", () => {
  4  |    it("does not include a 'grid' entry", () => {
 ❯ TransformPluginContext._formatLog node_modules/.pnpm/vite@7.3.1_@types+node@25.2_a52f0677b877553bd4d89f99f5dd7425/node_modules/vite/dist/node/chunks/config.js:28999:43
 ❯ TransformPluginContext.error node_modules/.pnpm/vite@7.3.1_@types+node@25.2_a52f0677b877553bd4d89f99f5dd7425/node_modules/vite/dist/node/chunks/config.js:28996:14
 ❯ normalizeUrl node_modules/.pnpm/vite@7.3.1_@types+node@25.2_a52f0677b877553bd4d89f99f5dd7425/node_modules/vite/dist/node/chunks/config.js:27119:18
 ❯ node_modules/.pnpm/vite@7.3.1_@types+node@25.2_a52f0677b877553bd4d89f99f5dd7425/node_modules/vite/dist/node/chunks/config.js:27177:32
 ❯ TransformPluginContext.transform node_modules/.pnpm/vite@7.3.1_@types+node@25.2_a52f0677b877553bd4d89f99f5dd7425/node_modules/vite/dist/node/chunks/config.js:27145:4
 ❯ EnvironmentPluginContainer.transform node_modules/.pnpm/vite@7.3.1_@types+node@25.2_a52f0677b877553bd4d89f99f5dd7425/node_modules/vite/dist/node/chunks/config.js:28797:14
 ❯ loadAndTransform node_modules/.pnpm/vite@7.3.1_@types+node@25.2_a52f0677b877553bd4d89f99f5dd7425/node_modules/vite/dist/node/chunks/config.js:22670:26

⎯⎯⎯⎯⎯⎯⎯⎯⎯⎯⎯⎯⎯⎯⎯⎯⎯⎯⎯⎯[180/204]⎯

 FAIL  tests/unit/3d/state/avatar-instance-state-per-performer-effort.test.ts [ tests/unit/3d/state/avatar-instance-state-per-performer-effort.test.ts ]
Error: Failed to resolve import "$lib/shared/3d/state/avatar-instance-state.svelte" from "tests/unit/3d/state/avatar-instance-state-per-performer-effort.test.ts". Does the file exist?
  Plugin: vite:import-analysis
  File: E:/tka-platform/tests/unit/3d/state/avatar-instance-state-per-performer-effort.test.ts:2:62
  1  |  import { describe, it, expect } from "vitest";
  2  |  import { createAvatarInstanceState, makeStandaloneDeps } from "$lib/shared/3d/state/avatar-instance-state.svelte";
     |                                                                 ^
  3  |  function makeConfig(id = "p1") {
  4  |    return { id, positionX: 0 };
 ❯ TransformPluginContext._formatLog node_modules/.pnpm/vite@7.3.1_@types+node@25.2_a52f0677b877553bd4d89f99f5dd7425/node_modules/vite/dist/node/chunks/config.js:28999:43
 ❯ TransformPluginContext.error node_modules/.pnpm/vite@7.3.1_@types+node@25.2_a52f0677b877553bd4d89f99f5dd7425/node_modules/vite/dist/node/chunks/config.js:28996:14
 ❯ normalizeUrl node_modules/.pnpm/vite@7.3.1_@types+node@25.2_a52f0677b877553bd4d89f99f5dd7425/node_modules/vite/dist/node/chunks/config.js:27119:18
 ❯ node_modules/.pnpm/vite@7.3.1_@types+node@25.2_a52f0677b877553bd4d89f99f5dd7425/node_modules/vite/dist/node/chunks/config.js:27177:32
 ❯ TransformPluginContext.transform node_modules/.pnpm/vite@7.3.1_@types+node@25.2_a52f0677b877553bd4d89f99f5dd7425/node_modules/vite/dist/node/chunks/config.js:27145:4
 ❯ EnvironmentPluginContainer.transform node_modules/.pnpm/vite@7.3.1_@types+node@25.2_a52f0677b877553bd4d89f99f5dd7425/node_modules/vite/dist/node/chunks/config.js:28797:14
 ❯ loadAndTransform node_modules/.pnpm/vite@7.3.1_@types+node@25.2_a52f0677b877553bd4d89f99f5dd7425/node_modules/vite/dist/node/chunks/config.js:22670:26

⎯⎯⎯⎯⎯⎯⎯⎯⎯⎯⎯⎯⎯⎯⎯⎯⎯⎯⎯⎯[181/204]⎯

 FAIL  tests/unit/3d/state/avatar-instance-state-settings.test.ts [ tests/unit/3d/state/avatar-instance-state-settings.test.ts ]
Error: Failed to resolve import "$lib/shared/3d/state/avatar-instance-state.svelte" from "tests/unit/3d/state/avatar-instance-state-settings.test.ts". Does the file exist?
  Plugin: vite:import-analysis
  File: E:/tka-platform/tests/unit/3d/state/avatar-instance-state-settings.test.ts:2:62
  1  |  import { describe, it, expect } from "vitest";
  2  |  import { createAvatarInstanceState, makeStandaloneDeps } from "$lib/shared/3d/state/avatar-instance-state.svelte";
     |                                                                 ^
  3  |  import { PropType } from "$lib/shared/pictograph/prop/domain/enums/PropType";
  4  |  function makeConfig() {
 ❯ TransformPluginContext._formatLog node_modules/.pnpm/vite@7.3.1_@types+node@25.2_a52f0677b877553bd4d89f99f5dd7425/node_modules/vite/dist/node/chunks/config.js:28999:43
 ❯ TransformPluginContext.error node_modules/.pnpm/vite@7.3.1_@types+node@25.2_a52f0677b877553bd4d89f99f5dd7425/node_modules/vite/dist/node/chunks/config.js:28996:14
 ❯ normalizeUrl node_modules/.pnpm/vite@7.3.1_@types+node@25.2_a52f0677b877553bd4d89f99f5dd7425/node_modules/vite/dist/node/chunks/config.js:27119:18
 ❯ node_modules/.pnpm/vite@7.3.1_@types+node@25.2_a52f0677b877553bd4d89f99f5dd7425/node_modules/vite/dist/node/chunks/config.js:27177:32
 ❯ TransformPluginContext.transform node_modules/.pnpm/vite@7.3.1_@types+node@25.2_a52f0677b877553bd4d89f99f5dd7425/node_modules/vite/dist/node/chunks/config.js:27145:4
 ❯ EnvironmentPluginContainer.transform node_modules/.pnpm/vite@7.3.1_@types+node@25.2_a52f0677b877553bd4d89f99f5dd7425/node_modules/vite/dist/node/chunks/config.js:28797:14
 ❯ loadAndTransform node_modules/.pnpm/vite@7.3.1_@types+node@25.2_a52f0677b877553bd4d89f99f5dd7425/node_modules/vite/dist/node/chunks/config.js:22670:26

⎯⎯⎯⎯⎯⎯⎯⎯⎯⎯⎯⎯⎯⎯⎯⎯⎯⎯⎯⎯[182/204]⎯

 FAIL  tests/unit/3d/state/performer-prop-resolution.test.ts [ tests/unit/3d/state/performer-prop-resolution.test.ts ]
Error: Failed to resolve import "$lib/shared/pictograph/prop/domain/enums/PropType" from "tests/unit/3d/state/performer-prop-resolution.test.ts". Does the file exist?
  Plugin: vite:import-analysis
  File: E:/tka-platform/tests/unit/3d/state/performer-prop-resolution.test.ts:2:25
  1  |  import { describe, it, expect } from "vitest";
  2  |  import { PropType } from "$lib/shared/pictograph/prop/domain/enums/PropType";
     |                            ^
  3  |  import { resolvePerformerProp } from "$lib/shared/3d/state/performer-prop-resolution";
  4  |  describe("resolvePerformerProp", () => {
 ❯ TransformPluginContext._formatLog node_modules/.pnpm/vite@7.3.1_@types+node@25.2_a52f0677b877553bd4d89f99f5dd7425/node_modules/vite/dist/node/chunks/config.js:28999:43
 ❯ TransformPluginContext.error node_modules/.pnpm/vite@7.3.1_@types+node@25.2_a52f0677b877553bd4d89f99f5dd7425/node_modules/vite/dist/node/chunks/config.js:28996:14
 ❯ normalizeUrl node_modules/.pnpm/vite@7.3.1_@types+node@25.2_a52f0677b877553bd4d89f99f5dd7425/node_modules/vite/dist/node/chunks/config.js:27119:18
 ❯ node_modules/.pnpm/vite@7.3.1_@types+node@25.2_a52f0677b877553bd4d89f99f5dd7425/node_modules/vite/dist/node/chunks/config.js:27177:32
 ❯ TransformPluginContext.transform node_modules/.pnpm/vite@7.3.1_@types+node@25.2_a52f0677b877553bd4d89f99f5dd7425/node_modules/vite/dist/node/chunks/config.js:27145:4
 ❯ EnvironmentPluginContainer.transform node_modules/.pnpm/vite@7.3.1_@types+node@25.2_a52f0677b877553bd4d89f99f5dd7425/node_modules/vite/dist/node/chunks/config.js:28797:14
 ❯ loadAndTransform node_modules/.pnpm/vite@7.3.1_@types+node@25.2_a52f0677b877553bd4d89f99f5dd7425/node_modules/vite/dist/node/chunks/config.js:22670:26

⎯⎯⎯⎯⎯⎯⎯⎯⎯⎯⎯⎯⎯⎯⎯⎯⎯⎯⎯⎯[183/204]⎯

 FAIL  tests/unit/3d/state/viewer-3d-state-effort-resolver-wiring.test.ts [ tests/unit/3d/state/viewer-3d-state-effort-resolver-wiring.test.ts ]
Error: Failed to resolve import "$lib/shared/3d/state/viewer-3d-state-effort-wiring" from "tests/unit/3d/state/viewer-3d-state-effort-resolver-wiring.test.ts". Does the file exist?
  Plugin: vite:import-analysis
  File: E:/tka-platform/tests/unit/3d/state/viewer-3d-state-effort-resolver-wiring.test.ts:2:47
  1  |  import { describe, it, expect, vi } from "vitest";
  2  |  import { installPerformerEffortResolver } from "$lib/shared/3d/state/viewer-3d-state-effort-wiring";
     |                                                  ^
  3  |  describe("installPerformerEffortResolver", () => {
  4  |    it("registers a resolver that looks up performer effort by id", () => {
 ❯ TransformPluginContext._formatLog node_modules/.pnpm/vite@7.3.1_@types+node@25.2_a52f0677b877553bd4d89f99f5dd7425/node_modules/vite/dist/node/chunks/config.js:28999:43
 ❯ TransformPluginContext.error node_modules/.pnpm/vite@7.3.1_@types+node@25.2_a52f0677b877553bd4d89f99f5dd7425/node_modules/vite/dist/node/chunks/config.js:28996:14
 ❯ normalizeUrl node_modules/.pnpm/vite@7.3.1_@types+node@25.2_a52f0677b877553bd4d89f99f5dd7425/node_modules/vite/dist/node/chunks/config.js:27119:18
 ❯ node_modules/.pnpm/vite@7.3.1_@types+node@25.2_a52f0677b877553bd4d89f99f5dd7425/node_modules/vite/dist/node/chunks/config.js:27177:32
 ❯ TransformPluginContext.transform node_modules/.pnpm/vite@7.3.1_@types+node@25.2_a52f0677b877553bd4d89f99f5dd7425/node_modules/vite/dist/node/chunks/config.js:27145:4
 ❯ EnvironmentPluginContainer.transform node_modules/.pnpm/vite@7.3.1_@types+node@25.2_a52f0677b877553bd4d89f99f5dd7425/node_modules/vite/dist/node/chunks/config.js:28797:14
 ❯ loadAndTransform node_modules/.pnpm/vite@7.3.1_@types+node@25.2_a52f0677b877553bd4d89f99f5dd7425/node_modules/vite/dist/node/chunks/config.js:22670:26

⎯⎯⎯⎯⎯⎯⎯⎯⎯⎯⎯⎯⎯⎯⎯⎯⎯⎯⎯⎯[184/204]⎯

 FAIL  tests/unit/3d/state/viewer-3d-state-popover-stack.test.ts [ tests/unit/3d/state/viewer-3d-state-popover-stack.test.ts ]
Error: Failed to resolve import "$lib/shared/3d/capabilities/webgl-capabilities" from "tests/unit/3d/state/viewer-3d-state-popover-stack.test.ts". Does the file exist?
  Plugin: vite:import-analysis
  File: E:/tka-platform/tests/unit/3d/state/viewer-3d-state-popover-stack.test.ts:3:48
  1  |  import { describe, it, expect, vi, beforeAll, afterEach } from "vitest";
  2  |  import { createViewer3DStateForTest } from "../../3d-viewer/viewer3d-test-helpers.svelte";
  3  |  import { __resetWebGL2CapabilityForTests } from "$lib/shared/3d/capabilities/webgl-capabilities";
     |                                                   ^
  4  |  beforeAll(() => {
  5  |    const originalCreateElement = document.createElement;
 ❯ TransformPluginContext._formatLog node_modules/.pnpm/vite@7.3.1_@types+node@25.2_a52f0677b877553bd4d89f99f5dd7425/node_modules/vite/dist/node/chunks/config.js:28999:43
 ❯ TransformPluginContext.error node_modules/.pnpm/vite@7.3.1_@types+node@25.2_a52f0677b877553bd4d89f99f5dd7425/node_modules/vite/dist/node/chunks/config.js:28996:14
 ❯ normalizeUrl node_modules/.pnpm/vite@7.3.1_@types+node@25.2_a52f0677b877553bd4d89f99f5dd7425/node_modules/vite/dist/node/chunks/config.js:27119:18
 ❯ node_modules/.pnpm/vite@7.3.1_@types+node@25.2_a52f0677b877553bd4d89f99f5dd7425/node_modules/vite/dist/node/chunks/config.js:27177:32
 ❯ TransformPluginContext.transform node_modules/.pnpm/vite@7.3.1_@types+node@25.2_a52f0677b877553bd4d89f99f5dd7425/node_modules/vite/dist/node/chunks/config.js:27145:4
 ❯ EnvironmentPluginContainer.transform node_modules/.pnpm/vite@7.3.1_@types+node@25.2_a52f0677b877553bd4d89f99f5dd7425/node_modules/vite/dist/node/chunks/config.js:28797:14
 ❯ loadAndTransform node_modules/.pnpm/vite@7.3.1_@types+node@25.2_a52f0677b877553bd4d89f99f5dd7425/node_modules/vite/dist/node/chunks/config.js:22670:26

⎯⎯⎯⎯⎯⎯⎯⎯⎯⎯⎯⎯⎯⎯⎯⎯⎯⎯⎯⎯[185/204]⎯

 FAIL  tests/unit/effects/compat/vm-shim.test.ts [ tests/unit/effects/compat/vm-shim.test.ts ]
Error: Failed to resolve import "$lib/shared/animation-engine/state/animation-visibility-state.svelte" from "tests/unit/effects/compat/vm-shim.test.ts". Does the file exist?
  Plugin: vite:import-analysis
  File: E:/tka-platform/tests/unit/effects/compat/vm-shim.test.ts:2:48
  1  |  import { describe, it, expect } from "vitest";
  2  |  import { AnimationVisibilityStateManager } from "$lib/shared/animation-engine/state/animation-visibility-state.svelte";
     |                                                   ^
  3  |  import { snapshotConfigFromVm, bindVmToEffectsConfig } from "$lib/shared/effects/compat/vm-shim";
  4  |  import { DEFAULT_EFFECTS_CONFIG } from "$lib/shared/effects/domain/defaults";
 ❯ TransformPluginContext._formatLog node_modules/.pnpm/vite@7.3.1_@types+node@25.2_a52f0677b877553bd4d89f99f5dd7425/node_modules/vite/dist/node/chunks/config.js:28999:43
 ❯ TransformPluginContext.error node_modules/.pnpm/vite@7.3.1_@types+node@25.2_a52f0677b877553bd4d89f99f5dd7425/node_modules/vite/dist/node/chunks/config.js:28996:14
 ❯ normalizeUrl node_modules/.pnpm/vite@7.3.1_@types+node@25.2_a52f0677b877553bd4d89f99f5dd7425/node_modules/vite/dist/node/chunks/config.js:27119:18
 ❯ node_modules/.pnpm/vite@7.3.1_@types+node@25.2_a52f0677b877553bd4d89f99f5dd7425/node_modules/vite/dist/node/chunks/config.js:27177:32
 ❯ TransformPluginContext.transform node_modules/.pnpm/vite@7.3.1_@types+node@25.2_a52f0677b877553bd4d89f99f5dd7425/node_modules/vite/dist/node/chunks/config.js:27145:4
 ❯ EnvironmentPluginContainer.transform node_modules/.pnpm/vite@7.3.1_@types+node@25.2_a52f0677b877553bd4d89f99f5dd7425/node_modules/vite/dist/node/chunks/config.js:28797:14
 ❯ loadAndTransform node_modules/.pnpm/vite@7.3.1_@types+node@25.2_a52f0677b877553bd4d89f99f5dd7425/node_modules/vite/dist/node/chunks/config.js:22670:26

⎯⎯⎯⎯⎯⎯⎯⎯⎯⎯⎯⎯⎯⎯⎯⎯⎯⎯⎯⎯[186/204]⎯

 FAIL  tests/unit/effects/state/effects-config-state.test.ts [ tests/unit/effects/state/effects-config-state.test.ts ]
Error: Failed to resolve import "$lib/shared/effects/state/effects-config-state.svelte" from "tests/unit/effects/state/effects-config-state.test.ts". Does the file exist?
  Plugin: vite:import-analysis
  File: E:/tka-platform/tests/unit/effects/state/effects-config-state.test.ts:2:41
  1  |  import { describe, it, expect } from "vitest";
  2  |  import { createEffectsConfigState } from "$lib/shared/effects/state/effects-config-state.svelte";
     |                                            ^
  3  |  import { DEFAULT_EFFECTS_CONFIG } from "$lib/shared/effects/domain/defaults";
  4  |  import { BUILT_IN_TRAIL_PRESETS } from "$lib/shared/effects/domain/presets/built-in-trail-presets";
 ❯ TransformPluginContext._formatLog node_modules/.pnpm/vite@7.3.1_@types+node@25.2_a52f0677b877553bd4d89f99f5dd7425/node_modules/vite/dist/node/chunks/config.js:28999:43
 ❯ TransformPluginContext.error node_modules/.pnpm/vite@7.3.1_@types+node@25.2_a52f0677b877553bd4d89f99f5dd7425/node_modules/vite/dist/node/chunks/config.js:28996:14
 ❯ normalizeUrl node_modules/.pnpm/vite@7.3.1_@types+node@25.2_a52f0677b877553bd4d89f99f5dd7425/node_modules/vite/dist/node/chunks/config.js:27119:18
 ❯ node_modules/.pnpm/vite@7.3.1_@types+node@25.2_a52f0677b877553bd4d89f99f5dd7425/node_modules/vite/dist/node/chunks/config.js:27177:32
 ❯ TransformPluginContext.transform node_modules/.pnpm/vite@7.3.1_@types+node@25.2_a52f0677b877553bd4d89f99f5dd7425/node_modules/vite/dist/node/chunks/config.js:27145:4
 ❯ EnvironmentPluginContainer.transform node_modules/.pnpm/vite@7.3.1_@types+node@25.2_a52f0677b877553bd4d89f99f5dd7425/node_modules/vite/dist/node/chunks/config.js:28797:14
 ❯ loadAndTransform node_modules/.pnpm/vite@7.3.1_@types+node@25.2_a52f0677b877553bd4d89f99f5dd7425/node_modules/vite/dist/node/chunks/config.js:22670:26

⎯⎯⎯⎯⎯⎯⎯⎯⎯⎯⎯⎯⎯⎯⎯⎯⎯⎯⎯⎯[187/204]⎯

 FAIL  tests/unit/effects/domain/default-config.test.ts [ tests/unit/effects/domain/default-config.test.ts ]
Error: Failed to resolve import "$lib/shared/effects/domain/defaults" from "tests/unit/effects/domain/default-config.test.ts". Does the file exist?
  Plugin: vite:import-analysis
  File: E:/tka-platform/tests/unit/effects/domain/default-config.test.ts:2:39
  1  |  import { describe, it, expect } from "vitest";
  2  |  import { DEFAULT_EFFECTS_CONFIG } from "$lib/shared/effects/domain/defaults";
     |                                          ^
  3  |  import { EFFECTS_CONFIG_VERSION } from "$lib/shared/effects/domain/EffectsConfig";
  4  |  describe("DEFAULT_EFFECTS_CONFIG", () => {
 ❯ TransformPluginContext._formatLog node_modules/.pnpm/vite@7.3.1_@types+node@25.2_a52f0677b877553bd4d89f99f5dd7425/node_modules/vite/dist/node/chunks/config.js:28999:43
 ❯ TransformPluginContext.error node_modules/.pnpm/vite@7.3.1_@types+node@25.2_a52f0677b877553bd4d89f99f5dd7425/node_modules/vite/dist/node/chunks/config.js:28996:14
 ❯ normalizeUrl node_modules/.pnpm/vite@7.3.1_@types+node@25.2_a52f0677b877553bd4d89f99f5dd7425/node_modules/vite/dist/node/chunks/config.js:27119:18
 ❯ node_modules/.pnpm/vite@7.3.1_@types+node@25.2_a52f0677b877553bd4d89f99f5dd7425/node_modules/vite/dist/node/chunks/config.js:27177:32
 ❯ TransformPluginContext.transform node_modules/.pnpm/vite@7.3.1_@types+node@25.2_a52f0677b877553bd4d89f99f5dd7425/node_modules/vite/dist/node/chunks/config.js:27145:4
 ❯ EnvironmentPluginContainer.transform node_modules/.pnpm/vite@7.3.1_@types+node@25.2_a52f0677b877553bd4d89f99f5dd7425/node_modules/vite/dist/node/chunks/config.js:28797:14
 ❯ loadAndTransform node_modules/.pnpm/vite@7.3.1_@types+node@25.2_a52f0677b877553bd4d89f99f5dd7425/node_modules/vite/dist/node/chunks/config.js:22670:26

⎯⎯⎯⎯⎯⎯⎯⎯⎯⎯⎯⎯⎯⎯⎯⎯⎯⎯⎯⎯[188/204]⎯

 FAIL  tests/unit/effects/domain/preset-patches.test.ts [ tests/unit/effects/domain/preset-patches.test.ts ]
Error: Failed to resolve import "$lib/shared/effects/domain/presets/built-in-trail-presets" from "tests/unit/effects/domain/preset-patches.test.ts". Does the file exist?
  Plugin: vite:import-analysis
  File: E:/tka-platform/tests/unit/effects/domain/preset-patches.test.ts:2:39
  1  |  import { describe, it, expect } from "vitest";
  2  |  import { BUILT_IN_TRAIL_PRESETS } from "$lib/shared/effects/domain/presets/built-in-trail-presets";
     |                                          ^
  3  |  import { BUILT_IN_FIRE_PRESETS } from "$lib/shared/effects/domain/presets/built-in-fire-presets";
  4  |  import { BUILT_IN_LED_PRESETS } from "$lib/shared/effects/domain/presets/built-in-led-presets";
 ❯ TransformPluginContext._formatLog node_modules/.pnpm/vite@7.3.1_@types+node@25.2_a52f0677b877553bd4d89f99f5dd7425/node_modules/vite/dist/node/chunks/config.js:28999:43
 ❯ TransformPluginContext.error node_modules/.pnpm/vite@7.3.1_@types+node@25.2_a52f0677b877553bd4d89f99f5dd7425/node_modules/vite/dist/node/chunks/config.js:28996:14
 ❯ normalizeUrl node_modules/.pnpm/vite@7.3.1_@types+node@25.2_a52f0677b877553bd4d89f99f5dd7425/node_modules/vite/dist/node/chunks/config.js:27119:18
 ❯ node_modules/.pnpm/vite@7.3.1_@types+node@25.2_a52f0677b877553bd4d89f99f5dd7425/node_modules/vite/dist/node/chunks/config.js:27177:32
 ❯ TransformPluginContext.transform node_modules/.pnpm/vite@7.3.1_@types+node@25.2_a52f0677b877553bd4d89f99f5dd7425/node_modules/vite/dist/node/chunks/config.js:27145:4
 ❯ EnvironmentPluginContainer.transform node_modules/.pnpm/vite@7.3.1_@types+node@25.2_a52f0677b877553bd4d89f99f5dd7425/node_modules/vite/dist/node/chunks/config.js:28797:14
 ❯ loadAndTransform node_modules/.pnpm/vite@7.3.1_@types+node@25.2_a52f0677b877553bd4d89f99f5dd7425/node_modules/vite/dist/node/chunks/config.js:22670:26

⎯⎯⎯⎯⎯⎯⎯⎯⎯⎯⎯⎯⎯⎯⎯⎯⎯⎯⎯⎯[189/204]⎯

 FAIL  tests/unit/effects/translators/canvas2d-translator.test.ts [ tests/unit/effects/translators/canvas2d-translator.test.ts ]
Error: Failed to resolve import "$lib/shared/effects/translators/canvas2d-translator" from "tests/unit/effects/translators/canvas2d-translator.test.ts". Does the file exist?
  Plugin: vite:import-analysis
  File: E:/tka-platform/tests/unit/effects/translators/canvas2d-translator.test.ts:7:7
  5  |    resolveLed2D,
  6  |    resolveCharcoal2D
  7  |  } from "$lib/shared/effects/translators/canvas2d-translator";
     |          ^
  8  |  import { DEFAULT_EFFECTS_CONFIG } from "$lib/shared/effects/domain/defaults";
  9  |  describe("resolveTrails2D", () => {
 ❯ TransformPluginContext._formatLog node_modules/.pnpm/vite@7.3.1_@types+node@25.2_a52f0677b877553bd4d89f99f5dd7425/node_modules/vite/dist/node/chunks/config.js:28999:43
 ❯ TransformPluginContext.error node_modules/.pnpm/vite@7.3.1_@types+node@25.2_a52f0677b877553bd4d89f99f5dd7425/node_modules/vite/dist/node/chunks/config.js:28996:14
 ❯ normalizeUrl node_modules/.pnpm/vite@7.3.1_@types+node@25.2_a52f0677b877553bd4d89f99f5dd7425/node_modules/vite/dist/node/chunks/config.js:27119:18
 ❯ node_modules/.pnpm/vite@7.3.1_@types+node@25.2_a52f0677b877553bd4d89f99f5dd7425/node_modules/vite/dist/node/chunks/config.js:27177:32
 ❯ TransformPluginContext.transform node_modules/.pnpm/vite@7.3.1_@types+node@25.2_a52f0677b877553bd4d89f99f5dd7425/node_modules/vite/dist/node/chunks/config.js:27145:4
 ❯ EnvironmentPluginContainer.transform node_modules/.pnpm/vite@7.3.1_@types+node@25.2_a52f0677b877553bd4d89f99f5dd7425/node_modules/vite/dist/node/chunks/config.js:28797:14
 ❯ loadAndTransform node_modules/.pnpm/vite@7.3.1_@types+node@25.2_a52f0677b877553bd4d89f99f5dd7425/node_modules/vite/dist/node/chunks/config.js:22670:26

⎯⎯⎯⎯⎯⎯⎯⎯⎯⎯⎯⎯⎯⎯⎯⎯⎯⎯⎯⎯[190/204]⎯

 FAIL  tests/unit/effects/translators/webgl3d-translator.test.ts [ tests/unit/effects/translators/webgl3d-translator.test.ts ]
Error: Failed to resolve import "$lib/shared/effects/translators/webgl3d-translator" from "tests/unit/effects/translators/webgl3d-translator.test.ts". Does the file exist?
  Plugin: vite:import-analysis
  File: E:/tka-platform/tests/unit/effects/translators/webgl3d-translator.test.ts:7:7
  5  |    resolveLed3D,
  6  |    resolveCharcoal3D
  7  |  } from "$lib/shared/effects/translators/webgl3d-translator";
     |          ^
  8  |  import { DEFAULT_EFFECTS_CONFIG } from "$lib/shared/effects/domain/defaults";
  9  |  describe("resolveTrails3D", () => {
 ❯ TransformPluginContext._formatLog node_modules/.pnpm/vite@7.3.1_@types+node@25.2_a52f0677b877553bd4d89f99f5dd7425/node_modules/vite/dist/node/chunks/config.js:28999:43
 ❯ TransformPluginContext.error node_modules/.pnpm/vite@7.3.1_@types+node@25.2_a52f0677b877553bd4d89f99f5dd7425/node_modules/vite/dist/node/chunks/config.js:28996:14
 ❯ normalizeUrl node_modules/.pnpm/vite@7.3.1_@types+node@25.2_a52f0677b877553bd4d89f99f5dd7425/node_modules/vite/dist/node/chunks/config.js:27119:18
 ❯ node_modules/.pnpm/vite@7.3.1_@types+node@25.2_a52f0677b877553bd4d89f99f5dd7425/node_modules/vite/dist/node/chunks/config.js:27177:32
 ❯ TransformPluginContext.transform node_modules/.pnpm/vite@7.3.1_@types+node@25.2_a52f0677b877553bd4d89f99f5dd7425/node_modules/vite/dist/node/chunks/config.js:27145:4
 ❯ EnvironmentPluginContainer.transform node_modules/.pnpm/vite@7.3.1_@types+node@25.2_a52f0677b877553bd4d89f99f5dd7425/node_modules/vite/dist/node/chunks/config.js:28797:14
 ❯ loadAndTransform node_modules/.pnpm/vite@7.3.1_@types+node@25.2_a52f0677b877553bd4d89f99f5dd7425/node_modules/vite/dist/node/chunks/config.js:22670:26

⎯⎯⎯⎯⎯⎯⎯⎯⎯⎯⎯⎯⎯⎯⎯⎯⎯⎯⎯⎯[191/204]⎯

 FAIL  tests/unit/effects/translators/zap-translator.test.ts [ tests/unit/effects/translators/zap-translator.test.ts ]
Error: Failed to resolve import "$lib/shared/3d/effects/ink/InkPalettes" from "src/lib/shared/effects/translators/canvas2d-translator.ts". Does the file exist?
  Plugin: vite:import-analysis
  File: E:/tka-platform/src/lib/shared/effects/translators/canvas2d-translator.ts:41:34
  3  |  import { resolvePetalPalette } from "../domain/PetalPalettes";
  4  |  import { resolveSmokePalette } from "../domain/SmokePalettes";
  5  |  import { resolveInkPalette } from "$lib/shared/3d/effects/ink/InkPalettes";
     |                                     ^
  6  |  import { resolveFrostPalette } from "../domain/FrostPalettes";
  7  |  import { resolveSilkPalette } from "../domain/SilkPalettes";
 ❯ TransformPluginContext._formatLog node_modules/.pnpm/vite@7.3.1_@types+node@25.2_a52f0677b877553bd4d89f99f5dd7425/node_modules/vite/dist/node/chunks/config.js:28999:43
 ❯ TransformPluginContext.error node_modules/.pnpm/vite@7.3.1_@types+node@25.2_a52f0677b877553bd4d89f99f5dd7425/node_modules/vite/dist/node/chunks/config.js:28996:14
 ❯ normalizeUrl node_modules/.pnpm/vite@7.3.1_@types+node@25.2_a52f0677b877553bd4d89f99f5dd7425/node_modules/vite/dist/node/chunks/config.js:27119:18
 ❯ node_modules/.pnpm/vite@7.3.1_@types+node@25.2_a52f0677b877553bd4d89f99f5dd7425/node_modules/vite/dist/node/chunks/config.js:27177:32
 ❯ TransformPluginContext.transform node_modules/.pnpm/vite@7.3.1_@types+node@25.2_a52f0677b877553bd4d89f99f5dd7425/node_modules/vite/dist/node/chunks/config.js:27145:4
 ❯ EnvironmentPluginContainer.transform node_modules/.pnpm/vite@7.3.1_@types+node@25.2_a52f0677b877553bd4d89f99f5dd7425/node_modules/vite/dist/node/chunks/config.js:28797:14
 ❯ loadAndTransform node_modules/.pnpm/vite@7.3.1_@types+node@25.2_a52f0677b877553bd4d89f99f5dd7425/node_modules/vite/dist/node/chunks/config.js:22670:26

⎯⎯⎯⎯⎯⎯⎯⎯⎯⎯⎯⎯⎯⎯⎯⎯⎯⎯⎯⎯[192/204]⎯

 FAIL  tests/unit/loop-labeler/detection/apply-strict-prefix.test.ts [ tests/unit/loop-labeler/detection/apply-strict-prefix.test.ts ]
Error: Failed to resolve import "$lib/features/loop-labeler/services/detection/apply-strict-prefix" from "tests/unit/loop-labeler/detection/apply-strict-prefix.test.ts". Does the file exist?
  Plugin: vite:import-analysis
  File: E:/tka-platform/tests/unit/loop-labeler/detection/apply-strict-prefix.test.ts:2:34
  1  |  import { describe, it, expect } from "vitest";
  2  |  import { applyStrictPrefix } from "$lib/features/loop-labeler/services/detection/apply-strict-prefix";
     |                                     ^
  3  |  import { LOOP_TYPE_DEFINITIONS } from "$lib/features/loop-labeler/domain/constants/loop-type-definitions";
  4  |  const rotatedDef = LOOP_TYPE_DEFINITIONS.find((d) => d.id === "rotated");
 ❯ TransformPluginContext._formatLog node_modules/.pnpm/vite@7.3.1_@types+node@25.2_a52f0677b877553bd4d89f99f5dd7425/node_modules/vite/dist/node/chunks/config.js:28999:43
 ❯ TransformPluginContext.error node_modules/.pnpm/vite@7.3.1_@types+node@25.2_a52f0677b877553bd4d89f99f5dd7425/node_modules/vite/dist/node/chunks/config.js:28996:14
 ❯ normalizeUrl node_modules/.pnpm/vite@7.3.1_@types+node@25.2_a52f0677b877553bd4d89f99f5dd7425/node_modules/vite/dist/node/chunks/config.js:27119:18
 ❯ node_modules/.pnpm/vite@7.3.1_@types+node@25.2_a52f0677b877553bd4d89f99f5dd7425/node_modules/vite/dist/node/chunks/config.js:27177:32
 ❯ TransformPluginContext.transform node_modules/.pnpm/vite@7.3.1_@types+node@25.2_a52f0677b877553bd4d89f99f5dd7425/node_modules/vite/dist/node/chunks/config.js:27145:4
 ❯ EnvironmentPluginContainer.transform node_modules/.pnpm/vite@7.3.1_@types+node@25.2_a52f0677b877553bd4d89f99f5dd7425/node_modules/vite/dist/node/chunks/config.js:28797:14
 ❯ loadAndTransform node_modules/.pnpm/vite@7.3.1_@types+node@25.2_a52f0677b877553bd4d89f99f5dd7425/node_modules/vite/dist/node/chunks/config.js:22670:26

⎯⎯⎯⎯⎯⎯⎯⎯⎯⎯⎯⎯⎯⎯⎯⎯⎯⎯⎯⎯[193/204]⎯

 FAIL  tests/unit/loop-labeler/detection/build-candidates.test.ts [ tests/unit/loop-labeler/detection/build-candidates.test.ts ]
Error: Failed to resolve import "$lib/features/loop-labeler/services/detection/build-candidates" from "tests/unit/loop-labeler/detection/build-candidates.test.ts". Does the file exist?
  Plugin: vite:import-analysis
  File: E:/tka-platform/tests/unit/loop-labeler/detection/build-candidates.test.ts:2:32
  1  |  import { describe, it, expect } from "vitest";
  2  |  import { buildCandidates } from "$lib/features/loop-labeler/services/detection/build-candidates";
     |                                   ^
  3  |  import { LOOP_TYPE_DEFINITIONS } from "$lib/features/loop-labeler/domain/constants/loop-type-definitions";
  4  |  const rotatedDef = LOOP_TYPE_DEFINITIONS.find((d) => d.id === "rotated");
 ❯ TransformPluginContext._formatLog node_modules/.pnpm/vite@7.3.1_@types+node@25.2_a52f0677b877553bd4d89f99f5dd7425/node_modules/vite/dist/node/chunks/config.js:28999:43
 ❯ TransformPluginContext.error node_modules/.pnpm/vite@7.3.1_@types+node@25.2_a52f0677b877553bd4d89f99f5dd7425/node_modules/vite/dist/node/chunks/config.js:28996:14
 ❯ normalizeUrl node_modules/.pnpm/vite@7.3.1_@types+node@25.2_a52f0677b877553bd4d89f99f5dd7425/node_modules/vite/dist/node/chunks/config.js:27119:18
 ❯ node_modules/.pnpm/vite@7.3.1_@types+node@25.2_a52f0677b877553bd4d89f99f5dd7425/node_modules/vite/dist/node/chunks/config.js:27177:32
 ❯ TransformPluginContext.transform node_modules/.pnpm/vite@7.3.1_@types+node@25.2_a52f0677b877553bd4d89f99f5dd7425/node_modules/vite/dist/node/chunks/config.js:27145:4
 ❯ EnvironmentPluginContainer.transform node_modules/.pnpm/vite@7.3.1_@types+node@25.2_a52f0677b877553bd4d89f99f5dd7425/node_modules/vite/dist/node/chunks/config.js:28797:14
 ❯ loadAndTransform node_modules/.pnpm/vite@7.3.1_@types+node@25.2_a52f0677b877553bd4d89f99f5dd7425/node_modules/vite/dist/node/chunks/config.js:22670:26

⎯⎯⎯⎯⎯⎯⎯⎯⎯⎯⎯⎯⎯⎯⎯⎯⎯⎯⎯⎯[194/204]⎯

 FAIL  tests/unit/loop-labeler/detection/detect-uniform-pattern.test.ts [ tests/unit/loop-labeler/detection/detect-uniform-pattern.test.ts ]
Error: Failed to resolve import "$lib/features/loop-labeler/services/detection" from "tests/unit/loop-labeler/detection/detect-uniform-pattern.test.ts". Does the file exist?
  Plugin: vite:import-analysis
  File: E:/tka-platform/tests/unit/loop-labeler/detection/detect-uniform-pattern.test.ts:2:37
  1  |  import { describe, it, expect } from "vitest";
  2  |  import { detectUniformPattern } from "$lib/features/loop-labeler/services/detection";
     |                                        ^
  3  |  import { stepComparisonOrchestrator } from "$lib/features/loop-labeler/services/comparison/StepComparisonOrchestrator";
  4  |  function makeStep(num, bs, be, bm, bp, rs, re, rm, rp) {
 ❯ TransformPluginContext._formatLog node_modules/.pnpm/vite@7.3.1_@types+node@25.2_a52f0677b877553bd4d89f99f5dd7425/node_modules/vite/dist/node/chunks/config.js:28999:43
 ❯ TransformPluginContext.error node_modules/.pnpm/vite@7.3.1_@types+node@25.2_a52f0677b877553bd4d89f99f5dd7425/node_modules/vite/dist/node/chunks/config.js:28996:14
 ❯ normalizeUrl node_modules/.pnpm/vite@7.3.1_@types+node@25.2_a52f0677b877553bd4d89f99f5dd7425/node_modules/vite/dist/node/chunks/config.js:27119:18
 ❯ node_modules/.pnpm/vite@7.3.1_@types+node@25.2_a52f0677b877553bd4d89f99f5dd7425/node_modules/vite/dist/node/chunks/config.js:27177:32
 ❯ TransformPluginContext.transform node_modules/.pnpm/vite@7.3.1_@types+node@25.2_a52f0677b877553bd4d89f99f5dd7425/node_modules/vite/dist/node/chunks/config.js:27145:4
 ❯ EnvironmentPluginContainer.transform node_modules/.pnpm/vite@7.3.1_@types+node@25.2_a52f0677b877553bd4d89f99f5dd7425/node_modules/vite/dist/node/chunks/config.js:28797:14
 ❯ loadAndTransform node_modules/.pnpm/vite@7.3.1_@types+node@25.2_a52f0677b877553bd4d89f99f5dd7425/node_modules/vite/dist/node/chunks/config.js:22670:26

⎯⎯⎯⎯⎯⎯⎯⎯⎯⎯⎯⎯⎯⎯⎯⎯⎯⎯⎯⎯[195/204]⎯

 FAIL  tests/unit/loop-labeler/detection/loop-type-definitions.test.ts [ tests/unit/loop-labeler/detection/loop-type-definitions.test.ts ]
Error: Failed to resolve import "$lib/features/loop-labeler/domain/constants/loop-type-definitions" from "tests/unit/loop-labeler/detection/loop-type-definitions.test.ts". Does the file exist?
  Plugin: vite:import-analysis
  File: E:/tka-platform/tests/unit/loop-labeler/detection/loop-type-definitions.test.ts:5:7
  3  |    LOOP_TYPE_DEFINITIONS,
  4  |    ALL_DEFINITION_TARGETS
  5  |  } from "$lib/features/loop-labeler/domain/constants/loop-type-definitions";
     |          ^
  6  |  import { TRANSFORMATION_PRIORITY } from "$lib/features/loop-labeler/domain/constants/transformation-priority";
  7  |  describe("LOOP_TYPE_DEFINITIONS", () => {
 ❯ TransformPluginContext._formatLog node_modules/.pnpm/vite@7.3.1_@types+node@25.2_a52f0677b877553bd4d89f99f5dd7425/node_modules/vite/dist/node/chunks/config.js:28999:43
 ❯ TransformPluginContext.error node_modules/.pnpm/vite@7.3.1_@types+node@25.2_a52f0677b877553bd4d89f99f5dd7425/node_modules/vite/dist/node/chunks/config.js:28996:14
 ❯ normalizeUrl node_modules/.pnpm/vite@7.3.1_@types+node@25.2_a52f0677b877553bd4d89f99f5dd7425/node_modules/vite/dist/node/chunks/config.js:27119:18
 ❯ node_modules/.pnpm/vite@7.3.1_@types+node@25.2_a52f0677b877553bd4d89f99f5dd7425/node_modules/vite/dist/node/chunks/config.js:27177:32
 ❯ TransformPluginContext.transform node_modules/.pnpm/vite@7.3.1_@types+node@25.2_a52f0677b877553bd4d89f99f5dd7425/node_modules/vite/dist/node/chunks/config.js:27145:4
 ❯ EnvironmentPluginContainer.transform node_modules/.pnpm/vite@7.3.1_@types+node@25.2_a52f0677b877553bd4d89f99f5dd7425/node_modules/vite/dist/node/chunks/config.js:28797:14
 ❯ loadAndTransform node_modules/.pnpm/vite@7.3.1_@types+node@25.2_a52f0677b877553bd4d89f99f5dd7425/node_modules/vite/dist/node/chunks/config.js:22670:26

⎯⎯⎯⎯⎯⎯⎯⎯⎯⎯⎯⎯⎯⎯⎯⎯⎯⎯⎯⎯[196/204]⎯

 FAIL  tests/unit/loop-labeler/detection/merge-intervals.test.ts [ tests/unit/loop-labeler/detection/merge-intervals.test.ts ]
Error: Failed to resolve import "$lib/features/loop-labeler/services/detection/merge-intervals" from "tests/unit/loop-labeler/detection/merge-intervals.test.ts". Does the file exist?
  Plugin: vite:import-analysis
  File: E:/tka-platform/tests/unit/loop-labeler/detection/merge-intervals.test.ts:2:31
  1  |  import { describe, it, expect } from "vitest";
  2  |  import { mergeIntervals } from "$lib/features/loop-labeler/services/detection/merge-intervals";
     |                                  ^
  3  |  import { LOOP_TYPE_DEFINITIONS } from "$lib/features/loop-labeler/domain/constants/loop-type-definitions";
  4  |  const rotatedDef = LOOP_TYPE_DEFINITIONS.find((d) => d.id === "rotated");
 ❯ TransformPluginContext._formatLog node_modules/.pnpm/vite@7.3.1_@types+node@25.2_a52f0677b877553bd4d89f99f5dd7425/node_modules/vite/dist/node/chunks/config.js:28999:43
 ❯ TransformPluginContext.error node_modules/.pnpm/vite@7.3.1_@types+node@25.2_a52f0677b877553bd4d89f99f5dd7425/node_modules/vite/dist/node/chunks/config.js:28996:14
 ❯ normalizeUrl node_modules/.pnpm/vite@7.3.1_@types+node@25.2_a52f0677b877553bd4d89f99f5dd7425/node_modules/vite/dist/node/chunks/config.js:27119:18
 ❯ node_modules/.pnpm/vite@7.3.1_@types+node@25.2_a52f0677b877553bd4d89f99f5dd7425/node_modules/vite/dist/node/chunks/config.js:27177:32
 ❯ TransformPluginContext.transform node_modules/.pnpm/vite@7.3.1_@types+node@25.2_a52f0677b877553bd4d89f99f5dd7425/node_modules/vite/dist/node/chunks/config.js:27145:4
 ❯ EnvironmentPluginContainer.transform node_modules/.pnpm/vite@7.3.1_@types+node@25.2_a52f0677b877553bd4d89f99f5dd7425/node_modules/vite/dist/node/chunks/config.js:28797:14
 ❯ loadAndTransform node_modules/.pnpm/vite@7.3.1_@types+node@25.2_a52f0677b877553bd4d89f99f5dd7425/node_modules/vite/dist/node/chunks/config.js:22670:26

⎯⎯⎯⎯⎯⎯⎯⎯⎯⎯⎯⎯⎯⎯⎯⎯⎯⎯⎯⎯[197/204]⎯

 FAIL  tests/unit/loop-labeler/detection/run-unanimity-checks.test.ts [ tests/unit/loop-labeler/detection/run-unanimity-checks.test.ts ]
Error: Failed to resolve import "$lib/features/loop-labeler/services/detection/run-unanimity-checks" from "tests/unit/loop-labeler/detection/run-unanimity-checks.test.ts". Does the file exist?
  Plugin: vite:import-analysis
  File: E:/tka-platform/tests/unit/loop-labeler/detection/run-unanimity-checks.test.ts:2:35
  1  |  import { describe, it, expect } from "vitest";
  2  |  import { runUnanimityChecks } from "$lib/features/loop-labeler/services/detection/run-unanimity-checks";
     |                                      ^
  3  |  import { LOOP_TYPE_DEFINITIONS } from "$lib/features/loop-labeler/domain/constants/loop-type-definitions";
  4  |  function makeMatrix(halved, quartered = {}) {
 ❯ TransformPluginContext._formatLog node_modules/.pnpm/vite@7.3.1_@types+node@25.2_a52f0677b877553bd4d89f99f5dd7425/node_modules/vite/dist/node/chunks/config.js:28999:43
 ❯ TransformPluginContext.error node_modules/.pnpm/vite@7.3.1_@types+node@25.2_a52f0677b877553bd4d89f99f5dd7425/node_modules/vite/dist/node/chunks/config.js:28996:14
 ❯ normalizeUrl node_modules/.pnpm/vite@7.3.1_@types+node@25.2_a52f0677b877553bd4d89f99f5dd7425/node_modules/vite/dist/node/chunks/config.js:27119:18
 ❯ node_modules/.pnpm/vite@7.3.1_@types+node@25.2_a52f0677b877553bd4d89f99f5dd7425/node_modules/vite/dist/node/chunks/config.js:27177:32
 ❯ TransformPluginContext.transform node_modules/.pnpm/vite@7.3.1_@types+node@25.2_a52f0677b877553bd4d89f99f5dd7425/node_modules/vite/dist/node/chunks/config.js:27145:4
 ❯ EnvironmentPluginContainer.transform node_modules/.pnpm/vite@7.3.1_@types+node@25.2_a52f0677b877553bd4d89f99f5dd7425/node_modules/vite/dist/node/chunks/config.js:28797:14
 ❯ loadAndTransform node_modules/.pnpm/vite@7.3.1_@types+node@25.2_a52f0677b877553bd4d89f99f5dd7425/node_modules/vite/dist/node/chunks/config.js:22670:26

⎯⎯⎯⎯⎯⎯⎯⎯⎯⎯⎯⎯⎯⎯⎯⎯⎯⎯⎯⎯[198/204]⎯

 FAIL  tests/unit/pictograph/tka-glyph/turn-tuple-parser.test.ts [ tests/unit/pictograph/tka-glyph/turn-tuple-parser.test.ts ]
Error: Failed to resolve import "$lib/shared/pictograph/tka-glyph/utils/turn-tuple-parser" from "tests/unit/pictograph/tka-glyph/turn-tuple-parser.test.ts". Does the file exist?
  Plugin: vite:import-analysis
  File: E:/tka-platform/tests/unit/pictograph/tka-glyph/turn-tuple-parser.test.ts:2:32
  1  |  import { describe, it, expect } from "vitest";
  2  |  import { parseTurnsTuple } from "$lib/shared/pictograph/tka-glyph/utils/turn-tuple-parser";
     |                                   ^
  3  |  import { TurnsTupleGenerator } from "$lib/shared/pictograph/arrow/positioning/placement/services/implementations/Turn...
  4  |  import { createMotionData } from "$lib/shared/pictograph/shared/domain/models/MotionData";
 ❯ TransformPluginContext._formatLog node_modules/.pnpm/vite@7.3.1_@types+node@25.2_a52f0677b877553bd4d89f99f5dd7425/node_modules/vite/dist/node/chunks/config.js:28999:43
 ❯ TransformPluginContext.error node_modules/.pnpm/vite@7.3.1_@types+node@25.2_a52f0677b877553bd4d89f99f5dd7425/node_modules/vite/dist/node/chunks/config.js:28996:14
 ❯ normalizeUrl node_modules/.pnpm/vite@7.3.1_@types+node@25.2_a52f0677b877553bd4d89f99f5dd7425/node_modules/vite/dist/node/chunks/config.js:27119:18
 ❯ node_modules/.pnpm/vite@7.3.1_@types+node@25.2_a52f0677b877553bd4d89f99f5dd7425/node_modules/vite/dist/node/chunks/config.js:27177:32
 ❯ TransformPluginContext.transform node_modules/.pnpm/vite@7.3.1_@types+node@25.2_a52f0677b877553bd4d89f99f5dd7425/node_modules/vite/dist/node/chunks/config.js:27145:4
 ❯ EnvironmentPluginContainer.transform node_modules/.pnpm/vite@7.3.1_@types+node@25.2_a52f0677b877553bd4d89f99f5dd7425/node_modules/vite/dist/node/chunks/config.js:28797:14
 ❯ loadAndTransform node_modules/.pnpm/vite@7.3.1_@types+node@25.2_a52f0677b877553bd4d89f99f5dd7425/node_modules/vite/dist/node/chunks/config.js:22670:26

⎯⎯⎯⎯⎯⎯⎯⎯⎯⎯⎯⎯⎯⎯⎯⎯⎯⎯⎯⎯[199/204]⎯

 FAIL  tests/unit/shared/firestore/firestore-crud.test.ts [ tests/unit/shared/firestore/firestore-crud.test.ts ]
Error: Failed to resolve import "$lib/shared/offline/state/sync-status-state.svelte" from "tests/unit/shared/firestore/firestore-crud.test.ts". Does the file exist?
  Plugin: vite:import-analysis
  File: E:/tka-platform/tests/unit/shared/firestore/firestore-crud.test.ts:55:0
  26 |  const __vi_import_0__ = await import("zod");
  27 |  const __vi_import_1__ = await import("../../../../src/lib/shared/firestore/firestore-crud");
  28 |  const __vi_import_2__ = await import("$lib/shared/offline/state/sync-status-state.svelte");
     |                                       ^
  29 |  import { describe, it, expect, vi, beforeEach } from "vitest";
  30 |  
 ❯ TransformPluginContext._formatLog node_modules/.pnpm/vite@7.3.1_@types+node@25.2_a52f0677b877553bd4d89f99f5dd7425/node_modules/vite/dist/node/chunks/config.js:28999:43
 ❯ TransformPluginContext.error node_modules/.pnpm/vite@7.3.1_@types+node@25.2_a52f0677b877553bd4d89f99f5dd7425/node_modules/vite/dist/node/chunks/config.js:28996:14
 ❯ normalizeUrl node_modules/.pnpm/vite@7.3.1_@types+node@25.2_a52f0677b877553bd4d89f99f5dd7425/node_modules/vite/dist/node/chunks/config.js:27119:18
 ❯ node_modules/.pnpm/vite@7.3.1_@types+node@25.2_a52f0677b877553bd4d89f99f5dd7425/node_modules/vite/dist/node/chunks/config.js:27177:32
 ❯ TransformPluginContext.transform node_modules/.pnpm/vite@7.3.1_@types+node@25.2_a52f0677b877553bd4d89f99f5dd7425/node_modules/vite/dist/node/chunks/config.js:27145:4
 ❯ EnvironmentPluginContainer.transform node_modules/.pnpm/vite@7.3.1_@types+node@25.2_a52f0677b877553bd4d89f99f5dd7425/node_modules/vite/dist/node/chunks/config.js:28797:14
 ❯ loadAndTransform node_modules/.pnpm/vite@7.3.1_@types+node@25.2_a52f0677b877553bd4d89f99f5dd7425/node_modules/vite/dist/node/chunks/config.js:22670:26

⎯⎯⎯⎯⎯⎯⎯⎯⎯⎯⎯⎯⎯⎯⎯⎯⎯⎯⎯⎯[200/204]⎯

 FAIL  tests/unit/shared/firestore/firestore-helpers.test.ts [ tests/unit/shared/firestore/firestore-helpers.test.ts ]
Error: Failed to resolve import "$lib/shared/auth/state/authState.svelte" from "tests/unit/shared/firestore/firestore-helpers.test.ts". Does the file exist?
  Plugin: vite:import-analysis
  File: E:/tka-platform/tests/unit/shared/firestore/firestore-helpers.test.ts:8:0
  3  |  }));
  4  |  const __vi_import_0__ = await import("../../../../src/lib/shared/firestore/firestore-helpers");
  5  |  const __vi_import_1__ = await import("$lib/shared/auth/state/authState.svelte");
     |                                       ^
  6  |  import { describe, it, expect, vi, beforeEach } from "vitest";
  7  |  
 ❯ TransformPluginContext._formatLog node_modules/.pnpm/vite@7.3.1_@types+node@25.2_a52f0677b877553bd4d89f99f5dd7425/node_modules/vite/dist/node/chunks/config.js:28999:43
 ❯ TransformPluginContext.error node_modules/.pnpm/vite@7.3.1_@types+node@25.2_a52f0677b877553bd4d89f99f5dd7425/node_modules/vite/dist/node/chunks/config.js:28996:14
 ❯ normalizeUrl node_modules/.pnpm/vite@7.3.1_@types+node@25.2_a52f0677b877553bd4d89f99f5dd7425/node_modules/vite/dist/node/chunks/config.js:27119:18
 ❯ node_modules/.pnpm/vite@7.3.1_@types+node@25.2_a52f0677b877553bd4d89f99f5dd7425/node_modules/vite/dist/node/chunks/config.js:27177:32
 ❯ TransformPluginContext.transform node_modules/.pnpm/vite@7.3.1_@types+node@25.2_a52f0677b877553bd4d89f99f5dd7425/node_modules/vite/dist/node/chunks/config.js:27145:4
 ❯ EnvironmentPluginContainer.transform node_modules/.pnpm/vite@7.3.1_@types+node@25.2_a52f0677b877553bd4d89f99f5dd7425/node_modules/vite/dist/node/chunks/config.js:28797:14
 ❯ loadAndTransform node_modules/.pnpm/vite@7.3.1_@types+node@25.2_a52f0677b877553bd4d89f99f5dd7425/node_modules/vite/dist/node/chunks/config.js:22670:26

⎯⎯⎯⎯⎯⎯⎯⎯⎯⎯⎯⎯⎯⎯⎯⎯⎯⎯⎯⎯[201/204]⎯

 FAIL  tests/unit/features/create/generate/loop-viability-service.test.ts [ tests/unit/features/create/generate/loop-viability-service.test.ts ]
Error: Failed to resolve import "$lib/features/create/generate/shared/services/loop-viability-service" from "tests/unit/features/create/generate/loop-viability-service.test.ts". Does the file exist?
  Plugin: vite:import-analysis
  File: E:/tka-platform/tests/unit/features/create/generate/loop-viability-service.test.ts:2:35
  1  |  import { describe, it, expect } from "vitest";
  2  |  import { checkLoopViability } from "$lib/features/create/generate/shared/services/loop-viability-service";
     |                                      ^
  3  |  import { LOOPType } from "$lib/shared/foundation/domain/models/generation/circular-models";
  4  |  describe("LoopViabilityService", () => {
 ❯ TransformPluginContext._formatLog node_modules/.pnpm/vite@7.3.1_@types+node@25.2_a52f0677b877553bd4d89f99f5dd7425/node_modules/vite/dist/node/chunks/config.js:28999:43
 ❯ TransformPluginContext.error node_modules/.pnpm/vite@7.3.1_@types+node@25.2_a52f0677b877553bd4d89f99f5dd7425/node_modules/vite/dist/node/chunks/config.js:28996:14
 ❯ normalizeUrl node_modules/.pnpm/vite@7.3.1_@types+node@25.2_a52f0677b877553bd4d89f99f5dd7425/node_modules/vite/dist/node/chunks/config.js:27119:18
 ❯ node_modules/.pnpm/vite@7.3.1_@types+node@25.2_a52f0677b877553bd4d89f99f5dd7425/node_modules/vite/dist/node/chunks/config.js:27177:32
 ❯ TransformPluginContext.transform node_modules/.pnpm/vite@7.3.1_@types+node@25.2_a52f0677b877553bd4d89f99f5dd7425/node_modules/vite/dist/node/chunks/config.js:27145:4
 ❯ EnvironmentPluginContainer.transform node_modules/.pnpm/vite@7.3.1_@types+node@25.2_a52f0677b877553bd4d89f99f5dd7425/node_modules/vite/dist/node/chunks/config.js:28797:14
 ❯ loadAndTransform node_modules/.pnpm/vite@7.3.1_@types+node@25.2_a52f0677b877553bd4d89f99f5dd7425/node_modules/vite/dist/node/chunks/config.js:22670:26

⎯⎯⎯⎯⎯⎯⎯⎯⎯⎯⎯⎯⎯⎯⎯⎯⎯⎯⎯⎯[202/204]⎯


⎯⎯⎯⎯⎯⎯⎯ Failed Tests 2 ⎯⎯⎯⎯⎯⎯⎯

 FAIL  tests/unit/scene-3d-render-state.test.ts > scene-3d-render-state > toggles blur independently of speedLines
DataCloneError: #<Object> could not be cloned.
 ❯ Object.capture src/lib/shared/3d/scene-features/state/scene-3d-render-state.svelte.ts:48:20
     46|   const sceneUndo = getSceneUndoManager();
     47|   sceneUndo.registerDomain("motion", {
     48|     capture: () => structuredClone(config),
       |                    ^
     49|     restore: (snapshot) => { config = structuredClone(snapshot); },
     50|   });
 ❯ SceneUndoManager.captureSnapshot src/lib/shared/3d/undo/SceneUndoManager.ts:271:62
 ❯ SceneUndoManager.captureState src/lib/shared/3d/undo/SceneUndoManager.ts:70:25
 ❯ Object.updateMotion src/lib/shared/3d/scene-features/state/scene-3d-render-state.svelte.ts:53:15
 ❯ tests/unit/scene-3d-render-state.test.ts:14:7

⎯⎯⎯⎯⎯⎯⎯⎯⎯⎯⎯⎯⎯⎯⎯⎯⎯⎯⎯⎯[203/204]⎯

 FAIL  tests/unit/scene-3d-render-state.test.ts > scene-3d-render-state > clamps intensity to [0, 1]
DataCloneError: #<Object> could not be cloned.
 ❯ Object.capture src/lib/shared/3d/scene-features/state/scene-3d-render-state.svelte.ts:48:20
     46|   const sceneUndo = getSceneUndoManager();
     47|   sceneUndo.registerDomain("motion", {
     48|     capture: () => structuredClone(config),
       |                    ^
     49|     restore: (snapshot) => { config = structuredClone(snapshot); },
     50|   });
 ❯ SceneUndoManager.captureSnapshot src/lib/shared/3d/undo/SceneUndoManager.ts:271:62
 ❯ SceneUndoManager.captureState src/lib/shared/3d/undo/SceneUndoManager.ts:70:25
 ❯ Object.updateMotion src/lib/shared/3d/scene-features/state/scene-3d-render-state.svelte.ts:53:15
 ❯ tests/unit/scene-3d-render-state.test.ts:25:7

⎯⎯⎯⎯⎯⎯⎯⎯⎯⎯⎯⎯⎯⎯⎯⎯⎯⎯⎯⎯[204/204]⎯


[2m Test Files [22m [1m[31m203 failed[39m[22m[2m | [22m[1m[32m22 passed[39m[22m[90m (225)[39m
[2m      Tests [22m [1m[31m2 failed[39m[22m[2m | [22m[1m[32m441 passed[39m[22m[90m (443)[39m
[2m   Start at [22m 15:22:50
[2m   Duration [22m 18.11s[2m (transform 17.04s, setup 51.77s, import 6.02s, tests 206ms, environment 310.32s)[22m

